Archive member included to satisfy reference by file (symbol)

/usr/lib/gcc/arm-none-eabi/9.2.0/../../../../arm-none-eabi/lib/thumb/v7e-m+fp/hard/libc_nano.a(lib_a-atexit.o)
                              /usr/lib/gcc/arm-none-eabi/9.2.0/../../../../arm-none-eabi/lib/thumb/v7e-m+fp/hard/crt0.o (atexit)
/usr/lib/gcc/arm-none-eabi/9.2.0/../../../../arm-none-eabi/lib/thumb/v7e-m+fp/hard/libc_nano.a(lib_a-ctype_.o)
                              _build/nrf52832_xxaa/nrf_log_str_formatter.c.o (_ctype_)
/usr/lib/gcc/arm-none-eabi/9.2.0/../../../../arm-none-eabi/lib/thumb/v7e-m+fp/hard/libc_nano.a(lib_a-exit.o)
                              /usr/lib/gcc/arm-none-eabi/9.2.0/../../../../arm-none-eabi/lib/thumb/v7e-m+fp/hard/crt0.o (exit)
/usr/lib/gcc/arm-none-eabi/9.2.0/../../../../arm-none-eabi/lib/thumb/v7e-m+fp/hard/libc_nano.a(lib_a-fini.o)
                              /usr/lib/gcc/arm-none-eabi/9.2.0/../../../../arm-none-eabi/lib/thumb/v7e-m+fp/hard/crt0.o (__libc_fini_array)
/usr/lib/gcc/arm-none-eabi/9.2.0/../../../../arm-none-eabi/lib/thumb/v7e-m+fp/hard/libc_nano.a(lib_a-impure.o)
                              /usr/lib/gcc/arm-none-eabi/9.2.0/../../../../arm-none-eabi/lib/thumb/v7e-m+fp/hard/libc_nano.a(lib_a-exit.o) (_global_impure_ptr)
/usr/lib/gcc/arm-none-eabi/9.2.0/../../../../arm-none-eabi/lib/thumb/v7e-m+fp/hard/libc_nano.a(lib_a-init.o)
                              /usr/lib/gcc/arm-none-eabi/9.2.0/../../../../arm-none-eabi/lib/thumb/v7e-m+fp/hard/crt0.o (__libc_init_array)
/usr/lib/gcc/arm-none-eabi/9.2.0/../../../../arm-none-eabi/lib/thumb/v7e-m+fp/hard/libc_nano.a(lib_a-memcmp.o)
                              _build/nrf52832_xxaa/ble_advdata.c.o (memcmp)
/usr/lib/gcc/arm-none-eabi/9.2.0/../../../../arm-none-eabi/lib/thumb/v7e-m+fp/hard/libc_nano.a(lib_a-memcpy-stub.o)
                              _build/nrf52832_xxaa/nrf_log_frontend.c.o (memcpy)
/usr/lib/gcc/arm-none-eabi/9.2.0/../../../../arm-none-eabi/lib/thumb/v7e-m+fp/hard/libc_nano.a(lib_a-memset.o)
                              /usr/lib/gcc/arm-none-eabi/9.2.0/../../../../arm-none-eabi/lib/thumb/v7e-m+fp/hard/crt0.o (memset)
/usr/lib/gcc/arm-none-eabi/9.2.0/../../../../arm-none-eabi/lib/thumb/v7e-m+fp/hard/libc_nano.a(lib_a-strcpy.o)
                              _build/nrf52832_xxaa/SEGGER_RTT.c.o (strcpy)
/usr/lib/gcc/arm-none-eabi/9.2.0/../../../../arm-none-eabi/lib/thumb/v7e-m+fp/hard/libc_nano.a(lib_a-strlen.o)
                              _build/nrf52832_xxaa/main.c.o (strlen)
/usr/lib/gcc/arm-none-eabi/9.2.0/../../../../arm-none-eabi/lib/thumb/v7e-m+fp/hard/libc_nano.a(lib_a-__atexit.o)
                              /usr/lib/gcc/arm-none-eabi/9.2.0/../../../../arm-none-eabi/lib/thumb/v7e-m+fp/hard/libc_nano.a(lib_a-atexit.o) (__register_exitproc)
/usr/lib/gcc/arm-none-eabi/9.2.0/../../../../arm-none-eabi/lib/thumb/v7e-m+fp/hard/libc_nano.a(lib_a-__call_atexit.o)
                              /usr/lib/gcc/arm-none-eabi/9.2.0/../../../../arm-none-eabi/lib/thumb/v7e-m+fp/hard/libc_nano.a(lib_a-__atexit.o) (__call_exitprocs)
/usr/lib/gcc/arm-none-eabi/9.2.0/../../../../arm-none-eabi/lib/thumb/v7e-m+fp/hard/libc_nano.a(lib_a-lock.o)
                              /usr/lib/gcc/arm-none-eabi/9.2.0/../../../../arm-none-eabi/lib/thumb/v7e-m+fp/hard/libc_nano.a(lib_a-__atexit.o) (__retarget_lock_acquire_recursive)
/usr/lib/gcc/arm-none-eabi/9.2.0/../../../../arm-none-eabi/lib/thumb/v7e-m+fp/hard/libnosys.a(_exit.o)
                              /usr/lib/gcc/arm-none-eabi/9.2.0/../../../../arm-none-eabi/lib/thumb/v7e-m+fp/hard/libc_nano.a(lib_a-exit.o) (_exit)

Allocating common symbols
Common symbol       size              file

nrf_nvic_state      0xc               _build/nrf52832_xxaa/app_util_platform.c.o
__lock___atexit_recursive_mutex
                    0x1               /usr/lib/gcc/arm-none-eabi/9.2.0/../../../../arm-none-eabi/lib/thumb/v7e-m+fp/hard/libc_nano.a(lib_a-lock.o)
__lock___arc4random_mutex
                    0x1               /usr/lib/gcc/arm-none-eabi/9.2.0/../../../../arm-none-eabi/lib/thumb/v7e-m+fp/hard/libc_nano.a(lib_a-lock.o)
nrf_drv_uart_use_easy_dma
                    0x1               _build/nrf52832_xxaa/nrf_drv_uart.c.o
__lock___env_recursive_mutex
                    0x1               /usr/lib/gcc/arm-none-eabi/9.2.0/../../../../arm-none-eabi/lib/thumb/v7e-m+fp/hard/libc_nano.a(lib_a-lock.o)
__lock___sinit_recursive_mutex
                    0x1               /usr/lib/gcc/arm-none-eabi/9.2.0/../../../../arm-none-eabi/lib/thumb/v7e-m+fp/hard/libc_nano.a(lib_a-lock.o)
__lock___malloc_recursive_mutex
                    0x1               /usr/lib/gcc/arm-none-eabi/9.2.0/../../../../arm-none-eabi/lib/thumb/v7e-m+fp/hard/libc_nano.a(lib_a-lock.o)
__lock___at_quick_exit_mutex
                    0x1               /usr/lib/gcc/arm-none-eabi/9.2.0/../../../../arm-none-eabi/lib/thumb/v7e-m+fp/hard/libc_nano.a(lib_a-lock.o)
_SEGGER_RTT         0x78              _build/nrf52832_xxaa/SEGGER_RTT.c.o
[...]
Memory Configuration

Name             Origin             Length             Attributes
FLASH            0x0000000000026000 0x000000000005a000 xr
RAM              0x00000000200022b8 0x000000000000dd48 xrw
*default*        0x0000000000000000 0xffffffffffffffff

Linker script and memory map


.text           0x0000000000026000     0x68c4
 *(.isr_vector)
 .isr_vector    0x0000000000026000      0x200 _build/nrf52832_xxaa/gcc_startup_nrf52.S.o
                0x0000000000026000                __isr_vector
 *(.text*)
 .text.__do_global_dtors_aux
                0x0000000000026200       0x24 /usr/lib/gcc/arm-none-eabi/9.2.0/thumb/v7e-m+fp/hard/crtbegin.o
 .text.frame_dummy
                0x0000000000026224       0x1c /usr/lib/gcc/arm-none-eabi/9.2.0/thumb/v7e-m+fp/hard/crtbegin.o
 .text          0x0000000000026240       0x68 /usr/lib/gcc/arm-none-eabi/9.2.0/../../../../arm-none-eabi/lib/thumb/v7e-m+fp/hard/crt0.o
                0x0000000000026240                _mainCRTStartup
                0x0000000000026240                _start
 .text.sd_ble_gap_adv_set_configure
                0x00000000000262a8        0x4 _build/nrf52832_xxaa/main.c.o
 .text.sd_ble_gap_adv_start
                0x00000000000262ac        0x4 _build/nrf52832_xxaa/main.c.o
 .text.sd_ble_gap_disconnect
                0x00000000000262b0        0x4 _build/nrf52832_xxaa/main.c.o
 .text.sd_ble_gap_ppcp_set
                0x00000000000262b4        0x4 _build/nrf52832_xxaa/main.c.o
 .text.sd_ble_gap_device_name_set
                0x00000000000262b8        0x4 _build/nrf52832_xxaa/main.c.o
 .text.sd_ble_gap_sec_params_reply
                0x00000000000262bc        0x4 _build/nrf52832_xxaa/main.c.o
 .text.sd_ble_gap_phy_update
                0x00000000000262c0        0x4 _build/nrf52832_xxaa/main.c.o
 .text.sd_ble_gatts_sys_attr_set
                0x00000000000262c4        0x4 _build/nrf52832_xxaa/main.c.o
 .text.nrf_qwr_error_handler
                0x00000000000262c8        0x4 _build/nrf52832_xxaa/main.c.o
 .text.on_conn_params_evt
                0x00000000000262cc       0x24 _build/nrf52832_xxaa/main.c.o
 .text.button_event_handler
                0x00000000000262f0       0x60 _build/nrf52832_xxaa/main.c.o
 .text.led_write_handler
                0x0000000000026350       0x44 _build/nrf52832_xxaa/main.c.o
 .text.conn_params_error_handler
                0x0000000000026394        0x4 _build/nrf52832_xxaa/main.c.o
 .text.ble_evt_handler
                0x0000000000026398      0x134 _build/nrf52832_xxaa/main.c.o
 .text.startup.main
                0x00000000000264cc      0x280 _build/nrf52832_xxaa/main.c.o
                0x00000000000264cc                main
 .text          0x000000000002674c       0x3c _build/nrf52832_xxaa/gcc_startup_nrf52.S.o
                0x000000000002674c                Reset_Handler
                0x0000000000026774                NMI_Handler
                0x0000000000026776                HardFault_Handler
                0x0000000000026778                MemoryManagement_Handler
                0x000000000002677a                BusFault_Handler
                0x000000000002677c                UsageFault_Handler
                0x000000000002677e                SVC_Handler
                0x0000000000026780                DebugMon_Handler
                0x0000000000026782                PendSV_Handler
                0x0000000000026784                SysTick_Handler
                0x0000000000026786                TIMER2_IRQHandler
                0x0000000000026786                RTC0_IRQHandler
                0x0000000000026786                PWM1_IRQHandler
                0x0000000000026786                RADIO_IRQHandler
                0x0000000000026786                PDM_IRQHandler
                0x0000000000026786                TEMP_IRQHandler
                0x0000000000026786                QDEC_IRQHandler
                0x0000000000026786                TIMER3_IRQHandler
                0x0000000000026786                FPU_IRQHandler
                0x0000000000026786                SPIM0_SPIS0_TWIM0_TWIS0_SPI0_TWI0_IRQHandler
                0x0000000000026786                TIMER4_IRQHandler
                0x0000000000026786                I2S_IRQHandler
                0x0000000000026786                SWI4_EGU4_IRQHandler
                0x0000000000026786                TIMER0_IRQHandler
                0x0000000000026786                TIMER1_IRQHandler
                0x0000000000026786                PWM2_IRQHandler
                0x0000000000026786                ECB_IRQHandler
                0x0000000000026786                SPIM1_SPIS1_TWIM1_TWIS1_SPI1_TWI1_IRQHandler
                0x0000000000026786                Default_Handler
                0x0000000000026786                SAADC_IRQHandler
                0x0000000000026786                CCM_AAR_IRQHandler
                0x0000000000026786                WDT_IRQHandler
                0x0000000000026786                SWI5_EGU5_IRQHandler
                0x0000000000026786                RNG_IRQHandler
                0x0000000000026786                RTC2_IRQHandler
                0x0000000000026786                PWM0_IRQHandler
                0x0000000000026786                SWI3_EGU3_IRQHandler
                0x0000000000026786                SWI1_EGU1_IRQHandler
                0x0000000000026786                SPIM2_SPIS2_SPI2_IRQHandler
                0x0000000000026786                NFCT_IRQHandler
                0x0000000000026786                MWU_IRQHandler
                0x0000000000026786                COMP_LPCOMP_IRQHandler
 .text.SystemInit
                0x0000000000026788      0x3b4 _build/nrf52832_xxaa/system_nrf52.c.o
                0x0000000000026788                SystemInit
 .text.nrf_log_backend_serial_put
                0x0000000000026b3c       0xd8 _build/nrf52832_xxaa/nrf_log_backend_serial.c.o
                0x0000000000026b3c                nrf_log_backend_serial_put
 .text.uart_evt_handler
                0x0000000000026c14        0xc _build/nrf52832_xxaa/nrf_log_backend_uart.c.o
 .text.nrf_log_backend_uart_flush
                0x0000000000026c20        0x4 _build/nrf52832_xxaa/nrf_log_backend_uart.c.o
 .text.nrf_log_backend_uart_put
                0x0000000000026c24       0x20 _build/nrf52832_xxaa/nrf_log_backend_uart.c.o
 .text.serial_tx
                0x0000000000026c44       0x4c _build/nrf52832_xxaa/nrf_log_backend_uart.c.o
 .text.nrf_log_backend_uart_panic_set
                0x0000000000026c90       0x64 _build/nrf52832_xxaa/nrf_log_backend_uart.c.o
 .text.nrf_log_backend_uart_init
                0x0000000000026cf4       0x4c _build/nrf52832_xxaa/nrf_log_backend_uart.c.o
                0x0000000000026cf4                nrf_log_backend_uart_init
 .text.nrf_log_default_backends_init
                0x0000000000026d40       0x20 _build/nrf52832_xxaa/nrf_log_default_backends.c.o
                0x0000000000026d40                nrf_log_default_backends_init
 .text.nrf_log_init
                0x0000000000026d60       0x40 _build/nrf52832_xxaa/nrf_log_frontend.c.o
                0x0000000000026d60                nrf_log_init
 .text.nrf_log_module_name_get
                0x0000000000026da0       0x48 _build/nrf52832_xxaa/nrf_log_frontend.c.o
                0x0000000000026da0                nrf_log_module_name_get
 .text.nrf_log_color_id_get
                0x0000000000026de8       0x2c _build/nrf52832_xxaa/nrf_log_frontend.c.o
                0x0000000000026de8                nrf_log_color_id_get
 .text.nrf_log_frontend_dequeue
                0x0000000000026e14      0x274 _build/nrf52832_xxaa/nrf_log_frontend.c.o
                0x0000000000026e14                nrf_log_frontend_dequeue
 .text.nrf_log_frontend_std_0
                0x0000000000027088      0x19c _build/nrf52832_xxaa/nrf_log_frontend.c.o
                0x0000000000027088                nrf_log_frontend_std_0
 .text.nrf_log_frontend_std_1
                0x0000000000027224      0x1ac _build/nrf52832_xxaa/nrf_log_frontend.c.o
                0x0000000000027224                nrf_log_frontend_std_1
 .text.nrf_log_frontend_std_2
                0x00000000000273d0      0x1bc _build/nrf52832_xxaa/nrf_log_frontend.c.o
                0x00000000000273d0                nrf_log_frontend_std_2
 .text.nrf_log_backend_add
                0x000000000002758c       0x5c _build/nrf52832_xxaa/nrf_log_frontend.c.o
                0x000000000002758c                nrf_log_backend_add
 .text.nrf_log_panic
                0x00000000000275e8       0x2c _build/nrf52832_xxaa/nrf_log_frontend.c.o
                0x00000000000275e8                nrf_log_panic
 .text.prefix_process
                0x0000000000027614       0x80 _build/nrf52832_xxaa/nrf_log_str_formatter.c.o
 .text.nrf_log_std_entry_process
                0x0000000000027694       0xf0 _build/nrf52832_xxaa/nrf_log_str_formatter.c.o
                0x0000000000027694                nrf_log_std_entry_process
 .text.nrf_log_hexdump_entry_process
                0x0000000000027784       0xfc _build/nrf52832_xxaa/nrf_log_str_formatter.c.o
                0x0000000000027784                nrf_log_hexdump_entry_process
 .text.detection_delay_timeout_handler
                0x0000000000027880      0x10c _build/nrf52832_xxaa/app_button.c.o
 .text.gpiote_event_handler
                0x000000000002798c       0xa0 _build/nrf52832_xxaa/app_button.c.o
 .text.app_button_init
                0x0000000000027a2c       0xb0 _build/nrf52832_xxaa/app_button.c.o
                0x0000000000027a2c                app_button_init
 .text.app_button_enable
                0x0000000000027adc       0x2c _build/nrf52832_xxaa/app_button.c.o
                0x0000000000027adc                app_button_enable
 .text.app_button_disable
                0x0000000000027b08       0x34 _build/nrf52832_xxaa/app_button.c.o
                0x0000000000027b08                app_button_disable
 .text.app_error_handler_bare
                0x0000000000027b3c       0x20 _build/nrf52832_xxaa/app_error.c.o
                0x0000000000027b3c                app_error_handler_bare
 .text.app_error_fault_handler
                0x0000000000027b5c       0x70 _build/nrf52832_xxaa/app_error_weak.c.o
                0x0000000000027b5c                app_error_fault_handler
 .text.RTC1_IRQHandler
                0x0000000000027bcc       0xa0 _build/nrf52832_xxaa/app_timer.c.o
                0x0000000000027bcc                RTC1_IRQHandler
 .text.SWI0_EGU0_IRQHandler
                0x0000000000027c6c      0x3cc _build/nrf52832_xxaa/app_timer.c.o
                0x0000000000027c6c                SWI0_EGU0_IRQHandler
 .text.app_timer_init
                0x0000000000028038       0xa8 _build/nrf52832_xxaa/app_timer.c.o
                0x0000000000028038                app_timer_init
 .text.app_timer_create
                0x00000000000280e0       0x24 _build/nrf52832_xxaa/app_timer.c.o
                0x00000000000280e0                app_timer_create
 .text.app_timer_start
                0x0000000000028104       0xb0 _build/nrf52832_xxaa/app_timer.c.o
                0x0000000000028104                app_timer_start
 .text.app_timer_stop
                0x00000000000281b4       0x74 _build/nrf52832_xxaa/app_timer.c.o
                0x00000000000281b4                app_timer_stop
 .text.app_util_critical_region_enter
                0x0000000000028228       0x4c _build/nrf52832_xxaa/app_util_platform.c.o
                0x0000000000028228                app_util_critical_region_enter
 .text.app_util_critical_region_exit
                0x0000000000028274       0x30 _build/nrf52832_xxaa/app_util_platform.c.o
                0x0000000000028274                app_util_critical_region_exit
 .text.nrf_atflags_set
                0x00000000000282a4       0x14 _build/nrf52832_xxaa/nrf_atflags.c.o
                0x00000000000282a4                nrf_atflags_set
 .text.nrf_atflags_clear
                0x00000000000282b8       0x14 _build/nrf52832_xxaa/nrf_atflags.c.o
                0x00000000000282b8                nrf_atflags_clear
 .text.nrf_atflags_get
                0x00000000000282cc       0x14 _build/nrf52832_xxaa/nrf_atflags.c.o
                0x00000000000282cc                nrf_atflags_get
 .text.nrf_atomic_u32_fetch_store
                0x00000000000282e0       0x1c _build/nrf52832_xxaa/nrf_atomic.c.o
                0x00000000000282e0                nrf_atomic_u32_fetch_store
 .text.nrf_atomic_u32_or
                0x00000000000282fc       0x1c _build/nrf52832_xxaa/nrf_atomic.c.o
                0x00000000000282fc                nrf_atomic_u32_or
 .text.nrf_atomic_u32_and
                0x0000000000028318       0x1c _build/nrf52832_xxaa/nrf_atomic.c.o
                0x0000000000028318                nrf_atomic_u32_and
 .text.nrf_atomic_u32_add
                0x0000000000028334       0x1c _build/nrf52832_xxaa/nrf_atomic.c.o
                0x0000000000028334                nrf_atomic_u32_add
 .text.nrf_atomic_u32_sub
                0x0000000000028350       0x1c _build/nrf52832_xxaa/nrf_atomic.c.o
                0x0000000000028350                nrf_atomic_u32_sub
 .text.nrf_atomic_flag_set
                0x000000000002836c       0x20 _build/nrf52832_xxaa/nrf_atomic.c.o
                0x000000000002836c                nrf_atomic_flag_set
 .text.nrf_atomic_flag_clear_fetch
                0x000000000002838c       0x20 _build/nrf52832_xxaa/nrf_atomic.c.o
                0x000000000002838c                nrf_atomic_flag_clear_fetch
 .text.nrf_balloc_init
                0x00000000000283ac       0x38 _build/nrf52832_xxaa/nrf_balloc.c.o
                0x00000000000283ac                nrf_balloc_init
 .text.nrf_balloc_alloc
                0x00000000000283e4       0x50 _build/nrf52832_xxaa/nrf_balloc.c.o
                0x00000000000283e4                nrf_balloc_alloc
 .text.nrf_balloc_free
                0x0000000000028434       0x38 _build/nrf52832_xxaa/nrf_balloc.c.o
                0x0000000000028434                nrf_balloc_free
 .text.nrf_fprintf_buffer_flush
                0x000000000002846c       0x18 _build/nrf52832_xxaa/nrf_fprintf.c.o
                0x000000000002846c                nrf_fprintf_buffer_flush
 .text.nrf_fprintf
                0x0000000000028484       0x20 _build/nrf52832_xxaa/nrf_fprintf.c.o
                0x0000000000028484                nrf_fprintf
 .text.unsigned_print
                0x00000000000284a4      0x170 _build/nrf52832_xxaa/nrf_fprintf_format.c.o
 .text.nrf_fprintf_fmt
                0x0000000000028614      0x66c _build/nrf52832_xxaa/nrf_fprintf_format.c.o
                0x0000000000028614                nrf_fprintf_fmt
 .text.nrf_memobj_pool_init
                0x0000000000028c80        0x4 _build/nrf52832_xxaa/nrf_memobj.c.o
                0x0000000000028c80                nrf_memobj_pool_init
 .text.nrf_memobj_alloc
                0x0000000000028c84       0x9c _build/nrf52832_xxaa/nrf_memobj.c.o
                0x0000000000028c84                nrf_memobj_alloc
 .text.nrf_memobj_get
                0x0000000000028d20        0x8 _build/nrf52832_xxaa/nrf_memobj.c.o
                0x0000000000028d20                nrf_memobj_get
 .text.nrf_memobj_put
                0x0000000000028d28       0x5c _build/nrf52832_xxaa/nrf_memobj.c.o
                0x0000000000028d28                nrf_memobj_put
 .text.nrf_memobj_write
                0x0000000000028d84       0x68 _build/nrf52832_xxaa/nrf_memobj.c.o
                0x0000000000028d84                nrf_memobj_write
 .text.nrf_memobj_read
                0x0000000000028dec       0x68 _build/nrf52832_xxaa/nrf_memobj.c.o
                0x0000000000028dec                nrf_memobj_read
 .text.sd_app_evt_wait
                0x0000000000028e54        0x4 _build/nrf52832_xxaa/nrf_pwr_mgmt.c.o
 .text.nrf_pwr_mgmt_init
                0x0000000000028e58       0x2c _build/nrf52832_xxaa/nrf_pwr_mgmt.c.o
                0x0000000000028e58                nrf_pwr_mgmt_init
 .text.nrf_pwr_mgmt_run
                0x0000000000028e84       0x54 _build/nrf52832_xxaa/nrf_pwr_mgmt.c.o
                0x0000000000028e84                nrf_pwr_mgmt_run
 .text.nrf_ringbuf_init
                0x0000000000028ed8       0x1c _build/nrf52832_xxaa/nrf_ringbuf.c.o
                0x0000000000028ed8                nrf_ringbuf_init
 .text.nrf_section_iter_init
                0x0000000000028ef4       0x14 _build/nrf52832_xxaa/nrf_section_iter.c.o
                0x0000000000028ef4                nrf_section_iter_init
 .text.nrf_section_iter_next
                0x0000000000028f08       0x18 _build/nrf52832_xxaa/nrf_section_iter.c.o
                0x0000000000028f08                nrf_section_iter_next
 .text.nrf_strerror_get
                0x0000000000028f20       0x50 _build/nrf52832_xxaa/nrf_strerror.c.o
                0x0000000000028f20                nrf_strerror_get
 .text.bsp_board_led_on
                0x0000000000028f70       0x18 _build/nrf52832_xxaa/boards.c.o
                0x0000000000028f70                bsp_board_led_on
 .text.bsp_board_led_off
                0x0000000000028f88       0x18 _build/nrf52832_xxaa/boards.c.o
                0x0000000000028f88                bsp_board_led_off
 .text.bsp_board_init
                0x0000000000028fa0       0x5c _build/nrf52832_xxaa/boards.c.o
                0x0000000000028fa0                bsp_board_init
 .text.clock_irq_handler
                0x0000000000028ffc       0x44 _build/nrf52832_xxaa/nrf_drv_clock.c.o
 .text.soc_evt_handler
                0x0000000000029040       0x28 _build/nrf52832_xxaa/nrf_drv_clock.c.o
 .text.sd_state_evt_handler
                0x0000000000029068       0xa8 _build/nrf52832_xxaa/nrf_drv_clock.c.o
 .text.uarte_evt_handler
                0x0000000000029110       0x34 _build/nrf52832_xxaa/nrf_drv_uart.c.o
 .text.uart_evt_handler
                0x0000000000029144       0x34 _build/nrf52832_xxaa/nrf_drv_uart.c.o
 .text.nrf_drv_uart_init
                0x0000000000029178       0x80 _build/nrf52832_xxaa/nrf_drv_uart.c.o
                0x0000000000029178                nrf_drv_uart_init
 .text.nrfx_clock_init
                0x00000000000291f8       0x18 _build/nrf52832_xxaa/nrfx_clock.c.o
                0x00000000000291f8                nrfx_clock_init
 .text.nrfx_clock_enable
                0x0000000000029210       0x24 _build/nrf52832_xxaa/nrfx_clock.c.o
                0x0000000000029210                nrfx_clock_enable
 .text.nrfx_clock_lfclk_stop
                0x0000000000029234       0x18 _build/nrf52832_xxaa/nrfx_clock.c.o
                0x0000000000029234                nrfx_clock_lfclk_stop
 .text.POWER_CLOCK_IRQHandler
                0x000000000002924c       0x6c _build/nrf52832_xxaa/nrfx_clock.c.o
                0x000000000002924c                POWER_CLOCK_IRQHandler
 .text.nrfx_gpiote_init
                0x00000000000292b8       0x94 _build/nrf52832_xxaa/nrfx_gpiote.c.o
                0x00000000000292b8                nrfx_gpiote_init
 .text.nrfx_gpiote_is_init
                0x000000000002934c       0x14 _build/nrf52832_xxaa/nrfx_gpiote.c.o
                0x000000000002934c                nrfx_gpiote_is_init
 .text.nrfx_gpiote_in_init
                0x0000000000029360      0x1c4 _build/nrf52832_xxaa/nrfx_gpiote.c.o
                0x0000000000029360                nrfx_gpiote_in_init
 .text.nrfx_gpiote_in_event_enable
                0x0000000000029524       0xbc _build/nrf52832_xxaa/nrfx_gpiote.c.o
                0x0000000000029524                nrfx_gpiote_in_event_enable
 .text.nrfx_gpiote_in_event_disable
                0x00000000000295e0       0x64 _build/nrf52832_xxaa/nrfx_gpiote.c.o
                0x00000000000295e0                nrfx_gpiote_in_event_disable
 .text.nrfx_gpiote_in_is_set
                0x0000000000029644       0x14 _build/nrf52832_xxaa/nrfx_gpiote.c.o
                0x0000000000029644                nrfx_gpiote_in_is_set
 .text.GPIOTE_IRQHandler
                0x0000000000029658      0x4ec _build/nrf52832_xxaa/nrfx_gpiote.c.o
                0x0000000000029658                GPIOTE_IRQHandler
 .text.UARTE0_UART0_IRQHandler
                0x0000000000029b44        0xc _build/nrf52832_xxaa/nrfx_prs.c.o
                0x0000000000029b44                UARTE0_UART0_IRQHandler
 .text.nrfx_prs_acquire
                0x0000000000029b50       0x50 _build/nrf52832_xxaa/nrfx_prs.c.o
                0x0000000000029b50                nrfx_prs_acquire
 .text.nrfx_prs_release
                0x0000000000029ba0       0x18 _build/nrf52832_xxaa/nrfx_prs.c.o
                0x0000000000029ba0                nrfx_prs_release
 .text.nrfx_uart_0_irq_handler
                0x0000000000029bb8      0x1c0 _build/nrf52832_xxaa/nrfx_uart.c.o
                0x0000000000029bb8                nrfx_uart_0_irq_handler
 .text.nrfx_uart_init
                0x0000000000029d78      0x198 _build/nrf52832_xxaa/nrfx_uart.c.o
                0x0000000000029d78                nrfx_uart_init
 .text.nrfx_uart_uninit
                0x0000000000029f10       0xcc _build/nrf52832_xxaa/nrfx_uart.c.o
                0x0000000000029f10                nrfx_uart_uninit
 .text.nrfx_uart_tx
                0x0000000000029fdc       0xd0 _build/nrf52832_xxaa/nrfx_uart.c.o
                0x0000000000029fdc                nrfx_uart_tx
 .text.nrfx_uarte_0_irq_handler
                0x000000000002a0ac      0x128 _build/nrf52832_xxaa/nrfx_uarte.c.o
                0x000000000002a0ac                nrfx_uarte_0_irq_handler
 .text.nrfx_uarte_init
                0x000000000002a1d4      0x1c0 _build/nrf52832_xxaa/nrfx_uarte.c.o
                0x000000000002a1d4                nrfx_uarte_init
 .text.nrfx_uarte_uninit
                0x000000000002a394       0xd4 _build/nrf52832_xxaa/nrfx_uarte.c.o
                0x000000000002a394                nrfx_uarte_uninit
 .text.nrfx_uarte_tx
                0x000000000002a468       0xa8 _build/nrf52832_xxaa/nrfx_uarte.c.o
                0x000000000002a468                nrfx_uarte_tx
 .text.sd_ble_gap_addr_get
                0x000000000002a510        0x4 _build/nrf52832_xxaa/ble_advdata.c.o
 .text.sd_ble_gap_appearance_get
                0x000000000002a514        0x4 _build/nrf52832_xxaa/ble_advdata.c.o
 .text.sd_ble_gap_device_name_get
                0x000000000002a518        0x4 _build/nrf52832_xxaa/ble_advdata.c.o
 .text.sd_ble_uuid_encode
                0x000000000002a51c        0x4 _build/nrf52832_xxaa/ble_advdata.c.o
 .text.uuid_list_sized_encode.isra.0
                0x000000000002a520       0xec _build/nrf52832_xxaa/ble_advdata.c.o
 .text.ble_advdata_encode
                0x000000000002a60c      0x408 _build/nrf52832_xxaa/ble_advdata.c.o
                0x000000000002a60c                ble_advdata_encode
 .text.sd_ble_gap_conn_param_update
                0x000000000002aa14        0x4 _build/nrf52832_xxaa/ble_conn_params.c.o
 .text.sd_ble_gap_disconnect
                0x000000000002aa18        0x4 _build/nrf52832_xxaa/ble_conn_params.c.o
 .text.sd_ble_gap_ppcp_set
                0x000000000002aa1c        0x4 _build/nrf52832_xxaa/ble_conn_params.c.o
 .text.sd_ble_gap_ppcp_get
                0x000000000002aa20        0x4 _build/nrf52832_xxaa/ble_conn_params.c.o
 .text.update_timeout_handler
                0x000000000002aa24       0x78 _build/nrf52832_xxaa/ble_conn_params.c.o
 .text.ble_evt_handler
                0x000000000002aa9c      0x1d4 _build/nrf52832_xxaa/ble_conn_params.c.o
 .text.ble_conn_params_init
                0x000000000002ac70       0x78 _build/nrf52832_xxaa/ble_conn_params.c.o
                0x000000000002ac70                ble_conn_params_init
 .text.ble_evt_handler
                0x000000000002ace8      0x124 _build/nrf52832_xxaa/ble_conn_state.c.o
 .text.sd_ble_gatts_characteristic_add
                0x000000000002ae0c        0x4 _build/nrf52832_xxaa/ble_srv_common.c.o
 .text.ble_srv_is_notification_enabled
                0x000000000002ae10        0x8 _build/nrf52832_xxaa/ble_srv_common.c.o
                0x000000000002ae10                ble_srv_is_notification_enabled
 .text.characteristic_add
                0x000000000002ae18      0x278 _build/nrf52832_xxaa/ble_srv_common.c.o
                0x000000000002ae18                characteristic_add
 .text.sd_ble_gap_data_length_update
                0x000000000002b090        0x4 _build/nrf52832_xxaa/nrf_ble_gatt.c.o
 .text.sd_ble_gattc_exchange_mtu_request
                0x000000000002b094        0x4 _build/nrf52832_xxaa/nrf_ble_gatt.c.o
 .text.sd_ble_gatts_exchange_mtu_reply
                0x000000000002b098        0x4 _build/nrf52832_xxaa/nrf_ble_gatt.c.o
 .text.data_length_update.constprop.0
                0x000000000002b09c       0x8c _build/nrf52832_xxaa/nrf_ble_gatt.c.o
 .text.nrf_ble_gatt_init
                0x000000000002b128       0x28 _build/nrf52832_xxaa/nrf_ble_gatt.c.o
                0x000000000002b128                nrf_ble_gatt_init
 .text.nrf_ble_gatt_on_ble_evt
                0x000000000002b150      0x1c8 _build/nrf52832_xxaa/nrf_ble_gatt.c.o
                0x000000000002b150                nrf_ble_gatt_on_ble_evt
 .text.sd_ble_gatts_rw_authorize_reply
                0x000000000002b318        0x4 _build/nrf52832_xxaa/nrf_ble_qwr.c.o
 .text.sd_ble_user_mem_reply
                0x000000000002b31c        0x4 _build/nrf52832_xxaa/nrf_ble_qwr.c.o
 .text.nrf_ble_qwr_init
                0x000000000002b320       0x24 _build/nrf52832_xxaa/nrf_ble_qwr.c.o
                0x000000000002b320                nrf_ble_qwr_init
 .text.nrf_ble_qwr_conn_handle_assign
                0x000000000002b344       0x18 _build/nrf52832_xxaa/nrf_ble_qwr.c.o
                0x000000000002b344                nrf_ble_qwr_conn_handle_assign
 .text.nrf_ble_qwr_on_ble_evt
                0x000000000002b35c       0xec _build/nrf52832_xxaa/nrf_ble_qwr.c.o
                0x000000000002b35c                nrf_ble_qwr_on_ble_evt
 .text.sd_ble_gatts_service_add
                0x000000000002b448        0x4 _build/nrf52832_xxaa/ble_lbs.c.o
 .text.sd_ble_gatts_hvx
                0x000000000002b44c        0x4 _build/nrf52832_xxaa/ble_lbs.c.o
 .text.sd_ble_uuid_vs_add
                0x000000000002b450        0x4 _build/nrf52832_xxaa/ble_lbs.c.o
 .text.ble_lbs_on_ble_evt
                0x000000000002b454       0x30 _build/nrf52832_xxaa/ble_lbs.c.o
                0x000000000002b454                ble_lbs_on_ble_evt
 .text.ble_lbs_init
                0x000000000002b484       0xd0 _build/nrf52832_xxaa/ble_lbs.c.o
                0x000000000002b484                ble_lbs_init
 .text.ble_lbs_on_button_change
                0x000000000002b554       0x40 _build/nrf52832_xxaa/ble_lbs.c.o
                0x000000000002b554                ble_lbs_on_button_change
 .text.sd_softdevice_enable
                0x000000000002b594        0x4 _build/nrf52832_xxaa/nrf_sdh.c.o
 .text.nrf_sdh_enable_request
                0x000000000002b598      0x118 _build/nrf52832_xxaa/nrf_sdh.c.o
                0x000000000002b598                nrf_sdh_enable_request
 .text.nrf_sdh_is_enabled
                0x000000000002b6b0        0xc _build/nrf52832_xxaa/nrf_sdh.c.o
                0x000000000002b6b0                nrf_sdh_is_enabled
 .text.SWI2_EGU2_IRQHandler
                0x000000000002b6bc       0x2c _build/nrf52832_xxaa/nrf_sdh.c.o
                0x000000000002b6bc                SWI2_EGU2_IRQHandler
 .text.sd_ble_enable
                0x000000000002b6e8        0x4 _build/nrf52832_xxaa/nrf_sdh_ble.c.o
 .text.sd_ble_cfg_set
                0x000000000002b6ec        0x4 _build/nrf52832_xxaa/nrf_sdh_ble.c.o
 .text.sd_ble_evt_get
                0x000000000002b6f0        0x4 _build/nrf52832_xxaa/nrf_sdh_ble.c.o
 .text.nrf_sdh_ble_evts_poll
                0x000000000002b6f4       0x5c _build/nrf52832_xxaa/nrf_sdh_ble.c.o
 .text.nrf_sdh_ble_default_cfg_set
                0x000000000002b750      0x17c _build/nrf52832_xxaa/nrf_sdh_ble.c.o
                0x000000000002b750                nrf_sdh_ble_default_cfg_set
 .text.nrf_sdh_ble_enable
                0x000000000002b8cc       0xa0 _build/nrf52832_xxaa/nrf_sdh_ble.c.o
                0x000000000002b8cc                nrf_sdh_ble_enable
 .text.sd_evt_get
                0x000000000002b96c        0x4 _build/nrf52832_xxaa/nrf_sdh_soc.c.o
 .text.nrf_sdh_soc_evts_poll
                0x000000000002b970       0x4c _build/nrf52832_xxaa/nrf_sdh_soc.c.o
 .text.atexit   0x000000000002b9bc        0xc /usr/lib/gcc/arm-none-eabi/9.2.0/../../../../arm-none-eabi/lib/thumb/v7e-m+fp/hard/libc_nano.a(lib_a-atexit.o)
                0x000000000002b9bc                atexit
 .text.exit     0x000000000002b9c8       0x28 /usr/lib/gcc/arm-none-eabi/9.2.0/../../../../arm-none-eabi/lib/thumb/v7e-m+fp/hard/libc_nano.a(lib_a-exit.o)
                0x000000000002b9c8                exit
 .text.__libc_fini_array
                0x000000000002b9f0       0x28 /usr/lib/gcc/arm-none-eabi/9.2.0/../../../../arm-none-eabi/lib/thumb/v7e-m+fp/hard/libc_nano.a(lib_a-fini.o)
                0x000000000002b9f0                __libc_fini_array
 .text.__libc_init_array
                0x000000000002ba18       0x48 /usr/lib/gcc/arm-none-eabi/9.2.0/../../../../arm-none-eabi/lib/thumb/v7e-m+fp/hard/libc_nano.a(lib_a-init.o)
                0x000000000002ba18                __libc_init_array
 .text.memcpy   0x000000000002ba60       0x1c /usr/lib/gcc/arm-none-eabi/9.2.0/../../../../arm-none-eabi/lib/thumb/v7e-m+fp/hard/libc_nano.a(lib_a-memcpy-stub.o)
                0x000000000002ba60                memcpy
 .text.memset   0x000000000002ba7c       0x10 /usr/lib/gcc/arm-none-eabi/9.2.0/../../../../arm-none-eabi/lib/thumb/v7e-m+fp/hard/libc_nano.a(lib_a-memset.o)
                0x000000000002ba7c                memset
 .text          0x000000000002ba8c       0x10 /usr/lib/gcc/arm-none-eabi/9.2.0/../../../../arm-none-eabi/lib/thumb/v7e-m+fp/hard/libc_nano.a(lib_a-strlen.o)
                0x000000000002ba8c                strlen
 .text.__register_exitproc
                0x000000000002ba9c       0xc4 /usr/lib/gcc/arm-none-eabi/9.2.0/../../../../arm-none-eabi/lib/thumb/v7e-m+fp/hard/libc_nano.a(lib_a-__atexit.o)
                0x000000000002ba9c                __register_exitproc
 .text.__call_exitprocs
                0x000000000002bb60       0xbc /usr/lib/gcc/arm-none-eabi/9.2.0/../../../../arm-none-eabi/lib/thumb/v7e-m+fp/hard/libc_nano.a(lib_a-__call_atexit.o)
                0x000000000002bb60                __call_exitprocs
 .text.__retarget_lock_acquire_recursive
                0x000000000002bc1c        0x2 /usr/lib/gcc/arm-none-eabi/9.2.0/../../../../arm-none-eabi/lib/thumb/v7e-m+fp/hard/libc_nano.a(lib_a-lock.o)
                0x000000000002bc1c                __retarget_lock_acquire_recursive
 .text.__retarget_lock_release
                0x000000000002bc1e        0x2 /usr/lib/gcc/arm-none-eabi/9.2.0/../../../../arm-none-eabi/lib/thumb/v7e-m+fp/hard/libc_nano.a(lib_a-lock.o)
                0x000000000002bc1e                __retarget_lock_release
 .text.__retarget_lock_release_recursive
                0x000000000002bc20        0x2 /usr/lib/gcc/arm-none-eabi/9.2.0/../../../../arm-none-eabi/lib/thumb/v7e-m+fp/hard/libc_nano.a(lib_a-lock.o)
                0x000000000002bc20                __retarget_lock_release_recursive
 *fill*         0x000000000002bc22        0x2 
 .text._exit    0x000000000002bc24        0x4 /usr/lib/gcc/arm-none-eabi/9.2.0/../../../../arm-none-eabi/lib/thumb/v7e-m+fp/hard/libnosys.a(_exit.o)
                0x000000000002bc24                _exit
 *(.init)
 .init          0x000000000002bc28        0x4 /usr/lib/gcc/arm-none-eabi/9.2.0/thumb/v7e-m+fp/hard/crti.o
                0x000000000002bc28                _init
 .init          0x000000000002bc2c        0x8 /usr/lib/gcc/arm-none-eabi/9.2.0/thumb/v7e-m+fp/hard/crtn.o
 *(.fini)
 .fini          0x000000000002bc34        0x4 /usr/lib/gcc/arm-none-eabi/9.2.0/thumb/v7e-m+fp/hard/crti.o
                0x000000000002bc34                _fini
 .fini          0x000000000002bc38        0x8 /usr/lib/gcc/arm-none-eabi/9.2.0/thumb/v7e-m+fp/hard/crtn.o
 *crtbegin.o(.ctors)
 *crtbegin?.o(.ctors)
 *(EXCLUDE_FILE(*crtend.o *crtend?.o) .ctors)
 *(SORT_BY_NAME(.ctors.*))
 *(.ctors)
 *crtbegin.o(.dtors)
 *crtbegin?.o(.dtors)
 *(EXCLUDE_FILE(*crtend.o *crtend?.o) .dtors)
 *(SORT_BY_NAME(.dtors.*))
 *(.dtors)
 *(.rodata*)
 .rodata.button_event_handler.str1.4
                0x000000000002bc40       0x1a _build/nrf52832_xxaa/main.c.o
 *fill*         0x000000000002bc5a        0x2 
 .rodata.led_write_handler.str1.4
                0x000000000002bc5c       0x26 _build/nrf52832_xxaa/main.c.o
 *fill*         0x000000000002bc82        0x2 
 .rodata.ble_evt_handler.str1.4
                0x000000000002bc84       0x19 _build/nrf52832_xxaa/main.c.o
 *fill*         0x000000000002bc9d        0x3 
 .rodata.main.str1.4
                0x000000000002bca0       0x28 _build/nrf52832_xxaa/main.c.o
 .rodata        0x000000000002bcc8       0x20 _build/nrf52832_xxaa/nrf_log_backend_uart.c.o
 .rodata.nrf_log_backend_uart_api
                0x000000000002bce8        0xc _build/nrf52832_xxaa/nrf_log_backend_uart.c.o
                0x000000000002bce8                nrf_log_backend_uart_api
 .rodata.str1.4
                0x000000000002bcf4       0x11 _build/nrf52832_xxaa/nrf_log_default_backends.c.o
 *fill*         0x000000000002bd05        0x3 
 .rodata.nrf_log_frontend_dequeue.str1.4
                0x000000000002bd08       0x11 _build/nrf52832_xxaa/nrf_log_frontend.c.o
 *fill*         0x000000000002bd19        0x3 
 .rodata.str1.4
                0x000000000002bd1c        0x4 _build/nrf52832_xxaa/nrf_log_frontend.c.o
 .rodata.m_log_push_ringbuf
                0x000000000002bd20        0xc _build/nrf52832_xxaa/nrf_log_frontend.c.o
 .rodata.prefix_process.str1.4
                0x000000000002bd2c       0x36 _build/nrf52832_xxaa/nrf_log_str_formatter.c.o
 *fill*         0x000000000002bd62        0x2 
 .rodata.nrf_log_std_entry_process.str1.4
                0x000000000002bd64        0x3 _build/nrf52832_xxaa/nrf_log_str_formatter.c.o
 *fill*         0x000000000002bd67        0x1 
 .rodata.nrf_log_hexdump_entry_process.str1.4
                0x000000000002bd68       0x13 _build/nrf52832_xxaa/nrf_log_str_formatter.c.o
                                         0x16 (size before relaxing)
 *fill*         0x000000000002bd7b        0x1 
 .rodata.str1.4
                0x000000000002bd7c       0x56 _build/nrf52832_xxaa/nrf_log_str_formatter.c.o
 *fill*         0x000000000002bdd2        0x2 
 .rodata.m_colors
                0x000000000002bdd4       0x24 _build/nrf52832_xxaa/nrf_log_str_formatter.c.o
 .rodata.severity_names
                0x000000000002bdf8       0x14 _build/nrf52832_xxaa/nrf_log_str_formatter.c.o
 .rodata.m_detection_delay_timer_id
                0x000000000002be0c        0x4 _build/nrf52832_xxaa/app_button.c.o
 .rodata.app_error_fault_handler.str1.4
                0x000000000002be10       0x19 _build/nrf52832_xxaa/app_error_weak.c.o
 *fill*         0x000000000002be29        0x7 
 .rodata.delay_machine_code.8855
                0x000000000002be30        0x6 _build/nrf52832_xxaa/app_timer.c.o
 *fill*         0x000000000002be36        0x2 
 .rodata._aV2C.7553
                0x000000000002be38       0x10 _build/nrf52832_xxaa/nrf_fprintf_format.c.o
 .rodata.str1.4
                0x000000000002be48        0x9 _build/nrf52832_xxaa/nrf_pwr_mgmt.c.o
 *fill*         0x000000000002be51        0x3 
 .rodata.pwr_mgmt_data
                0x000000000002be54        0xc _build/nrf52832_xxaa/nrf_pwr_mgmt.c.o
 .rodata.str1.4
                0x000000000002be60      0x3e9 _build/nrf52832_xxaa/nrf_strerror.c.o
 *fill*         0x000000000002c249        0x3 
 .rodata.m_unknown_str
                0x000000000002c24c       0x13 _build/nrf52832_xxaa/nrf_strerror.c.o
 *fill*         0x000000000002c25f        0x1 
 .rodata.nrf_strerror_array
                0x000000000002c260      0x128 _build/nrf52832_xxaa/nrf_strerror.c.o
 .rodata.m_board_led_list
                0x000000000002c388        0x4 _build/nrf52832_xxaa/boards.c.o
 .rodata.str1.4
                0x000000000002c38c        0x6 _build/nrf52832_xxaa/nrf_drv_clock.c.o
 *fill*         0x000000000002c392        0x2 
 .rodata.str1.4
                0x000000000002c394        0x6 _build/nrf52832_xxaa/nrfx_clock.c.o
 *fill*         0x000000000002c39a        0x2 
 .rodata.str1.4
                0x000000000002c39c        0x7 _build/nrf52832_xxaa/nrfx_gpiote.c.o
 *fill*         0x000000000002c3a3        0x1 
 .rodata.str1.4
                0x000000000002c3a4        0x4 _build/nrf52832_xxaa/nrfx_prs.c.o
 .rodata.str1.4
                0x000000000002c3a8        0x5 _build/nrf52832_xxaa/nrfx_uart.c.o
 *fill*         0x000000000002c3ad        0x3 
 .rodata.str1.4
                0x000000000002c3b0        0x6 _build/nrf52832_xxaa/nrfx_uarte.c.o
 *fill*         0x000000000002c3b6        0x2 
 .rodata.data_length_update.constprop.0.str1.4
                0x000000000002c3b8       0xe2 _build/nrf52832_xxaa/nrf_ble_gatt.c.o
 *fill*         0x000000000002c49a        0x2 
 .rodata.nrf_ble_gatt_on_ble_evt.str1.4
                0x000000000002c49c       0x63 _build/nrf52832_xxaa/nrf_ble_gatt.c.o
 *fill*         0x000000000002c4ff        0x1 
 .rodata.str1.4
                0x000000000002c500        0xd _build/nrf52832_xxaa/nrf_ble_gatt.c.o
 *fill*         0x000000000002c50d        0x3 
 .rodata        0x000000000002c510       0x10 _build/nrf52832_xxaa/ble_lbs.c.o
 .rodata.str1.4
                0x000000000002c520        0x8 _build/nrf52832_xxaa/nrf_sdh.c.o
 .rodata        0x000000000002c528        0x4 _build/nrf52832_xxaa/nrf_sdh.c.o
 .rodata.sdh_req_observers
                0x000000000002c52c        0xc _build/nrf52832_xxaa/nrf_sdh.c.o
 .rodata.sdh_stack_observers
                0x000000000002c538        0xc _build/nrf52832_xxaa/nrf_sdh.c.o
 .rodata.sdh_state_observers
                0x000000000002c544        0xc _build/nrf52832_xxaa/nrf_sdh.c.o
 .rodata.nrf_sdh_ble_default_cfg_set.str1.4
                0x000000000002c550      0x187 _build/nrf52832_xxaa/nrf_sdh_ble.c.o
 *fill*         0x000000000002c6d7        0x1 
 .rodata.nrf_sdh_ble_enable.str1.4
                0x000000000002c6d8       0xad _build/nrf52832_xxaa/nrf_sdh_ble.c.o
 *fill*         0x000000000002c785        0x3 
 .rodata.str1.4
                0x000000000002c788        0xc _build/nrf52832_xxaa/nrf_sdh_ble.c.o
 .rodata.sdh_ble_observers
                0x000000000002c794        0xc _build/nrf52832_xxaa/nrf_sdh_ble.c.o
 .rodata.str1.4
                0x000000000002c7a0        0xc _build/nrf52832_xxaa/nrf_sdh_soc.c.o
 .rodata.sdh_soc_observers
                0x000000000002c7ac        0xc _build/nrf52832_xxaa/nrf_sdh_soc.c.o
 .rodata._ctype_
                0x000000000002c7b8      0x101 /usr/lib/gcc/arm-none-eabi/9.2.0/../../../../arm-none-eabi/lib/thumb/v7e-m+fp/hard/libc_nano.a(lib_a-ctype_.o)
                0x000000000002c7b8                _ctype_
 *fill*         0x000000000002c8b9        0x3 
 .rodata._global_impure_ptr
                0x000000000002c8bc        0x4 /usr/lib/gcc/arm-none-eabi/9.2.0/../../../../arm-none-eabi/lib/thumb/v7e-m+fp/hard/libc_nano.a(lib_a-impure.o)
                0x000000000002c8bc                _global_impure_ptr
 *(.eh_frame*)
 .eh_frame      0x000000000002c8c0        0x0 /usr/lib/gcc/arm-none-eabi/9.2.0/thumb/v7e-m+fp/hard/crtbegin.o
 .eh_frame      0x000000000002c8c0        0x4 /usr/lib/gcc/arm-none-eabi/9.2.0/thumb/v7e-m+fp/hard/crtend.o

.glue_7         0x000000000002c8c4        0x0
 .glue_7        0x000000000002c8c4        0x0 linker stubs

.glue_7t        0x000000000002c8c4        0x0
 .glue_7t       0x000000000002c8c4        0x0 linker stubs

.vfp11_veneer   0x000000000002c8c4        0x0
 .vfp11_veneer  0x000000000002c8c4        0x0 linker stubs

.v4_bx          0x000000000002c8c4        0x0
 .v4_bx         0x000000000002c8c4        0x0 linker stubs

.iplt           0x000000000002c8c4        0x0
 .iplt          0x000000000002c8c4        0x0 /usr/lib/gcc/arm-none-eabi/9.2.0/thumb/v7e-m+fp/hard/crtbegin.o

.mem_section_dummy_rom

.sdh_soc_observers
                0x000000000002c8c4        0x8
                0x000000000002c8c4                PROVIDE (__start_sdh_soc_observers = .)
 *(SORT_BY_NAME(.sdh_soc_observers*))
 .sdh_soc_observers0
                0x000000000002c8c4        0x8 _build/nrf52832_xxaa/nrf_drv_clock.c.o
                0x000000000002c8cc                PROVIDE (__stop_sdh_soc_observers = .)

.pwr_mgmt_data  0x000000000002c8cc        0x0
                0x000000000002c8cc                PROVIDE (__start_pwr_mgmt_data = .)
 *(SORT_BY_NAME(.pwr_mgmt_data*))
                0x000000000002c8cc                PROVIDE (__stop_pwr_mgmt_data = .)

.sdh_ble_observers
                0x000000000002c8cc       0x30
                0x000000000002c8cc                PROVIDE (__start_sdh_ble_observers = .)
 *(SORT_BY_NAME(.sdh_ble_observers*))
 .sdh_ble_observers0
                0x000000000002c8cc        0x8 _build/nrf52832_xxaa/ble_conn_state.c.o
 .sdh_ble_observers1
                0x000000000002c8d4        0x8 _build/nrf52832_xxaa/main.c.o
 .sdh_ble_observers1
                0x000000000002c8dc        0x8 _build/nrf52832_xxaa/ble_conn_params.c.o
 .sdh_ble_observers2
                0x000000000002c8e4       0x10 _build/nrf52832_xxaa/main.c.o
 .sdh_ble_observers3
                0x000000000002c8f4        0x8 _build/nrf52832_xxaa/main.c.o
                0x000000000002c8fc                PROVIDE (__stop_sdh_ble_observers = .)

.sdh_req_observers
                0x000000000002c8fc        0x0
                0x000000000002c8fc                PROVIDE (__start_sdh_req_observers = .)
 *(SORT_BY_NAME(.sdh_req_observers*))
                0x000000000002c8fc                PROVIDE (__stop_sdh_req_observers = .)

.sdh_state_observers
                0x000000000002c8fc        0x8
                0x000000000002c8fc                PROVIDE (__start_sdh_state_observers = .)
 *(SORT_BY_NAME(.sdh_state_observers*))
 .sdh_state_observers0
                0x000000000002c8fc        0x8 _build/nrf52832_xxaa/nrf_drv_clock.c.o
                0x000000000002c904                PROVIDE (__stop_sdh_state_observers = .)

.sdh_stack_observers
                0x000000000002c904       0x10
                0x000000000002c904                PROVIDE (__start_sdh_stack_observers = .)
 *(SORT_BY_NAME(.sdh_stack_observers*))
 .sdh_stack_observers0
                0x000000000002c904        0x8 _build/nrf52832_xxaa/nrf_sdh_ble.c.o
 .sdh_stack_observers0
                0x000000000002c90c        0x8 _build/nrf52832_xxaa/nrf_sdh_soc.c.o
                0x000000000002c914                PROVIDE (__stop_sdh_stack_observers = .)

.nrf_queue      0x000000000002c914        0x0
                [!provide]                        PROVIDE (__start_nrf_queue = .)
 *(.nrf_queue)
                [!provide]                        PROVIDE (__stop_nrf_queue = .)

.nrf_balloc     0x000000000002c914       0x14
                [!provide]                        PROVIDE (__start_nrf_balloc = .)
 *(.nrf_balloc)
 .nrf_balloc    0x000000000002c914       0x14 _build/nrf52832_xxaa/nrf_log_frontend.c.o
                0x000000000002c914                log_mempool
                [!provide]                        PROVIDE (__stop_nrf_balloc = .)

.cli_command    0x000000000002c928        0x0
                [!provide]                        PROVIDE (__start_cli_command = .)
 *(.cli_command)
                [!provide]                        PROVIDE (__stop_cli_command = .)

.crypto_data    0x000000000002c928        0x0
                [!provide]                        PROVIDE (__start_crypto_data = .)
 *(SORT_BY_NAME(.crypto_data*))
                [!provide]                        PROVIDE (__stop_crypto_data = .)

.log_const_data
                0x000000000002c928       0x60
                0x000000000002c928                PROVIDE (__start_log_const_data = .)
 *(SORT_BY_NAME(.log_const_data*))
 .log_const_data_CLOCK
                0x000000000002c928        0x8 _build/nrf52832_xxaa/nrfx_clock.c.o
                0x000000000002c928                m_nrf_log_CLOCK_logs_data_const
 .log_const_data_GPIOTE
                0x000000000002c930        0x8 _build/nrf52832_xxaa/nrfx_gpiote.c.o
                0x000000000002c930                m_nrf_log_GPIOTE_logs_data_const
 .log_const_data_PRS
                0x000000000002c938        0x8 _build/nrf52832_xxaa/nrfx_prs.c.o
                0x000000000002c938                m_nrf_log_PRS_logs_data_const
 .log_const_data_UART
                0x000000000002c940        0x8 _build/nrf52832_xxaa/nrfx_uart.c.o
                0x000000000002c940                m_nrf_log_UART_logs_data_const
 .log_const_data_UARTE
                0x000000000002c948        0x8 _build/nrf52832_xxaa/nrfx_uarte.c.o
                0x000000000002c948                m_nrf_log_UARTE_logs_data_const
 .log_const_data_app
                0x000000000002c950        0x8 _build/nrf52832_xxaa/nrf_log_frontend.c.o
                0x000000000002c950                m_nrf_log_app_logs_data_const
 .log_const_data_clock
                0x000000000002c958        0x8 _build/nrf52832_xxaa/nrf_drv_clock.c.o
                0x000000000002c958                m_nrf_log_clock_logs_data_const
 .log_const_data_nrf_ble_gatt
                0x000000000002c960        0x8 _build/nrf52832_xxaa/nrf_ble_gatt.c.o
                0x000000000002c960                m_nrf_log_nrf_ble_gatt_logs_data_const
 .log_const_data_nrf_sdh
                0x000000000002c968        0x8 _build/nrf52832_xxaa/nrf_sdh.c.o
                0x000000000002c968                m_nrf_log_nrf_sdh_logs_data_const
 .log_const_data_nrf_sdh_ble
                0x000000000002c970        0x8 _build/nrf52832_xxaa/nrf_sdh_ble.c.o
                0x000000000002c970                m_nrf_log_nrf_sdh_ble_logs_data_const
 .log_const_data_nrf_sdh_soc
                0x000000000002c978        0x8 _build/nrf52832_xxaa/nrf_sdh_soc.c.o
                0x000000000002c978                m_nrf_log_nrf_sdh_soc_logs_data_const
 .log_const_data_pwr_mgmt
                0x000000000002c980        0x8 _build/nrf52832_xxaa/nrf_pwr_mgmt.c.o
                0x000000000002c980                m_nrf_log_pwr_mgmt_logs_data_const
                0x000000000002c988                PROVIDE (__stop_log_const_data = .)

.log_backends   0x000000000002c988       0x10
                [!provide]                        PROVIDE (__start_log_backends = .)
 *(SORT_BY_NAME(.log_backends*))
 .log_backends  0x000000000002c988       0x10 _build/nrf52832_xxaa/nrf_log_default_backends.c.o
                [!provide]                        PROVIDE (__stop_log_backends = .)

.ARM.extab
 *(.ARM.extab* .gnu.linkonce.armextab.*)
                0x000000000002c998                __exidx_start = .

.ARM.exidx      0x000000000002c998        0x8
 *(.ARM.exidx* .gnu.linkonce.armexidx.*)
 .ARM.exidx     0x000000000002c998        0x8 /usr/lib/gcc/arm-none-eabi/9.2.0/../../../../arm-none-eabi/lib/thumb/v7e-m+fp/hard/crt0.o
                0x000000000002c9a0                __exidx_end = .
                0x000000000002c9a0                __etext = .

.rel.dyn        0x000000000002c9a0        0x0
 .rel.iplt      0x000000000002c9a0        0x0 /usr/lib/gcc/arm-none-eabi/9.2.0/thumb/v7e-m+fp/hard/crtbegin.o

.data           0x00000000200022b8       0xa8 load address 0x000000000002c9a0
                0x00000000200022b8                __data_start__ = .
 *(vtable)
 *(.data*)
 .data.buttons.11682
                0x00000000200022b8        0x8 _build/nrf52832_xxaa/main.c.o
 .data.m_adv_data
                0x00000000200022c0       0x10 _build/nrf52832_xxaa/main.c.o
 .data.m_adv_handle
                0x00000000200022d0        0x1 _build/nrf52832_xxaa/main.c.o
 *fill*         0x00000000200022d1        0x1 
 .data.m_conn_handle
                0x00000000200022d2        0x2 _build/nrf52832_xxaa/main.c.o
 .data.SystemCoreClock
                0x00000000200022d4        0x4 _build/nrf52832_xxaa/system_nrf52.c.o
                0x00000000200022d4                SystemCoreClock
 .data.m_uart   0x00000000200022d8       0x14 _build/nrf52832_xxaa/nrf_log_backend_uart.c.o
                0x00000000200022d8                m_uart
 .data.log_backend_cb_uart_log_backend
                0x00000000200022ec        0x8 _build/nrf52832_xxaa/nrf_log_default_backends.c.o
 .data.impure_data
                0x00000000200022f4       0x60 /usr/lib/gcc/arm-none-eabi/9.2.0/../../../../arm-none-eabi/lib/thumb/v7e-m+fp/hard/libc_nano.a(lib_a-impure.o)
 .data.__atexit_recursive_mutex
                0x0000000020002354        0x4 /usr/lib/gcc/arm-none-eabi/9.2.0/../../../../arm-none-eabi/lib/thumb/v7e-m+fp/hard/libc_nano.a(lib_a-__call_atexit.o)
                0x0000000020002354                __atexit_recursive_mutex
                0x0000000020002358                . = ALIGN (0x4)
                0x0000000020002358                PROVIDE (__preinit_array_start = .)
 *(.preinit_array)
                0x0000000020002358                PROVIDE (__preinit_array_end = .)
                0x0000000020002358                . = ALIGN (0x4)
                0x0000000020002358                PROVIDE (__init_array_start = .)
 *(SORT_BY_NAME(.init_array.*))
 *(.init_array)
 .init_array    0x0000000020002358        0x4 /usr/lib/gcc/arm-none-eabi/9.2.0/thumb/v7e-m+fp/hard/crtbegin.o
                0x000000002000235c                PROVIDE (__init_array_end = .)
                0x000000002000235c                . = ALIGN (0x4)
                0x000000002000235c                PROVIDE (__fini_array_start = .)
 *(SORT_BY_NAME(.fini_array.*))
 *(.fini_array)
 .fini_array    0x000000002000235c        0x4 /usr/lib/gcc/arm-none-eabi/9.2.0/thumb/v7e-m+fp/hard/crtbegin.o
                0x0000000020002360                PROVIDE (__fini_array_end = .)
 *(.jcr*)
                0x0000000020002360                . = ALIGN (0x4)
                0x0000000020002360                __data_end__ = .
LOAD /usr/lib/gcc/arm-none-eabi/9.2.0/thumb/v7e-m+fp/hard/crti.o
LOAD /usr/lib/gcc/arm-none-eabi/9.2.0/thumb/v7e-m+fp/hard/crtbegin.o
LOAD /usr/lib/gcc/arm-none-eabi/9.2.0/../../../../arm-none-eabi/lib/thumb/v7e-m+fp/hard/crt0.o
LOAD _build/nrf52832_xxaa/main.c.o
LOAD _build/nrf52832_xxaa/oled.c.o
LOAD _build/nrf52832_xxaa/beep.c.o
LOAD _build/nrf52832_xxaa/led.c.o
LOAD _build/nrf52832_xxaa/key.c.o
LOAD _build/nrf52832_xxaa/gcc_startup_nrf52.S.o
LOAD _build/nrf52832_xxaa/system_nrf52.c.o
LOAD _build/nrf52832_xxaa/nrf_log_backend_rtt.c.o
LOAD _build/nrf52832_xxaa/nrf_log_backend_serial.c.o
LOAD _build/nrf52832_xxaa/nrf_log_backend_uart.c.o
LOAD _build/nrf52832_xxaa/nrf_log_default_backends.c.o
LOAD _build/nrf52832_xxaa/nrf_log_frontend.c.o
LOAD _build/nrf52832_xxaa/nrf_log_str_formatter.c.o
LOAD _build/nrf52832_xxaa/app_button.c.o
LOAD _build/nrf52832_xxaa/app_error.c.o
LOAD _build/nrf52832_xxaa/app_error_handler_gcc.c.o
LOAD _build/nrf52832_xxaa/app_error_weak.c.o
LOAD _build/nrf52832_xxaa/app_scheduler.c.o
LOAD _build/nrf52832_xxaa/app_timer.c.o
LOAD _build/nrf52832_xxaa/app_util_platform.c.o
LOAD _build/nrf52832_xxaa/hardfault_implementation.c.o
LOAD _build/nrf52832_xxaa/nrf_assert.c.o
LOAD _build/nrf52832_xxaa/nrf_atfifo.c.o
LOAD _build/nrf52832_xxaa/nrf_atflags.c.o
LOAD _build/nrf52832_xxaa/nrf_atomic.c.o
LOAD _build/nrf52832_xxaa/nrf_balloc.c.o
LOAD _build/nrf52832_xxaa/nrf_fprintf.c.o
LOAD _build/nrf52832_xxaa/nrf_fprintf_format.c.o
LOAD _build/nrf52832_xxaa/nrf_memobj.c.o
LOAD _build/nrf52832_xxaa/nrf_pwr_mgmt.c.o
LOAD _build/nrf52832_xxaa/nrf_ringbuf.c.o
LOAD _build/nrf52832_xxaa/nrf_section_iter.c.o
LOAD _build/nrf52832_xxaa/nrf_strerror.c.o
LOAD _build/nrf52832_xxaa/boards.c.o
LOAD _build/nrf52832_xxaa/nrf_drv_clock.c.o
LOAD _build/nrf52832_xxaa/nrf_drv_uart.c.o
LOAD _build/nrf52832_xxaa/nrfx_atomic.c.o
LOAD _build/nrf52832_xxaa/nrfx_clock.c.o
LOAD _build/nrf52832_xxaa/nrfx_gpiote.c.o
LOAD _build/nrf52832_xxaa/nrfx_prs.c.o
LOAD _build/nrf52832_xxaa/nrfx_uart.c.o
LOAD _build/nrf52832_xxaa/nrfx_uarte.c.o
LOAD _build/nrf52832_xxaa/SEGGER_RTT.c.o
LOAD _build/nrf52832_xxaa/SEGGER_RTT_Syscalls_GCC.c.o
LOAD _build/nrf52832_xxaa/SEGGER_RTT_printf.c.o
LOAD _build/nrf52832_xxaa/ble_advdata.c.o
LOAD _build/nrf52832_xxaa/ble_conn_params.c.o
LOAD _build/nrf52832_xxaa/ble_conn_state.c.o
LOAD _build/nrf52832_xxaa/ble_srv_common.c.o
LOAD _build/nrf52832_xxaa/nrf_ble_gatt.c.o
LOAD _build/nrf52832_xxaa/nrf_ble_qwr.c.o
LOAD _build/nrf52832_xxaa/utf.c.o
LOAD _build/nrf52832_xxaa/ble_lbs.c.o
LOAD _build/nrf52832_xxaa/nrf_sdh.c.o
LOAD _build/nrf52832_xxaa/nrf_sdh_ble.c.o
LOAD _build/nrf52832_xxaa/nrf_sdh_soc.c.o
LOAD /usr/lib/gcc/arm-none-eabi/9.2.0/../../../../arm-none-eabi/lib/thumb/v7e-m+fp/hard/libc_nano.a
LOAD /usr/lib/gcc/arm-none-eabi/9.2.0/../../../../arm-none-eabi/lib/thumb/v7e-m+fp/hard/libnosys.a
LOAD /usr/lib/gcc/arm-none-eabi/9.2.0/../../../../arm-none-eabi/lib/thumb/v7e-m+fp/hard/libm.a
START GROUP
LOAD /usr/lib/gcc/arm-none-eabi/9.2.0/thumb/v7e-m+fp/hard/libgcc.a
LOAD /usr/lib/gcc/arm-none-eabi/9.2.0/../../../../arm-none-eabi/lib/thumb/v7e-m+fp/hard/libg_nano.a
LOAD /usr/lib/gcc/arm-none-eabi/9.2.0/../../../../arm-none-eabi/lib/thumb/v7e-m+fp/hard/libc_nano.a
END GROUP
START GROUP
LOAD /usr/lib/gcc/arm-none-eabi/9.2.0/thumb/v7e-m+fp/hard/libgcc.a
LOAD /usr/lib/gcc/arm-none-eabi/9.2.0/../../../../arm-none-eabi/lib/thumb/v7e-m+fp/hard/libc_nano.a
END GROUP
LOAD /usr/lib/gcc/arm-none-eabi/9.2.0/thumb/v7e-m+fp/hard/crtend.o
LOAD /usr/lib/gcc/arm-none-eabi/9.2.0/thumb/v7e-m+fp/hard/crtn.o
START GROUP
LOAD /usr/lib/gcc/arm-none-eabi/9.2.0/thumb/v7e-m+fp/hard/libgcc.a
LOAD /usr/lib/gcc/arm-none-eabi/9.2.0/../../../../arm-none-eabi/lib/thumb/v7e-m+fp/hard/libc.a
LOAD /usr/lib/gcc/arm-none-eabi/9.2.0/../../../../arm-none-eabi/lib/thumb/v7e-m+fp/hard/libnosys.a
END GROUP

.igot.plt       0x0000000020002360        0x0 load address 0x000000000002ca48
 .igot.plt      0x0000000020002360        0x0 /usr/lib/gcc/arm-none-eabi/9.2.0/thumb/v7e-m+fp/hard/crtbegin.o
                0x0000000020002360                . = ALIGN (0x4)

.mem_section_dummy_ram

.cli_sorted_cmd_ptrs
                0x0000000020002360        0x0
                [!provide]                        PROVIDE (__start_cli_sorted_cmd_ptrs = .)
 *(.cli_sorted_cmd_ptrs)
                [!provide]                        PROVIDE (__stop_cli_sorted_cmd_ptrs = .)

.fs_data        0x0000000020002360        0x0
                [!provide]                        PROVIDE (__start_fs_data = .)
 *(.fs_data)
                [!provide]                        PROVIDE (__stop_fs_data = .)

.log_dynamic_data
                0x0000000020002360        0x0
                0x0000000020002360                PROVIDE (__start_log_dynamic_data = .)
 *(SORT_BY_NAME(.log_dynamic_data*))
                [!provide]                        PROVIDE (__stop_log_dynamic_data = .)

.log_filter_data
                0x0000000020002360        0x0
                [!provide]                        PROVIDE (__start_log_filter_data = .)
 *(SORT_BY_NAME(.log_filter_data*))
                [!provide]                        PROVIDE (__stop_log_filter_data = .)

.bss            0x0000000020002360      0xa40 load address 0x000000000002ca48
                0x0000000020002360                . = ALIGN (0x4)
                0x0000000020002360                __bss_start__ = .
 *(.bss*)
 .bss.completed.10254
                0x0000000020002360        0x1 /usr/lib/gcc/arm-none-eabi/9.2.0/thumb/v7e-m+fp/hard/crtbegin.o
 *fill*         0x0000000020002361        0x3 
 .bss.object.10259
                0x0000000020002364       0x18 /usr/lib/gcc/arm-none-eabi/9.2.0/thumb/v7e-m+fp/hard/crtbegin.o
 .bss.m_enc_advdata
                0x000000002000237c       0x1f _build/nrf52832_xxaa/main.c.o
 *fill*         0x000000002000239b        0x1 
 .bss.m_enc_scan_response_data
                0x000000002000239c       0x1f _build/nrf52832_xxaa/main.c.o
 *fill*         0x00000000200023bb        0x1 
 .bss.m_gatt    0x00000000200023bc       0x14 _build/nrf52832_xxaa/main.c.o
 .bss.m_lbs     0x00000000200023d0       0x18 _build/nrf52832_xxaa/main.c.o
 .bss.m_qwr     0x00000000200023e8        0xc _build/nrf52832_xxaa/main.c.o
 .bss.m_async_mode
                0x00000000200023f4        0x1 _build/nrf52832_xxaa/nrf_log_backend_uart.c.o
 *fill*         0x00000000200023f5        0x3 
 .bss.m_string_buff
                0x00000000200023f8       0x40 _build/nrf52832_xxaa/nrf_log_backend_uart.c.o
 .bss.m_xfer_done
                0x0000000020002438        0x1 _build/nrf52832_xxaa/nrf_log_backend_uart.c.o
 *fill*         0x0000000020002439        0x3 
 .bss.log_mempool_nrf_balloc_cb
                0x000000002000243c        0x8 _build/nrf52832_xxaa/nrf_log_frontend.c.o
 .bss.log_mempool_nrf_balloc_pool_mem
                0x0000000020002444       0xc0 _build/nrf52832_xxaa/nrf_log_frontend.c.o
 .bss.log_mempool_nrf_balloc_pool_stack
                0x0000000020002504        0x8 _build/nrf52832_xxaa/nrf_log_frontend.c.o
 *fill*         0x000000002000250c        0x4 
 .bss.m_log_data
                0x0000000020002510      0x424 _build/nrf52832_xxaa/nrf_log_frontend.c.o
 .bss.m_log_push_ringbuf_buf
                0x0000000020002934       0x80 _build/nrf52832_xxaa/nrf_log_frontend.c.o
 .bss.m_log_push_ringbuf_cb
                0x00000000200029b4       0x18 _build/nrf52832_xxaa/nrf_log_frontend.c.o
 .bss.m_button_count
                0x00000000200029cc        0x1 _build/nrf52832_xxaa/app_button.c.o
 *fill*         0x00000000200029cd        0x3 
 .bss.m_detection_delay
                0x00000000200029d0        0x4 _build/nrf52832_xxaa/app_button.c.o
 .bss.m_detection_delay_timer_id_data
                0x00000000200029d4       0x20 _build/nrf52832_xxaa/app_button.c.o
 *fill*         0x00000000200029f4        0x4 
 .bss.m_pin_state
                0x00000000200029f8        0x8 _build/nrf52832_xxaa/app_button.c.o
 .bss.m_pin_transition
                0x0000000020002a00        0x8 _build/nrf52832_xxaa/app_button.c.o
 .bss.mp_buttons
                0x0000000020002a08        0x4 _build/nrf52832_xxaa/app_button.c.o
 .bss.m_op_queue
                0x0000000020002a0c      0x10c _build/nrf52832_xxaa/app_timer.c.o
 .bss.m_rtc1_reset
                0x0000000020002b18        0x1 _build/nrf52832_xxaa/app_timer.c.o
 .bss.m_rtc1_running
                0x0000000020002b19        0x1 _build/nrf52832_xxaa/app_timer.c.o
 *fill*         0x0000000020002b1a        0x2 
 .bss.m_ticks_elapsed
                0x0000000020002b1c        0x8 _build/nrf52832_xxaa/app_timer.c.o
 .bss.m_ticks_elapsed_q_read_ind
                0x0000000020002b24        0x1 _build/nrf52832_xxaa/app_timer.c.o
 .bss.m_ticks_elapsed_q_write_ind
                0x0000000020002b25        0x1 _build/nrf52832_xxaa/app_timer.c.o
 *fill*         0x0000000020002b26        0x2 
 .bss.m_ticks_latest
                0x0000000020002b28        0x4 _build/nrf52832_xxaa/app_timer.c.o
 .bss.mp_timer_id_head
                0x0000000020002b2c        0x4 _build/nrf52832_xxaa/app_timer.c.o
 .bss.m_handlers_iter
                0x0000000020002b30        0x8 _build/nrf52832_xxaa/nrf_pwr_mgmt.c.o
 .bss.m_shutdown_started
                0x0000000020002b38        0x1 _build/nrf52832_xxaa/nrf_pwr_mgmt.c.o
 *fill*         0x0000000020002b39        0x3 
 .bss.m_sysoff_mtx
                0x0000000020002b3c        0x4 _build/nrf52832_xxaa/nrf_pwr_mgmt.c.o
 .bss.m_clock_cb
                0x0000000020002b40       0x14 _build/nrf52832_xxaa/nrf_drv_clock.c.o
 .bss.m_contexts
                0x0000000020002b54        0x4 _build/nrf52832_xxaa/nrf_drv_uart.c.o
 .bss.m_handlers
                0x0000000020002b58        0x4 _build/nrf52832_xxaa/nrf_drv_uart.c.o
 .bss.m_clock_cb
                0x0000000020002b5c        0x8 _build/nrf52832_xxaa/nrfx_clock.c.o
 *fill*         0x0000000020002b64        0x4 
 .bss.m_cb      0x0000000020002b68       0x5c _build/nrf52832_xxaa/nrfx_gpiote.c.o
 .bss.m_prs_box_4
                0x0000000020002bc4        0x8 _build/nrf52832_xxaa/nrfx_prs.c.o
 *fill*         0x0000000020002bcc        0x4 
 .bss.m_cb      0x0000000020002bd0       0x2c _build/nrf52832_xxaa/nrfx_uart.c.o
 *fill*         0x0000000020002bfc        0x4 
 .bss.m_cb      0x0000000020002c00       0x24 _build/nrf52832_xxaa/nrfx_uarte.c.o
 .bss.m_conn_params_config
                0x0000000020002c24       0x1c _build/nrf52832_xxaa/ble_conn_params.c.o
 .bss.m_conn_params_instances
                0x0000000020002c40       0x14 _build/nrf52832_xxaa/ble_conn_params.c.o
 .bss.m_preferred_conn_params
                0x0000000020002c54        0x8 _build/nrf52832_xxaa/ble_conn_params.c.o
 .bss.m_timer_data
                0x0000000020002c5c       0x20 _build/nrf52832_xxaa/ble_conn_params.c.o
 .bss.m_bcs     0x0000000020002c7c       0x78 _build/nrf52832_xxaa/ble_conn_state.c.o
 .bss.m_nrf_sdh_continue
                0x0000000020002cf4        0x1 _build/nrf52832_xxaa/nrf_sdh.c.o
 .bss.m_nrf_sdh_enabled
                0x0000000020002cf5        0x1 _build/nrf52832_xxaa/nrf_sdh.c.o
 .bss.m_nrf_sdh_suspended
                0x0000000020002cf6        0x1 _build/nrf52832_xxaa/nrf_sdh.c.o
 .bss.m_stack_is_enabled
                0x0000000020002cf7        0x1 _build/nrf52832_xxaa/nrf_sdh_ble.c.o
 .bss._global_atexit0
                0x0000000020002cf8       0x8c /usr/lib/gcc/arm-none-eabi/9.2.0/../../../../arm-none-eabi/lib/thumb/v7e-m+fp/hard/libc_nano.a(lib_a-__atexit.o)
 .bss._global_atexit
                0x0000000020002d84        0x4 /usr/lib/gcc/arm-none-eabi/9.2.0/../../../../arm-none-eabi/lib/thumb/v7e-m+fp/hard/libc_nano.a(lib_a-__call_atexit.o)
                0x0000000020002d84                _global_atexit
 *(COMMON)
 COMMON         0x0000000020002d88        0xc _build/nrf52832_xxaa/app_util_platform.c.o
                0x0000000020002d88                nrf_nvic_state
 COMMON         0x0000000020002d94        0x1 _build/nrf52832_xxaa/nrf_drv_uart.c.o
                0x0000000020002d94                nrf_drv_uart_use_easy_dma
 COMMON         0x0000000020002d95        0x9 /usr/lib/gcc/arm-none-eabi/9.2.0/../../../../arm-none-eabi/lib/thumb/v7e-m+fp/hard/libc_nano.a(lib_a-lock.o)
                0x0000000020002d95                __lock___atexit_recursive_mutex
                0x0000000020002d96                __lock___arc4random_mutex
                0x0000000020002d97                __lock___env_recursive_mutex
                0x0000000020002d98                __lock___sinit_recursive_mutex
                0x0000000020002d99                __lock___malloc_recursive_mutex
                0x0000000020002d9a                __lock___at_quick_exit_mutex
                0x0000000020002d9b                __lock___dd_hash_mutex
                0x0000000020002d9c                __lock___tz_mutex
                0x0000000020002d9d                __lock___sfp_recursive_mutex
                0x0000000020002da0                . = ALIGN (0x4)
 *fill*         0x0000000020002d9e        0x2 
                0x0000000020002da0                __bss_end__ = .

.heap           0x0000000020002da0     0x2000
                0x0000000020002da0                __HeapBase = .
                0x0000000020002da0                __end__ = .
                [!provide]                        PROVIDE (end = .)
 *(.heap*)
 .heap          0x0000000020002da0     0x2000 _build/nrf52832_xxaa/gcc_startup_nrf52.S.o
                0x0000000020004da0                __HeapLimit = .

.stack_dummy    0x0000000020002da0     0x2000
 *(.stack*)
 .stack         0x0000000020002da0     0x2000 _build/nrf52832_xxaa/gcc_startup_nrf52.S.o
                0x0000000020010000                __StackTop = (ORIGIN (RAM) + LENGTH (RAM))
                0x000000002000e000                __StackLimit = (__StackTop - SIZEOF (.stack_dummy))
                0x0000000020010000                PROVIDE (__stack = __StackTop)
                0x0000000000000001                ASSERT ((__StackLimit >= __HeapLimit), region RAM overflowed with stack)
                0x00000000000000a8                DataInitFlashUsed = (__bss_start__ - __data_start__)
                0x00000000000069a0                CodeFlashUsed = (__etext - ORIGIN (FLASH))
                0x0000000000006a48                TotalFlashUsed = (CodeFlashUsed + DataInitFlashUsed)
                0x0000000000000001                ASSERT ((TotalFlashUsed <= LENGTH (FLASH)), region FLASH overflowed with .data and user data)
OUTPUT(_build/nrf52832_xxaa.out elf32-littlearm)

.ARM.attributes
                0x0000000000000000       0x30
 .ARM.attributes
                0x0000000000000000       0x1e /usr/lib/gcc/arm-none-eabi/9.2.0/thumb/v7e-m+fp/hard/crti.o
 .ARM.attributes
                0x000000000000001e       0x34 /usr/lib/gcc/arm-none-eabi/9.2.0/thumb/v7e-m+fp/hard/crtbegin.o
 .ARM.attributes
                0x0000000000000052       0x1c /usr/lib/gcc/arm-none-eabi/9.2.0/../../../../arm-none-eabi/lib/thumb/v7e-m+fp/hard/crt0.o
 .ARM.attributes
                0x000000000000006e       0x34 _build/nrf52832_xxaa/main.c.o
 .ARM.attributes
                0x00000000000000a2       0x20 _build/nrf52832_xxaa/gcc_startup_nrf52.S.o
 .ARM.attributes
                0x00000000000000c2       0x34 _build/nrf52832_xxaa/system_nrf52.c.o
 .ARM.attributes
                0x00000000000000f6       0x34 _build/nrf52832_xxaa/nrf_log_backend_serial.c.o
 .ARM.attributes
                0x000000000000012a       0x34 _build/nrf52832_xxaa/nrf_log_backend_uart.c.o
 .ARM.attributes
                0x000000000000015e       0x34 _build/nrf52832_xxaa/nrf_log_default_backends.c.o
 .ARM.attributes
                0x0000000000000192       0x34 _build/nrf52832_xxaa/nrf_log_frontend.c.o
 .ARM.attributes
                0x00000000000001c6       0x34 _build/nrf52832_xxaa/nrf_log_str_formatter.c.o
 .ARM.attributes
                0x00000000000001fa       0x34 _build/nrf52832_xxaa/app_button.c.o
 .ARM.attributes
                0x000000000000022e       0x34 _build/nrf52832_xxaa/app_error.c.o
 .ARM.attributes
                0x0000000000000262       0x34 _build/nrf52832_xxaa/app_error_weak.c.o
 .ARM.attributes
                0x0000000000000296       0x34 _build/nrf52832_xxaa/app_timer.c.o
 .ARM.attributes
                0x00000000000002ca       0x34 _build/nrf52832_xxaa/app_util_platform.c.o
 .ARM.attributes
                0x00000000000002fe       0x34 _build/nrf52832_xxaa/nrf_atflags.c.o
 .ARM.attributes
                0x0000000000000332       0x34 _build/nrf52832_xxaa/nrf_atomic.c.o
 .ARM.attributes
                0x0000000000000366       0x34 _build/nrf52832_xxaa/nrf_balloc.c.o
 .ARM.attributes
                0x000000000000039a       0x34 _build/nrf52832_xxaa/nrf_fprintf.c.o
 .ARM.attributes
                0x00000000000003ce       0x34 _build/nrf52832_xxaa/nrf_fprintf_format.c.o
 .ARM.attributes
                0x0000000000000402       0x34 _build/nrf52832_xxaa/nrf_memobj.c.o
 .ARM.attributes
                0x0000000000000436       0x34 _build/nrf52832_xxaa/nrf_pwr_mgmt.c.o
 .ARM.attributes
                0x000000000000046a       0x34 _build/nrf52832_xxaa/nrf_ringbuf.c.o
 .ARM.attributes
                0x000000000000049e       0x34 _build/nrf52832_xxaa/nrf_section_iter.c.o
 .ARM.attributes
                0x00000000000004d2       0x34 _build/nrf52832_xxaa/nrf_strerror.c.o
 .ARM.attributes
                0x0000000000000506       0x34 _build/nrf52832_xxaa/boards.c.o
 .ARM.attributes
                0x000000000000053a       0x34 _build/nrf52832_xxaa/nrf_drv_clock.c.o
 .ARM.attributes
                0x000000000000056e       0x34 _build/nrf52832_xxaa/nrf_drv_uart.c.o
 .ARM.attributes
                0x00000000000005a2       0x34 _build/nrf52832_xxaa/nrfx_clock.c.o
 .ARM.attributes
                0x00000000000005d6       0x34 _build/nrf52832_xxaa/nrfx_gpiote.c.o
 .ARM.attributes
                0x000000000000060a       0x34 _build/nrf52832_xxaa/nrfx_prs.c.o
 .ARM.attributes
                0x000000000000063e       0x34 _build/nrf52832_xxaa/nrfx_uart.c.o
 .ARM.attributes
                0x0000000000000672       0x34 _build/nrf52832_xxaa/nrfx_uarte.c.o
 .ARM.attributes
                0x00000000000006a6       0x34 _build/nrf52832_xxaa/ble_advdata.c.o
 .ARM.attributes
                0x00000000000006da       0x34 _build/nrf52832_xxaa/ble_conn_params.c.o
 .ARM.attributes
                0x000000000000070e       0x34 _build/nrf52832_xxaa/ble_conn_state.c.o
 .ARM.attributes
                0x0000000000000742       0x34 _build/nrf52832_xxaa/ble_srv_common.c.o
 .ARM.attributes
                0x0000000000000776       0x34 _build/nrf52832_xxaa/nrf_ble_gatt.c.o
 .ARM.attributes
                0x00000000000007aa       0x34 _build/nrf52832_xxaa/nrf_ble_qwr.c.o
 .ARM.attributes
                0x00000000000007de       0x34 _build/nrf52832_xxaa/ble_lbs.c.o
 .ARM.attributes
                0x0000000000000812       0x34 _build/nrf52832_xxaa/nrf_sdh.c.o
 .ARM.attributes
                0x0000000000000846       0x34 _build/nrf52832_xxaa/nrf_sdh_ble.c.o
 .ARM.attributes
                0x000000000000087a       0x34 _build/nrf52832_xxaa/nrf_sdh_soc.c.o
 .ARM.attributes
                0x00000000000008ae       0x34 /usr/lib/gcc/arm-none-eabi/9.2.0/../../../../arm-none-eabi/lib/thumb/v7e-m+fp/hard/libc_nano.a(lib_a-atexit.o)
 .ARM.attributes
                0x00000000000008e2       0x32 /usr/lib/gcc/arm-none-eabi/9.2.0/../../../../arm-none-eabi/lib/thumb/v7e-m+fp/hard/libc_nano.a(lib_a-ctype_.o)
 .ARM.attributes
                0x0000000000000914       0x34 /usr/lib/gcc/arm-none-eabi/9.2.0/../../../../arm-none-eabi/lib/thumb/v7e-m+fp/hard/libc_nano.a(lib_a-exit.o)
 .ARM.attributes
                0x0000000000000948       0x34 /usr/lib/gcc/arm-none-eabi/9.2.0/../../../../arm-none-eabi/lib/thumb/v7e-m+fp/hard/libc_nano.a(lib_a-fini.o)
 .ARM.attributes
                0x000000000000097c       0x32 /usr/lib/gcc/arm-none-eabi/9.2.0/../../../../arm-none-eabi/lib/thumb/v7e-m+fp/hard/libc_nano.a(lib_a-impure.o)
 .ARM.attributes
                0x00000000000009ae       0x34 /usr/lib/gcc/arm-none-eabi/9.2.0/../../../../arm-none-eabi/lib/thumb/v7e-m+fp/hard/libc_nano.a(lib_a-init.o)
 .ARM.attributes
                0x00000000000009e2       0x34 /usr/lib/gcc/arm-none-eabi/9.2.0/../../../../arm-none-eabi/lib/thumb/v7e-m+fp/hard/libc_nano.a(lib_a-memcpy-stub.o)
 .ARM.attributes
                0x0000000000000a16       0x34 /usr/lib/gcc/arm-none-eabi/9.2.0/../../../../arm-none-eabi/lib/thumb/v7e-m+fp/hard/libc_nano.a(lib_a-memset.o)
 .ARM.attributes
                0x0000000000000a4a       0x17 /usr/lib/gcc/arm-none-eabi/9.2.0/../../../../arm-none-eabi/lib/thumb/v7e-m+fp/hard/libc_nano.a(lib_a-strlen.o)
 .ARM.attributes
                0x0000000000000a61       0x34 /usr/lib/gcc/arm-none-eabi/9.2.0/../../../../arm-none-eabi/lib/thumb/v7e-m+fp/hard/libc_nano.a(lib_a-__atexit.o)
 .ARM.attributes
                0x0000000000000a95       0x34 /usr/lib/gcc/arm-none-eabi/9.2.0/../../../../arm-none-eabi/lib/thumb/v7e-m+fp/hard/libc_nano.a(lib_a-__call_atexit.o)
 .ARM.attributes
                0x0000000000000ac9       0x34 /usr/lib/gcc/arm-none-eabi/9.2.0/../../../../arm-none-eabi/lib/thumb/v7e-m+fp/hard/libc_nano.a(lib_a-lock.o)
 .ARM.attributes
                0x0000000000000afd       0x34 /usr/lib/gcc/arm-none-eabi/9.2.0/../../../../arm-none-eabi/lib/thumb/v7e-m+fp/hard/libnosys.a(_exit.o)
 .ARM.attributes
                0x0000000000000b31       0x32 /usr/lib/gcc/arm-none-eabi/9.2.0/thumb/v7e-m+fp/hard/crtend.o
 .ARM.attributes
                0x0000000000000b63       0x1e /usr/lib/gcc/arm-none-eabi/9.2.0/thumb/v7e-m+fp/hard/crtn.o

.comment        0x0000000000000000       0x1d
 .comment       0x0000000000000000       0x1d _build/nrf52832_xxaa/main.c.o
                                         0x1e (size before relaxing)
 .comment       0x000000000000001d       0x1e _build/nrf52832_xxaa/system_nrf52.c.o
 .comment       0x000000000000001d       0x1e _build/nrf52832_xxaa/nrf_log_backend_serial.c.o
 .comment       0x000000000000001d       0x1e _build/nrf52832_xxaa/nrf_log_backend_uart.c.o
 .comment       0x000000000000001d       0x1e _build/nrf52832_xxaa/nrf_log_default_backends.c.o
 .comment       0x000000000000001d       0x1e _build/nrf52832_xxaa/nrf_log_frontend.c.o
 .comment       0x000000000000001d       0x1e _build/nrf52832_xxaa/nrf_log_str_formatter.c.o
 .comment       0x000000000000001d       0x1e _build/nrf52832_xxaa/app_button.c.o
 .comment       0x000000000000001d       0x1e _build/nrf52832_xxaa/app_error.c.o
 .comment       0x000000000000001d       0x1e _build/nrf52832_xxaa/app_error_weak.c.o
 .comment       0x000000000000001d       0x1e _build/nrf52832_xxaa/app_timer.c.o
 .comment       0x000000000000001d       0x1e _build/nrf52832_xxaa/app_util_platform.c.o
 .comment       0x000000000000001d       0x1e _build/nrf52832_xxaa/nrf_atflags.c.o
 .comment       0x000000000000001d       0x1e _build/nrf52832_xxaa/nrf_atomic.c.o
 .comment       0x000000000000001d       0x1e _build/nrf52832_xxaa/nrf_balloc.c.o
 .comment       0x000000000000001d       0x1e _build/nrf52832_xxaa/nrf_fprintf.c.o
 .comment       0x000000000000001d       0x1e _build/nrf52832_xxaa/nrf_fprintf_format.c.o
 .comment       0x000000000000001d       0x1e _build/nrf52832_xxaa/nrf_memobj.c.o
 .comment       0x000000000000001d       0x1e _build/nrf52832_xxaa/nrf_pwr_mgmt.c.o
 .comment       0x000000000000001d       0x1e _build/nrf52832_xxaa/nrf_ringbuf.c.o
 .comment       0x000000000000001d       0x1e _build/nrf52832_xxaa/nrf_section_iter.c.o
 .comment       0x000000000000001d       0x1e _build/nrf52832_xxaa/nrf_strerror.c.o
 .comment       0x000000000000001d       0x1e _build/nrf52832_xxaa/boards.c.o
 .comment       0x000000000000001d       0x1e _build/nrf52832_xxaa/nrf_drv_clock.c.o
 .comment       0x000000000000001d       0x1e _build/nrf52832_xxaa/nrf_drv_uart.c.o
 .comment       0x000000000000001d       0x1e _build/nrf52832_xxaa/nrfx_clock.c.o
 .comment       0x000000000000001d       0x1e _build/nrf52832_xxaa/nrfx_gpiote.c.o
 .comment       0x000000000000001d       0x1e _build/nrf52832_xxaa/nrfx_prs.c.o
 .comment       0x000000000000001d       0x1e _build/nrf52832_xxaa/nrfx_uart.c.o
 .comment       0x000000000000001d       0x1e _build/nrf52832_xxaa/nrfx_uarte.c.o
 .comment       0x000000000000001d       0x1e _build/nrf52832_xxaa/ble_advdata.c.o
 .comment       0x000000000000001d       0x1e _build/nrf52832_xxaa/ble_conn_params.c.o
 .comment       0x000000000000001d       0x1e _build/nrf52832_xxaa/ble_conn_state.c.o
 .comment       0x000000000000001d       0x1e _build/nrf52832_xxaa/ble_srv_common.c.o
 .comment       0x000000000000001d       0x1e _build/nrf52832_xxaa/nrf_ble_gatt.c.o
 .comment       0x000000000000001d       0x1e _build/nrf52832_xxaa/nrf_ble_qwr.c.o
 .comment       0x000000000000001d       0x1e _build/nrf52832_xxaa/ble_lbs.c.o
 .comment       0x000000000000001d       0x1e _build/nrf52832_xxaa/nrf_sdh.c.o
 .comment       0x000000000000001d       0x1e _build/nrf52832_xxaa/nrf_sdh_ble.c.o
 .comment       0x000000000000001d       0x1e _build/nrf52832_xxaa/nrf_sdh_soc.c.o

.debug_info     0x0000000000000000    0x4e681
 .debug_info    0x0000000000000000     0x4939 _build/nrf52832_xxaa/main.c.o
 .debug_info    0x0000000000004939       0x26 _build/nrf52832_xxaa/gcc_startup_nrf52.S.o
 .debug_info    0x000000000000495f     0x1277 _build/nrf52832_xxaa/system_nrf52.c.o
 .debug_info    0x0000000000005bd6     0x124c _build/nrf52832_xxaa/nrf_log_backend_serial.c.o
 .debug_info    0x0000000000006e22     0x1c9d _build/nrf52832_xxaa/nrf_log_backend_uart.c.o
 .debug_info    0x0000000000008abf      0xd9e _build/nrf52832_xxaa/nrf_log_default_backends.c.o
 .debug_info    0x000000000000985d     0x4632 _build/nrf52832_xxaa/nrf_log_frontend.c.o
 .debug_info    0x000000000000de8f     0x1431 _build/nrf52832_xxaa/nrf_log_str_formatter.c.o
 .debug_info    0x000000000000f2c0     0x1045 _build/nrf52832_xxaa/app_button.c.o
 .debug_info    0x0000000000010305      0xbac _build/nrf52832_xxaa/app_error.c.o
 .debug_info    0x0000000000010eb1     0x1026 _build/nrf52832_xxaa/app_error_weak.c.o
 .debug_info    0x0000000000011ed7     0x29ce _build/nrf52832_xxaa/app_timer.c.o
 .debug_info    0x00000000000148a5     0x12ef _build/nrf52832_xxaa/app_util_platform.c.o
 .debug_info    0x0000000000015b94      0xf4f _build/nrf52832_xxaa/nrf_atflags.c.o
 .debug_info    0x0000000000016ae3     0x13e4 _build/nrf52832_xxaa/nrf_atomic.c.o
 .debug_info    0x0000000000017ec7      0xea4 _build/nrf52832_xxaa/nrf_balloc.c.o
 .debug_info    0x0000000000018d6b      0xb51 _build/nrf52832_xxaa/nrf_fprintf.c.o
 .debug_info    0x00000000000198bc     0x1574 _build/nrf52832_xxaa/nrf_fprintf_format.c.o
 .debug_info    0x000000000001ae30     0x1609 _build/nrf52832_xxaa/nrf_memobj.c.o
 .debug_info    0x000000000001c439     0x1e41 _build/nrf52832_xxaa/nrf_pwr_mgmt.c.o
 .debug_info    0x000000000001e27a      0xf91 _build/nrf52832_xxaa/nrf_ringbuf.c.o
 .debug_info    0x000000000001f20b      0xac1 _build/nrf52832_xxaa/nrf_section_iter.c.o
 .debug_info    0x000000000001fccc      0xb76 _build/nrf52832_xxaa/nrf_strerror.c.o
 .debug_info    0x0000000000020842     0x172e _build/nrf52832_xxaa/boards.c.o
 .debug_info    0x0000000000021f70     0x2060 _build/nrf52832_xxaa/nrf_drv_clock.c.o
 .debug_info    0x0000000000023fd0     0x1ae7 _build/nrf52832_xxaa/nrf_drv_uart.c.o
 .debug_info    0x0000000000025ab7     0x1e46 _build/nrf52832_xxaa/nrfx_clock.c.o
 .debug_info    0x00000000000278fd     0x43b0 _build/nrf52832_xxaa/nrfx_gpiote.c.o
 .debug_info    0x000000000002bcad     0x1200 _build/nrf52832_xxaa/nrfx_prs.c.o
 .debug_info    0x000000000002cead     0x40e4 _build/nrf52832_xxaa/nrfx_uart.c.o
 .debug_info    0x0000000000030f91     0x3d7f _build/nrf52832_xxaa/nrfx_uarte.c.o
 .debug_info    0x0000000000034d10     0x2834 _build/nrf52832_xxaa/ble_advdata.c.o
 .debug_info    0x0000000000037544     0x3544 _build/nrf52832_xxaa/ble_conn_params.c.o
 .debug_info    0x000000000003aa88     0x3751 _build/nrf52832_xxaa/ble_conn_state.c.o
 .debug_info    0x000000000003e1d9     0x1702 _build/nrf52832_xxaa/ble_srv_common.c.o
 .debug_info    0x000000000003f8db     0x33ed _build/nrf52832_xxaa/nrf_ble_gatt.c.o
 .debug_info    0x0000000000042cc8     0x29b7 _build/nrf52832_xxaa/nrf_ble_qwr.c.o
 .debug_info    0x000000000004567f     0x2bb0 _build/nrf52832_xxaa/ble_lbs.c.o
 .debug_info    0x000000000004822f     0x2053 _build/nrf52832_xxaa/nrf_sdh.c.o
 .debug_info    0x000000000004a282     0x3497 _build/nrf52832_xxaa/nrf_sdh_ble.c.o
 .debug_info    0x000000000004d719      0xf68 _build/nrf52832_xxaa/nrf_sdh_soc.c.o

.debug_abbrev   0x0000000000000000     0x9ed3
 .debug_abbrev  0x0000000000000000      0x4fc _build/nrf52832_xxaa/main.c.o
 .debug_abbrev  0x00000000000004fc       0x14 _build/nrf52832_xxaa/gcc_startup_nrf52.S.o
 .debug_abbrev  0x0000000000000510      0x226 _build/nrf52832_xxaa/system_nrf52.c.o
 .debug_abbrev  0x0000000000000736      0x2cc _build/nrf52832_xxaa/nrf_log_backend_serial.c.o
 .debug_abbrev  0x0000000000000a02      0x41d _build/nrf52832_xxaa/nrf_log_backend_uart.c.o
 .debug_abbrev  0x0000000000000e1f      0x294 _build/nrf52832_xxaa/nrf_log_default_backends.c.o
 .debug_abbrev  0x00000000000010b3      0x61e _build/nrf52832_xxaa/nrf_log_frontend.c.o
 .debug_abbrev  0x00000000000016d1      0x320 _build/nrf52832_xxaa/nrf_log_str_formatter.c.o
 .debug_abbrev  0x00000000000019f1      0x323 _build/nrf52832_xxaa/app_button.c.o
 .debug_abbrev  0x0000000000001d14      0x276 _build/nrf52832_xxaa/app_error.c.o
 .debug_abbrev  0x0000000000001f8a      0x2e9 _build/nrf52832_xxaa/app_error_weak.c.o
 .debug_abbrev  0x0000000000002273      0x531 _build/nrf52832_xxaa/app_timer.c.o
 .debug_abbrev  0x00000000000027a4      0x3df _build/nrf52832_xxaa/app_util_platform.c.o
 .debug_abbrev  0x0000000000002b83      0x367 _build/nrf52832_xxaa/nrf_atflags.c.o
 .debug_abbrev  0x0000000000002eea      0x378 _build/nrf52832_xxaa/nrf_atomic.c.o
 .debug_abbrev  0x0000000000003262      0x34d _build/nrf52832_xxaa/nrf_balloc.c.o
 .debug_abbrev  0x00000000000035af      0x27d _build/nrf52832_xxaa/nrf_fprintf.c.o
 .debug_abbrev  0x000000000000382c      0x3ba _build/nrf52832_xxaa/nrf_fprintf_format.c.o
 .debug_abbrev  0x0000000000003be6      0x39e _build/nrf52832_xxaa/nrf_memobj.c.o
 .debug_abbrev  0x0000000000003f84      0x4ff _build/nrf52832_xxaa/nrf_pwr_mgmt.c.o
 .debug_abbrev  0x0000000000004483      0x2a1 _build/nrf52832_xxaa/nrf_ringbuf.c.o
 .debug_abbrev  0x0000000000004724      0x206 _build/nrf52832_xxaa/nrf_section_iter.c.o
 .debug_abbrev  0x000000000000492a      0x29c _build/nrf52832_xxaa/nrf_strerror.c.o
 .debug_abbrev  0x0000000000004bc6      0x408 _build/nrf52832_xxaa/boards.c.o
 .debug_abbrev  0x0000000000004fce      0x5e9 _build/nrf52832_xxaa/nrf_drv_clock.c.o
 .debug_abbrev  0x00000000000055b7      0x2da _build/nrf52832_xxaa/nrf_drv_uart.c.o
 .debug_abbrev  0x0000000000005891      0x52d _build/nrf52832_xxaa/nrfx_clock.c.o
 .debug_abbrev  0x0000000000005dbe      0x5d3 _build/nrf52832_xxaa/nrfx_gpiote.c.o
 .debug_abbrev  0x0000000000006391      0x362 _build/nrf52832_xxaa/nrfx_prs.c.o
 .debug_abbrev  0x00000000000066f3      0x56b _build/nrf52832_xxaa/nrfx_uart.c.o
 .debug_abbrev  0x0000000000006c5e      0x53e _build/nrf52832_xxaa/nrfx_uarte.c.o
 .debug_abbrev  0x000000000000719c      0x49b _build/nrf52832_xxaa/ble_advdata.c.o
 .debug_abbrev  0x0000000000007637      0x587 _build/nrf52832_xxaa/ble_conn_params.c.o
 .debug_abbrev  0x0000000000007bbe      0x5bb _build/nrf52832_xxaa/ble_conn_state.c.o
 .debug_abbrev  0x0000000000008179      0x3be _build/nrf52832_xxaa/ble_srv_common.c.o
 .debug_abbrev  0x0000000000008537      0x4da _build/nrf52832_xxaa/nrf_ble_gatt.c.o
 .debug_abbrev  0x0000000000008a11      0x3ee _build/nrf52832_xxaa/nrf_ble_qwr.c.o
 .debug_abbrev  0x0000000000008dff      0x3df _build/nrf52832_xxaa/ble_lbs.c.o
 .debug_abbrev  0x00000000000091de      0x55c _build/nrf52832_xxaa/nrf_sdh.c.o
 .debug_abbrev  0x000000000000973a      0x4a8 _build/nrf52832_xxaa/nrf_sdh_ble.c.o
 .debug_abbrev  0x0000000000009be2      0x2f1 _build/nrf52832_xxaa/nrf_sdh_soc.c.o

.debug_loc      0x0000000000000000    0x19fe4
 .debug_loc     0x0000000000000000      0xaed _build/nrf52832_xxaa/main.c.o
 .debug_loc     0x0000000000000aed      0x186 _build/nrf52832_xxaa/nrf_log_backend_serial.c.o
 .debug_loc     0x0000000000000c73      0x334 _build/nrf52832_xxaa/nrf_log_backend_uart.c.o
 .debug_loc     0x0000000000000fa7       0x17 _build/nrf52832_xxaa/nrf_log_default_backends.c.o
 .debug_loc     0x0000000000000fbe     0x4aef _build/nrf52832_xxaa/nrf_log_frontend.c.o
 .debug_loc     0x0000000000005aad      0x486 _build/nrf52832_xxaa/nrf_log_str_formatter.c.o
 .debug_loc     0x0000000000005f33      0x434 _build/nrf52832_xxaa/app_button.c.o
 .debug_loc     0x0000000000006367       0xc8 _build/nrf52832_xxaa/app_error.c.o
 .debug_loc     0x000000000000642f       0x6f _build/nrf52832_xxaa/app_error_weak.c.o
 .debug_loc     0x000000000000649e     0x1390 _build/nrf52832_xxaa/app_timer.c.o
 .debug_loc     0x000000000000782e      0x1e9 _build/nrf52832_xxaa/app_util_platform.c.o
 .debug_loc     0x0000000000007a17      0x4e7 _build/nrf52832_xxaa/nrf_atflags.c.o
 .debug_loc     0x0000000000007efe      0x587 _build/nrf52832_xxaa/nrf_atomic.c.o
 .debug_loc     0x0000000000008485      0x1c3 _build/nrf52832_xxaa/nrf_balloc.c.o
 .debug_loc     0x0000000000008648       0x54 _build/nrf52832_xxaa/nrf_fprintf.c.o
 .debug_loc     0x000000000000869c     0x12ff _build/nrf52832_xxaa/nrf_fprintf_format.c.o
 .debug_loc     0x000000000000999b      0xed3 _build/nrf52832_xxaa/nrf_memobj.c.o
 .debug_loc     0x000000000000a86e      0x120 _build/nrf52832_xxaa/nrf_pwr_mgmt.c.o
 .debug_loc     0x000000000000a98e      0x68a _build/nrf52832_xxaa/nrf_ringbuf.c.o
 .debug_loc     0x000000000000b018      0x220 _build/nrf52832_xxaa/nrf_strerror.c.o
 .debug_loc     0x000000000000b238      0xd67 _build/nrf52832_xxaa/boards.c.o
 .debug_loc     0x000000000000bf9f      0x58b _build/nrf52832_xxaa/nrf_drv_clock.c.o
 .debug_loc     0x000000000000c52a      0x1d6 _build/nrf52832_xxaa/nrf_drv_uart.c.o
 .debug_loc     0x000000000000c700      0x341 _build/nrf52832_xxaa/nrfx_clock.c.o
 .debug_loc     0x000000000000ca41     0x3d1d _build/nrf52832_xxaa/nrfx_gpiote.c.o
 .debug_loc     0x000000000001075e      0x100 _build/nrf52832_xxaa/nrfx_prs.c.o
 .debug_loc     0x000000000001085e     0x1f26 _build/nrf52832_xxaa/nrfx_uart.c.o
 .debug_loc     0x0000000000012784     0x1c41 _build/nrf52832_xxaa/nrfx_uarte.c.o
 .debug_loc     0x00000000000143c5     0x1ade _build/nrf52832_xxaa/ble_advdata.c.o
 .debug_loc     0x0000000000015ea3      0xdd4 _build/nrf52832_xxaa/ble_conn_params.c.o
 .debug_loc     0x0000000000016c77      0xfac _build/nrf52832_xxaa/ble_conn_state.c.o
 .debug_loc     0x0000000000017c23      0x6d9 _build/nrf52832_xxaa/ble_srv_common.c.o
 .debug_loc     0x00000000000182fc      0xd1a _build/nrf52832_xxaa/nrf_ble_gatt.c.o
 .debug_loc     0x0000000000019016      0x487 _build/nrf52832_xxaa/nrf_ble_qwr.c.o
 .debug_loc     0x000000000001949d      0x2bd _build/nrf52832_xxaa/ble_lbs.c.o
 .debug_loc     0x000000000001975a      0x4c7 _build/nrf52832_xxaa/nrf_sdh.c.o
 .debug_loc     0x0000000000019c21      0x32c _build/nrf52832_xxaa/nrf_sdh_ble.c.o
 .debug_loc     0x0000000000019f4d       0x97 _build/nrf52832_xxaa/nrf_sdh_soc.c.o

.debug_aranges  0x0000000000000000      0xdd8
 .debug_aranges
                0x0000000000000000       0x90 _build/nrf52832_xxaa/main.c.o
 .debug_aranges
                0x0000000000000090       0x20 _build/nrf52832_xxaa/gcc_startup_nrf52.S.o
 .debug_aranges
                0x00000000000000b0       0x28 _build/nrf52832_xxaa/system_nrf52.c.o
 .debug_aranges
                0x00000000000000d8       0x20 _build/nrf52832_xxaa/nrf_log_backend_serial.c.o
 .debug_aranges
                0x00000000000000f8       0x48 _build/nrf52832_xxaa/nrf_log_backend_uart.c.o
 .debug_aranges
                0x0000000000000140       0x20 _build/nrf52832_xxaa/nrf_log_default_backends.c.o
 .debug_aranges
                0x0000000000000160       0xb8 _build/nrf52832_xxaa/nrf_log_frontend.c.o
 .debug_aranges
                0x0000000000000218       0x38 _build/nrf52832_xxaa/nrf_log_str_formatter.c.o
 .debug_aranges
                0x0000000000000250       0x48 _build/nrf52832_xxaa/app_button.c.o
 .debug_aranges
                0x0000000000000298       0x28 _build/nrf52832_xxaa/app_error.c.o
 .debug_aranges
                0x00000000000002c0       0x20 _build/nrf52832_xxaa/app_error_weak.c.o
 .debug_aranges
                0x00000000000002e0       0x70 _build/nrf52832_xxaa/app_timer.c.o
 .debug_aranges
                0x0000000000000350       0x48 _build/nrf52832_xxaa/app_util_platform.c.o
 .debug_aranges
                0x0000000000000398       0x58 _build/nrf52832_xxaa/nrf_atflags.c.o
 .debug_aranges
                0x00000000000003f0       0xb0 _build/nrf52832_xxaa/nrf_atomic.c.o
 .debug_aranges
                0x00000000000004a0       0x30 _build/nrf52832_xxaa/nrf_balloc.c.o
 .debug_aranges
                0x00000000000004d0       0x28 _build/nrf52832_xxaa/nrf_fprintf.c.o
 .debug_aranges
                0x00000000000004f8       0x28 _build/nrf52832_xxaa/nrf_fprintf_format.c.o
 .debug_aranges
                0x0000000000000520       0x50 _build/nrf52832_xxaa/nrf_memobj.c.o
 .debug_aranges
                0x0000000000000570       0x48 _build/nrf52832_xxaa/nrf_pwr_mgmt.c.o
 .debug_aranges
                0x00000000000005b8       0x50 _build/nrf52832_xxaa/nrf_ringbuf.c.o
 .debug_aranges
                0x0000000000000608       0x28 _build/nrf52832_xxaa/nrf_section_iter.c.o
 .debug_aranges
                0x0000000000000630       0x28 _build/nrf52832_xxaa/nrf_strerror.c.o
 .debug_aranges
                0x0000000000000658       0x78 _build/nrf52832_xxaa/boards.c.o
 .debug_aranges
                0x00000000000006d0       0xa8 _build/nrf52832_xxaa/nrf_drv_clock.c.o
 .debug_aranges
                0x0000000000000778       0x30 _build/nrf52832_xxaa/nrf_drv_uart.c.o
 .debug_aranges
                0x00000000000007a8       0x78 _build/nrf52832_xxaa/nrfx_clock.c.o
 .debug_aranges
                0x0000000000000820       0xd8 _build/nrf52832_xxaa/nrfx_gpiote.c.o
 .debug_aranges
                0x00000000000008f8       0x30 _build/nrf52832_xxaa/nrfx_prs.c.o
 .debug_aranges
                0x0000000000000928       0x78 _build/nrf52832_xxaa/nrfx_uart.c.o
 .debug_aranges
                0x00000000000009a0       0x68 _build/nrf52832_xxaa/nrfx_uarte.c.o
 .debug_aranges
                0x0000000000000a08       0x78 _build/nrf52832_xxaa/ble_advdata.c.o
 .debug_aranges
                0x0000000000000a80       0x60 _build/nrf52832_xxaa/ble_conn_params.c.o
 .debug_aranges
                0x0000000000000ae0       0xc0 _build/nrf52832_xxaa/ble_conn_state.c.o
 .debug_aranges
                0x0000000000000ba0       0x58 _build/nrf52832_xxaa/ble_srv_common.c.o
 .debug_aranges
                0x0000000000000bf8       0x70 _build/nrf52832_xxaa/nrf_ble_gatt.c.o
 .debug_aranges
                0x0000000000000c68       0x40 _build/nrf52832_xxaa/nrf_ble_qwr.c.o
 .debug_aranges
                0x0000000000000ca8       0x48 _build/nrf52832_xxaa/ble_lbs.c.o
 .debug_aranges
                0x0000000000000cf0       0x70 _build/nrf52832_xxaa/nrf_sdh.c.o
 .debug_aranges
                0x0000000000000d60       0x50 _build/nrf52832_xxaa/nrf_sdh_ble.c.o
 .debug_aranges
                0x0000000000000db0       0x28 _build/nrf52832_xxaa/nrf_sdh_soc.c.o

.debug_ranges   0x0000000000000000     0x7260
 .debug_ranges  0x0000000000000000      0x438 _build/nrf52832_xxaa/main.c.o
 .debug_ranges  0x0000000000000438      0x208 _build/nrf52832_xxaa/system_nrf52.c.o
 .debug_ranges  0x0000000000000640       0x28 _build/nrf52832_xxaa/nrf_log_backend_serial.c.o
 .debug_ranges  0x0000000000000668      0x110 _build/nrf52832_xxaa/nrf_log_backend_uart.c.o
 .debug_ranges  0x0000000000000778       0x10 _build/nrf52832_xxaa/nrf_log_default_backends.c.o
 .debug_ranges  0x0000000000000788      0xcb0 _build/nrf52832_xxaa/nrf_log_frontend.c.o
 .debug_ranges  0x0000000000001438       0xa8 _build/nrf52832_xxaa/nrf_log_str_formatter.c.o
 .debug_ranges  0x00000000000014e0       0x90 _build/nrf52832_xxaa/app_button.c.o
 .debug_ranges  0x0000000000001570       0x18 _build/nrf52832_xxaa/app_error.c.o
 .debug_ranges  0x0000000000001588       0x28 _build/nrf52832_xxaa/app_error_weak.c.o
 .debug_ranges  0x00000000000015b0      0x748 _build/nrf52832_xxaa/app_timer.c.o
 .debug_ranges  0x0000000000001cf8      0x100 _build/nrf52832_xxaa/app_util_platform.c.o
 .debug_ranges  0x0000000000001df8      0x188 _build/nrf52832_xxaa/nrf_atflags.c.o
 .debug_ranges  0x0000000000001f80      0x228 _build/nrf52832_xxaa/nrf_atomic.c.o
 .debug_ranges  0x00000000000021a8       0x78 _build/nrf52832_xxaa/nrf_balloc.c.o
 .debug_ranges  0x0000000000002220       0x18 _build/nrf52832_xxaa/nrf_fprintf.c.o
 .debug_ranges  0x0000000000002238      0x3c8 _build/nrf52832_xxaa/nrf_fprintf_format.c.o
 .debug_ranges  0x0000000000002600       0xb8 _build/nrf52832_xxaa/nrf_memobj.c.o
 .debug_ranges  0x00000000000026b8      0x118 _build/nrf52832_xxaa/nrf_pwr_mgmt.c.o
 .debug_ranges  0x00000000000027d0       0x40 _build/nrf52832_xxaa/nrf_ringbuf.c.o
 .debug_ranges  0x0000000000002810       0x18 _build/nrf52832_xxaa/nrf_section_iter.c.o
 .debug_ranges  0x0000000000002828       0xb0 _build/nrf52832_xxaa/nrf_strerror.c.o
 .debug_ranges  0x00000000000028d8      0x968 _build/nrf52832_xxaa/boards.c.o
 .debug_ranges  0x0000000000003240      0x350 _build/nrf52832_xxaa/nrf_drv_clock.c.o
 .debug_ranges  0x0000000000003590       0x20 _build/nrf52832_xxaa/nrf_drv_uart.c.o
 .debug_ranges  0x00000000000035b0      0x2d8 _build/nrf52832_xxaa/nrfx_clock.c.o
 .debug_ranges  0x0000000000003888     0x1408 _build/nrf52832_xxaa/nrfx_gpiote.c.o
 .debug_ranges  0x0000000000004c90       0x60 _build/nrf52832_xxaa/nrfx_prs.c.o
 .debug_ranges  0x0000000000004cf0      0x970 _build/nrf52832_xxaa/nrfx_uart.c.o
 .debug_ranges  0x0000000000005660      0x840 _build/nrf52832_xxaa/nrfx_uarte.c.o
 .debug_ranges  0x0000000000005ea0      0x310 _build/nrf52832_xxaa/ble_advdata.c.o
 .debug_ranges  0x00000000000061b0      0x2e0 _build/nrf52832_xxaa/ble_conn_params.c.o
 .debug_ranges  0x0000000000006490      0x388 _build/nrf52832_xxaa/ble_conn_state.c.o
 .debug_ranges  0x0000000000006818      0x148 _build/nrf52832_xxaa/ble_srv_common.c.o
 .debug_ranges  0x0000000000006960      0x100 _build/nrf52832_xxaa/nrf_ble_gatt.c.o
 .debug_ranges  0x0000000000006a60       0xe8 _build/nrf52832_xxaa/nrf_ble_qwr.c.o
 .debug_ranges  0x0000000000006b48       0x60 _build/nrf52832_xxaa/ble_lbs.c.o
 .debug_ranges  0x0000000000006ba8      0x548 _build/nrf52832_xxaa/nrf_sdh.c.o
 .debug_ranges  0x00000000000070f0      0x108 _build/nrf52832_xxaa/nrf_sdh_ble.c.o
 .debug_ranges  0x00000000000071f8       0x68 _build/nrf52832_xxaa/nrf_sdh_soc.c.o

.debug_macro    0x0000000000000000    0x203c4
 .debug_macro   0x0000000000000000      0x65f _build/nrf52832_xxaa/main.c.o
 .debug_macro   0x000000000000065f      0xad8 _build/nrf52832_xxaa/main.c.o
 .debug_macro   0x0000000000001137       0x22 _build/nrf52832_xxaa/main.c.o
 .debug_macro   0x0000000000001159       0x56 _build/nrf52832_xxaa/main.c.o
 .debug_macro   0x00000000000011af       0x51 _build/nrf52832_xxaa/main.c.o
 .debug_macro   0x0000000000001200       0xef _build/nrf52832_xxaa/main.c.o
 .debug_macro   0x00000000000012ef       0x6a _build/nrf52832_xxaa/main.c.o
 .debug_macro   0x0000000000001359      0x1df _build/nrf52832_xxaa/main.c.o
 .debug_macro   0x0000000000001538       0x5e _build/nrf52832_xxaa/main.c.o
 .debug_macro   0x0000000000001596       0x18 _build/nrf52832_xxaa/main.c.o
 .debug_macro   0x00000000000015ae       0x35 _build/nrf52832_xxaa/main.c.o
 .debug_macro   0x00000000000015e3       0x34 _build/nrf52832_xxaa/main.c.o
 .debug_macro   0x0000000000001617      0x16d _build/nrf52832_xxaa/main.c.o
 .debug_macro   0x0000000000001784       0x58 _build/nrf52832_xxaa/main.c.o
 .debug_macro   0x00000000000017dc       0x1f _build/nrf52832_xxaa/main.c.o
 .debug_macro   0x00000000000017fb       0x43 _build/nrf52832_xxaa/main.c.o
 .debug_macro   0x000000000000183e       0x20 _build/nrf52832_xxaa/main.c.o
 .debug_macro   0x000000000000185e      0x18e _build/nrf52832_xxaa/main.c.o
 .debug_macro   0x00000000000019ec      0x35c _build/nrf52832_xxaa/main.c.o
 .debug_macro   0x0000000000001d48       0x10 _build/nrf52832_xxaa/main.c.o
 .debug_macro   0x0000000000001d58       0x35 _build/nrf52832_xxaa/main.c.o
 .debug_macro   0x0000000000001d8d      0x16d _build/nrf52832_xxaa/main.c.o
 .debug_macro   0x0000000000001efa       0x22 _build/nrf52832_xxaa/main.c.o