Archive member included to satisfy reference by file (symbol)

/usr/lib/gcc/arm-none-eabi/9.2.0/../../../../arm-none-eabi/lib/thumb/v7e-m+fp/hard/libc_nano.a(lib_a-atexit.o)
                              /usr/lib/gcc/arm-none-eabi/9.2.0/../../../../arm-none-eabi/lib/thumb/v7e-m+fp/hard/crt0.o (atexit)
/usr/lib/gcc/arm-none-eabi/9.2.0/../../../../arm-none-eabi/lib/thumb/v7e-m+fp/hard/libc_nano.a(lib_a-ctype_.o)
                              _build/nrf52832_xxaa/nrf_log_str_formatter.c.o (_ctype_)
/usr/lib/gcc/arm-none-eabi/9.2.0/../../../../arm-none-eabi/lib/thumb/v7e-m+fp/hard/libc_nano.a(lib_a-exit.o)
                              /usr/lib/gcc/arm-none-eabi/9.2.0/../../../../arm-none-eabi/lib/thumb/v7e-m+fp/hard/crt0.o (exit)
/usr/lib/gcc/arm-none-eabi/9.2.0/../../../../arm-none-eabi/lib/thumb/v7e-m+fp/hard/libc_nano.a(lib_a-fini.o)
                              /usr/lib/gcc/arm-none-eabi/9.2.0/../../../../arm-none-eabi/lib/thumb/v7e-m+fp/hard/crt0.o (__libc_fini_array)
/usr/lib/gcc/arm-none-eabi/9.2.0/../../../../arm-none-eabi/lib/thumb/v7e-m+fp/hard/libc_nano.a(lib_a-impure.o)
                              /usr/lib/gcc/arm-none-eabi/9.2.0/../../../../arm-none-eabi/lib/thumb/v7e-m+fp/hard/libc_nano.a(lib_a-exit.o) (_global_impure_ptr)
/usr/lib/gcc/arm-none-eabi/9.2.0/../../../../arm-none-eabi/lib/thumb/v7e-m+fp/hard/libc_nano.a(lib_a-init.o)
                              /usr/lib/gcc/arm-none-eabi/9.2.0/../../../../arm-none-eabi/lib/thumb/v7e-m+fp/hard/crt0.o (__libc_init_array)
/usr/lib/gcc/arm-none-eabi/9.2.0/../../../../arm-none-eabi/lib/thumb/v7e-m+fp/hard/libc_nano.a(lib_a-memcmp.o)
                              _build/nrf52832_xxaa/ble_advdata.c.o (memcmp)
/usr/lib/gcc/arm-none-eabi/9.2.0/../../../../arm-none-eabi/lib/thumb/v7e-m+fp/hard/libc_nano.a(lib_a-memcpy-stub.o)
                              _build/nrf52832_xxaa/nrf_log_frontend.c.o (memcpy)
/usr/lib/gcc/arm-none-eabi/9.2.0/../../../../arm-none-eabi/lib/thumb/v7e-m+fp/hard/libc_nano.a(lib_a-memset.o)
                              /usr/lib/gcc/arm-none-eabi/9.2.0/../../../../arm-none-eabi/lib/thumb/v7e-m+fp/hard/crt0.o (memset)
/usr/lib/gcc/arm-none-eabi/9.2.0/../../../../arm-none-eabi/lib/thumb/v7e-m+fp/hard/libc_nano.a(lib_a-strcmp.o)
                              _build/nrf52832_xxaa/nrf_ble_scan.c.o (strcmp)
/usr/lib/gcc/arm-none-eabi/9.2.0/../../../../arm-none-eabi/lib/thumb/v7e-m+fp/hard/libc_nano.a(lib_a-strcpy.o)
                              _build/nrf52832_xxaa/SEGGER_RTT.c.o (strcpy)
/usr/lib/gcc/arm-none-eabi/9.2.0/../../../../arm-none-eabi/lib/thumb/v7e-m+fp/hard/libc_nano.a(lib_a-strlen.o)
                              _build/nrf52832_xxaa/nrf_log_frontend.c.o (strlen)
/usr/lib/gcc/arm-none-eabi/9.2.0/../../../../arm-none-eabi/lib/thumb/v7e-m+fp/hard/libc_nano.a(lib_a-__atexit.o)
                              /usr/lib/gcc/arm-none-eabi/9.2.0/../../../../arm-none-eabi/lib/thumb/v7e-m+fp/hard/libc_nano.a(lib_a-atexit.o) (__register_exitproc)
/usr/lib/gcc/arm-none-eabi/9.2.0/../../../../arm-none-eabi/lib/thumb/v7e-m+fp/hard/libc_nano.a(lib_a-__call_atexit.o)
                              /usr/lib/gcc/arm-none-eabi/9.2.0/../../../../arm-none-eabi/lib/thumb/v7e-m+fp/hard/libc_nano.a(lib_a-__atexit.o) (__call_exitprocs)
/usr/lib/gcc/arm-none-eabi/9.2.0/../../../../arm-none-eabi/lib/thumb/v7e-m+fp/hard/libc_nano.a(lib_a-lock.o)
                              /usr/lib/gcc/arm-none-eabi/9.2.0/../../../../arm-none-eabi/lib/thumb/v7e-m+fp/hard/libc_nano.a(lib_a-__atexit.o) (__retarget_lock_acquire_recursive)
/usr/lib/gcc/arm-none-eabi/9.2.0/../../../../arm-none-eabi/lib/thumb/v7e-m+fp/hard/libnosys.a(_exit.o)
                              /usr/lib/gcc/arm-none-eabi/9.2.0/../../../../arm-none-eabi/lib/thumb/v7e-m+fp/hard/libc_nano.a(lib_a-exit.o) (_exit)
/usr/lib/gcc/arm-none-eabi/9.2.0/thumb/v7e-m+fp/hard/libgcc.a(_aeabi_ldivmod.o)
                              _build/nrf52832_xxaa/bsp.c.o (__aeabi_ldivmod)
/usr/lib/gcc/arm-none-eabi/9.2.0/thumb/v7e-m+fp/hard/libgcc.a(_aeabi_uldivmod.o)
                              _build/nrf52832_xxaa/bsp.c.o (__aeabi_uldivmod)
/usr/lib/gcc/arm-none-eabi/9.2.0/thumb/v7e-m+fp/hard/libgcc.a(_udivmoddi4.o)
                              /usr/lib/gcc/arm-none-eabi/9.2.0/thumb/v7e-m+fp/hard/libgcc.a(_aeabi_ldivmod.o) (__udivmoddi4)
/usr/lib/gcc/arm-none-eabi/9.2.0/thumb/v7e-m+fp/hard/libgcc.a(_dvmd_tls.o)
                              /usr/lib/gcc/arm-none-eabi/9.2.0/thumb/v7e-m+fp/hard/libgcc.a(_aeabi_ldivmod.o) (__aeabi_ldiv0)

Allocating common symbols
Common symbol       size              file

nrf_nvic_state      0xc               _build/nrf52832_xxaa/app_util_platform.c.o
__lock___atexit_recursive_mutex
                    0x1               /usr/lib/gcc/arm-none-eabi/9.2.0/../../../../arm-none-eabi/lib/thumb/v7e-m+fp/hard/libc_nano.a(lib_a-lock.o)
__lock___arc4random_mutex
[...]
Memory Configuration

Name             Origin             Length             Attributes
FLASH            0x0000000000026000 0x000000000005a000 xr
RAM              0x0000000020001d70 0x000000000000e290 xrw
*default*        0x0000000000000000 0xffffffffffffffff

Linker script and memory map


.text           0x0000000000026000     0x73a0
 *(.isr_vector)
 .isr_vector    0x0000000000026000      0x200 _build/nrf52832_xxaa/gcc_startup_nrf52.S.o
                0x0000000000026000                __isr_vector
 *(.text*)
 .text.__do_global_dtors_aux
                0x0000000000026200       0x24 /usr/lib/gcc/arm-none-eabi/9.2.0/thumb/v7e-m+fp/hard/crtbegin.o
 .text.frame_dummy
                0x0000000000026224       0x1c /usr/lib/gcc/arm-none-eabi/9.2.0/thumb/v7e-m+fp/hard/crtbegin.o
 .text          0x0000000000026240       0x68 /usr/lib/gcc/arm-none-eabi/9.2.0/../../../../arm-none-eabi/lib/thumb/v7e-m+fp/hard/crt0.o
                0x0000000000026240                _mainCRTStartup
                0x0000000000026240                _start
 .text.sd_ble_gap_conn_param_update
                0x00000000000262a8        0x4 _build/nrf52832_xxaa/main.c.o
 .text.sd_ble_gap_disconnect
                0x00000000000262ac        0x4 _build/nrf52832_xxaa/main.c.o
 .text.sd_ble_gap_phy_update
                0x00000000000262b0        0x4 _build/nrf52832_xxaa/main.c.o
 .text.db_disc_handler
                0x00000000000262b4        0xc _build/nrf52832_xxaa/main.c.o
 .text.scan_evt_handler
                0x00000000000262c0       0x14 _build/nrf52832_xxaa/main.c.o
 .text.button_event_handler
                0x00000000000262d4       0x54 _build/nrf52832_xxaa/main.c.o
 .text.lbs_c_evt_handler
                0x0000000000026328       0x90 _build/nrf52832_xxaa/main.c.o
 .text.ble_evt_handler
                0x00000000000263b8      0x104 _build/nrf52832_xxaa/main.c.o
 .text.startup.main
                0x00000000000264bc      0x17c _build/nrf52832_xxaa/main.c.o
                0x00000000000264bc                main
 .text          0x0000000000026638       0x3c _build/nrf52832_xxaa/gcc_startup_nrf52.S.o
                0x0000000000026638                Reset_Handler
                0x0000000000026660                NMI_Handler
                0x0000000000026662                HardFault_Handler
                0x0000000000026664                MemoryManagement_Handler
                0x0000000000026666                BusFault_Handler
                0x0000000000026668                UsageFault_Handler
                0x000000000002666a                SVC_Handler
                0x000000000002666c                DebugMon_Handler
                0x000000000002666e                PendSV_Handler
                0x0000000000026670                SysTick_Handler
                0x0000000000026672                TIMER2_IRQHandler
                0x0000000000026672                RTC0_IRQHandler
                0x0000000000026672                PWM1_IRQHandler
                0x0000000000026672                RADIO_IRQHandler
                0x0000000000026672                PDM_IRQHandler
                0x0000000000026672                TEMP_IRQHandler
                0x0000000000026672                QDEC_IRQHandler
                0x0000000000026672                TIMER3_IRQHandler
                0x0000000000026672                FPU_IRQHandler
                0x0000000000026672                SPIM0_SPIS0_TWIM0_TWIS0_SPI0_TWI0_IRQHandler
                0x0000000000026672                TIMER4_IRQHandler
                0x0000000000026672                I2S_IRQHandler
                0x0000000000026672                SWI4_EGU4_IRQHandler
                0x0000000000026672                TIMER0_IRQHandler
                0x0000000000026672                TIMER1_IRQHandler
                0x0000000000026672                PWM2_IRQHandler
                0x0000000000026672                ECB_IRQHandler
                0x0000000000026672                SPIM1_SPIS1_TWIM1_TWIS1_SPI1_TWI1_IRQHandler
                0x0000000000026672                Default_Handler
                0x0000000000026672                SAADC_IRQHandler
                0x0000000000026672                CCM_AAR_IRQHandler
                0x0000000000026672                WDT_IRQHandler
                0x0000000000026672                SWI5_EGU5_IRQHandler
                0x0000000000026672                RNG_IRQHandler
                0x0000000000026672                RTC2_IRQHandler
                0x0000000000026672                PWM0_IRQHandler
                0x0000000000026672                SWI3_EGU3_IRQHandler
                0x0000000000026672                SWI1_EGU1_IRQHandler
                0x0000000000026672                SPIM2_SPIS2_SPI2_IRQHandler
                0x0000000000026672                NFCT_IRQHandler
                0x0000000000026672                MWU_IRQHandler
                0x0000000000026672                COMP_LPCOMP_IRQHandler
 .text.SystemInit
                0x0000000000026674      0x3b4 _build/nrf52832_xxaa/system_nrf52.c.o
                0x0000000000026674                SystemInit
 .text.nrf_log_backend_serial_put
                0x0000000000026a28       0xd8 _build/nrf52832_xxaa/nrf_log_backend_serial.c.o
                0x0000000000026a28                nrf_log_backend_serial_put
 .text.uart_evt_handler
                0x0000000000026b00        0xc _build/nrf52832_xxaa/nrf_log_backend_uart.c.o
 .text.nrf_log_backend_uart_flush
                0x0000000000026b0c        0x4 _build/nrf52832_xxaa/nrf_log_backend_uart.c.o
 .text.nrf_log_backend_uart_put
                0x0000000000026b10       0x20 _build/nrf52832_xxaa/nrf_log_backend_uart.c.o
 .text.serial_tx
                0x0000000000026b30       0x4c _build/nrf52832_xxaa/nrf_log_backend_uart.c.o
 .text.nrf_log_backend_uart_panic_set
                0x0000000000026b7c       0x64 _build/nrf52832_xxaa/nrf_log_backend_uart.c.o
 .text.nrf_log_backend_uart_init
                0x0000000000026be0       0x4c _build/nrf52832_xxaa/nrf_log_backend_uart.c.o
                0x0000000000026be0                nrf_log_backend_uart_init
 .text.nrf_log_default_backends_init
                0x0000000000026c2c       0x20 _build/nrf52832_xxaa/nrf_log_default_backends.c.o
                0x0000000000026c2c                nrf_log_default_backends_init
 .text.nrf_log_init
                0x0000000000026c4c       0x40 _build/nrf52832_xxaa/nrf_log_frontend.c.o
                0x0000000000026c4c                nrf_log_init
 .text.nrf_log_module_name_get
                0x0000000000026c8c       0x48 _build/nrf52832_xxaa/nrf_log_frontend.c.o
                0x0000000000026c8c                nrf_log_module_name_get
 .text.nrf_log_color_id_get
                0x0000000000026cd4       0x2c _build/nrf52832_xxaa/nrf_log_frontend.c.o
                0x0000000000026cd4                nrf_log_color_id_get
 .text.nrf_log_frontend_dequeue
                0x0000000000026d00      0x274 _build/nrf52832_xxaa/nrf_log_frontend.c.o
                0x0000000000026d00                nrf_log_frontend_dequeue
 .text.nrf_log_frontend_std_0
                0x0000000000026f74      0x19c _build/nrf52832_xxaa/nrf_log_frontend.c.o
                0x0000000000026f74                nrf_log_frontend_std_0
 .text.nrf_log_frontend_std_1
                0x0000000000027110      0x1ac _build/nrf52832_xxaa/nrf_log_frontend.c.o
                0x0000000000027110                nrf_log_frontend_std_1
 .text.nrf_log_frontend_std_2
                0x00000000000272bc      0x1bc _build/nrf52832_xxaa/nrf_log_frontend.c.o
                0x00000000000272bc                nrf_log_frontend_std_2
 .text.nrf_log_backend_add
                0x0000000000027478       0x5c _build/nrf52832_xxaa/nrf_log_frontend.c.o
                0x0000000000027478                nrf_log_backend_add
 .text.nrf_log_panic
                0x00000000000274d4       0x2c _build/nrf52832_xxaa/nrf_log_frontend.c.o
                0x00000000000274d4                nrf_log_panic
 .text.prefix_process
                0x0000000000027500       0x80 _build/nrf52832_xxaa/nrf_log_str_formatter.c.o
 .text.nrf_log_std_entry_process
                0x0000000000027580       0xf0 _build/nrf52832_xxaa/nrf_log_str_formatter.c.o
                0x0000000000027580                nrf_log_std_entry_process
 .text.nrf_log_hexdump_entry_process
                0x0000000000027670       0xfc _build/nrf52832_xxaa/nrf_log_str_formatter.c.o
                0x0000000000027670                nrf_log_hexdump_entry_process
 .text.detection_delay_timeout_handler
                0x000000000002776c      0x10c _build/nrf52832_xxaa/app_button.c.o
 .text.gpiote_event_handler
                0x0000000000027878       0xa0 _build/nrf52832_xxaa/app_button.c.o
 .text.app_button_init
                0x0000000000027918       0xb0 _build/nrf52832_xxaa/app_button.c.o
                0x0000000000027918                app_button_init
 .text.app_button_enable
                0x00000000000279c8       0x2c _build/nrf52832_xxaa/app_button.c.o
                0x00000000000279c8                app_button_enable
 .text.app_error_handler_bare
                0x00000000000279f4       0x20 _build/nrf52832_xxaa/app_error.c.o
                0x00000000000279f4                app_error_handler_bare
 .text.app_error_fault_handler
                0x0000000000027a14       0x70 _build/nrf52832_xxaa/app_error_weak.c.o
                0x0000000000027a14                app_error_fault_handler
 .text.RTC1_IRQHandler
                0x0000000000027a84       0xa0 _build/nrf52832_xxaa/app_timer.c.o
                0x0000000000027a84                RTC1_IRQHandler
 .text.SWI0_EGU0_IRQHandler
                0x0000000000027b24      0x3cc _build/nrf52832_xxaa/app_timer.c.o
                0x0000000000027b24                SWI0_EGU0_IRQHandler
 .text.app_timer_init
                0x0000000000027ef0       0xa8 _build/nrf52832_xxaa/app_timer.c.o
                0x0000000000027ef0                app_timer_init
 .text.app_timer_create
                0x0000000000027f98       0x24 _build/nrf52832_xxaa/app_timer.c.o
                0x0000000000027f98                app_timer_create
 .text.app_timer_start
                0x0000000000027fbc       0xb0 _build/nrf52832_xxaa/app_timer.c.o
                0x0000000000027fbc                app_timer_start
 .text.app_timer_stop
                0x000000000002806c       0x74 _build/nrf52832_xxaa/app_timer.c.o
                0x000000000002806c                app_timer_stop
 .text.app_util_critical_region_enter
                0x00000000000280e0       0x4c _build/nrf52832_xxaa/app_util_platform.c.o
                0x00000000000280e0                app_util_critical_region_enter
 .text.app_util_critical_region_exit
                0x000000000002812c       0x30 _build/nrf52832_xxaa/app_util_platform.c.o
                0x000000000002812c                app_util_critical_region_exit
 .text.nrf_atflags_set
                0x000000000002815c       0x14 _build/nrf52832_xxaa/nrf_atflags.c.o
                0x000000000002815c                nrf_atflags_set
 .text.nrf_atflags_clear
                0x0000000000028170       0x14 _build/nrf52832_xxaa/nrf_atflags.c.o
                0x0000000000028170                nrf_atflags_clear
 .text.nrf_atflags_get
                0x0000000000028184       0x14 _build/nrf52832_xxaa/nrf_atflags.c.o
                0x0000000000028184                nrf_atflags_get
 .text.nrf_atomic_u32_fetch_store
                0x0000000000028198       0x1c _build/nrf52832_xxaa/nrf_atomic.c.o
                0x0000000000028198                nrf_atomic_u32_fetch_store
 .text.nrf_atomic_u32_or
                0x00000000000281b4       0x1c _build/nrf52832_xxaa/nrf_atomic.c.o
                0x00000000000281b4                nrf_atomic_u32_or
 .text.nrf_atomic_u32_and
                0x00000000000281d0       0x1c _build/nrf52832_xxaa/nrf_atomic.c.o
                0x00000000000281d0                nrf_atomic_u32_and
 .text.nrf_atomic_u32_add
                0x00000000000281ec       0x1c _build/nrf52832_xxaa/nrf_atomic.c.o
                0x00000000000281ec                nrf_atomic_u32_add
 .text.nrf_atomic_u32_sub
                0x0000000000028208       0x1c _build/nrf52832_xxaa/nrf_atomic.c.o
                0x0000000000028208                nrf_atomic_u32_sub
 .text.nrf_atomic_flag_set
                0x0000000000028224       0x20 _build/nrf52832_xxaa/nrf_atomic.c.o
                0x0000000000028224                nrf_atomic_flag_set
 .text.nrf_atomic_flag_clear_fetch
                0x0000000000028244       0x20 _build/nrf52832_xxaa/nrf_atomic.c.o
                0x0000000000028244                nrf_atomic_flag_clear_fetch
 .text.nrf_balloc_init
                0x0000000000028264       0x38 _build/nrf52832_xxaa/nrf_balloc.c.o
                0x0000000000028264                nrf_balloc_init
 .text.nrf_balloc_alloc
                0x000000000002829c       0x50 _build/nrf52832_xxaa/nrf_balloc.c.o
                0x000000000002829c                nrf_balloc_alloc
 .text.nrf_balloc_free
                0x00000000000282ec       0x38 _build/nrf52832_xxaa/nrf_balloc.c.o
                0x00000000000282ec                nrf_balloc_free
 .text.nrf_fprintf_buffer_flush
                0x0000000000028324       0x18 _build/nrf52832_xxaa/nrf_fprintf.c.o
                0x0000000000028324                nrf_fprintf_buffer_flush
 .text.nrf_fprintf
                0x000000000002833c       0x20 _build/nrf52832_xxaa/nrf_fprintf.c.o
                0x000000000002833c                nrf_fprintf
 .text.unsigned_print
                0x000000000002835c      0x170 _build/nrf52832_xxaa/nrf_fprintf_format.c.o
 .text.nrf_fprintf_fmt
                0x00000000000284cc      0x66c _build/nrf52832_xxaa/nrf_fprintf_format.c.o
                0x00000000000284cc                nrf_fprintf_fmt
 .text.nrf_memobj_pool_init
                0x0000000000028b38        0x4 _build/nrf52832_xxaa/nrf_memobj.c.o
                0x0000000000028b38                nrf_memobj_pool_init
 .text.nrf_memobj_alloc
                0x0000000000028b3c       0x9c _build/nrf52832_xxaa/nrf_memobj.c.o
                0x0000000000028b3c                nrf_memobj_alloc
 .text.nrf_memobj_get
                0x0000000000028bd8        0x8 _build/nrf52832_xxaa/nrf_memobj.c.o
                0x0000000000028bd8                nrf_memobj_get
 .text.nrf_memobj_put
                0x0000000000028be0       0x5c _build/nrf52832_xxaa/nrf_memobj.c.o
                0x0000000000028be0                nrf_memobj_put
 .text.nrf_memobj_write
                0x0000000000028c3c       0x68 _build/nrf52832_xxaa/nrf_memobj.c.o
                0x0000000000028c3c                nrf_memobj_write
 .text.nrf_memobj_read
                0x0000000000028ca4       0x68 _build/nrf52832_xxaa/nrf_memobj.c.o
                0x0000000000028ca4                nrf_memobj_read
 .text.sd_app_evt_wait
                0x0000000000028d0c        0x4 _build/nrf52832_xxaa/nrf_pwr_mgmt.c.o
 .text.nrf_pwr_mgmt_init
                0x0000000000028d10       0x2c _build/nrf52832_xxaa/nrf_pwr_mgmt.c.o
                0x0000000000028d10                nrf_pwr_mgmt_init
 .text.nrf_pwr_mgmt_run
                0x0000000000028d3c       0x54 _build/nrf52832_xxaa/nrf_pwr_mgmt.c.o
                0x0000000000028d3c                nrf_pwr_mgmt_run
 .text.nrf_ringbuf_init
                0x0000000000028d90       0x1c _build/nrf52832_xxaa/nrf_ringbuf.c.o
                0x0000000000028d90                nrf_ringbuf_init
 .text.nrf_section_iter_init
                0x0000000000028dac       0x14 _build/nrf52832_xxaa/nrf_section_iter.c.o
                0x0000000000028dac                nrf_section_iter_init
 .text.nrf_section_iter_next
                0x0000000000028dc0       0x18 _build/nrf52832_xxaa/nrf_section_iter.c.o
                0x0000000000028dc0                nrf_section_iter_next
 .text.nrf_strerror_get
                0x0000000000028dd8       0x50 _build/nrf52832_xxaa/nrf_strerror.c.o
                0x0000000000028dd8                nrf_strerror_get
 .text.bsp_board_led_on
                0x0000000000028e28       0x18 _build/nrf52832_xxaa/boards.c.o
                0x0000000000028e28                bsp_board_led_on
 .text.bsp_board_led_off
                0x0000000000028e40       0x18 _build/nrf52832_xxaa/boards.c.o
                0x0000000000028e40                bsp_board_led_off
 .text.bsp_board_init
                0x0000000000028e58       0x5c _build/nrf52832_xxaa/boards.c.o
                0x0000000000028e58                bsp_board_init
 .text.clock_irq_handler
                0x0000000000028eb4       0x44 _build/nrf52832_xxaa/nrf_drv_clock.c.o
 .text.soc_evt_handler
                0x0000000000028ef8       0x28 _build/nrf52832_xxaa/nrf_drv_clock.c.o
 .text.sd_state_evt_handler
                0x0000000000028f20       0xa8 _build/nrf52832_xxaa/nrf_drv_clock.c.o
 .text.uarte_evt_handler
                0x0000000000028fc8       0x34 _build/nrf52832_xxaa/nrf_drv_uart.c.o
 .text.uart_evt_handler
                0x0000000000028ffc       0x34 _build/nrf52832_xxaa/nrf_drv_uart.c.o
 .text.nrf_drv_uart_init
                0x0000000000029030       0x80 _build/nrf52832_xxaa/nrf_drv_uart.c.o
                0x0000000000029030                nrf_drv_uart_init
 .text.nrfx_clock_init
                0x00000000000290b0       0x18 _build/nrf52832_xxaa/nrfx_clock.c.o
                0x00000000000290b0                nrfx_clock_init
 .text.nrfx_clock_enable
                0x00000000000290c8       0x24 _build/nrf52832_xxaa/nrfx_clock.c.o
                0x00000000000290c8                nrfx_clock_enable
 .text.nrfx_clock_lfclk_stop
                0x00000000000290ec       0x18 _build/nrf52832_xxaa/nrfx_clock.c.o
                0x00000000000290ec                nrfx_clock_lfclk_stop
 .text.POWER_CLOCK_IRQHandler
                0x0000000000029104       0x6c _build/nrf52832_xxaa/nrfx_clock.c.o
                0x0000000000029104                POWER_CLOCK_IRQHandler
 .text.nrfx_gpiote_init
                0x0000000000029170       0x94 _build/nrf52832_xxaa/nrfx_gpiote.c.o
                0x0000000000029170                nrfx_gpiote_init
 .text.nrfx_gpiote_is_init
                0x0000000000029204       0x14 _build/nrf52832_xxaa/nrfx_gpiote.c.o
                0x0000000000029204                nrfx_gpiote_is_init
 .text.nrfx_gpiote_in_init
                0x0000000000029218      0x1c4 _build/nrf52832_xxaa/nrfx_gpiote.c.o
                0x0000000000029218                nrfx_gpiote_in_init
 .text.nrfx_gpiote_in_event_enable
                0x00000000000293dc       0xbc _build/nrf52832_xxaa/nrfx_gpiote.c.o
                0x00000000000293dc                nrfx_gpiote_in_event_enable
 .text.nrfx_gpiote_in_is_set
                0x0000000000029498       0x14 _build/nrf52832_xxaa/nrfx_gpiote.c.o
                0x0000000000029498                nrfx_gpiote_in_is_set
 .text.GPIOTE_IRQHandler
                0x00000000000294ac      0x4ec _build/nrf52832_xxaa/nrfx_gpiote.c.o
                0x00000000000294ac                GPIOTE_IRQHandler
 .text.UARTE0_UART0_IRQHandler
                0x0000000000029998        0xc _build/nrf52832_xxaa/nrfx_prs.c.o
                0x0000000000029998                UARTE0_UART0_IRQHandler
 .text.nrfx_prs_acquire
                0x00000000000299a4       0x50 _build/nrf52832_xxaa/nrfx_prs.c.o
                0x00000000000299a4                nrfx_prs_acquire
 .text.nrfx_prs_release
                0x00000000000299f4       0x18 _build/nrf52832_xxaa/nrfx_prs.c.o
                0x00000000000299f4                nrfx_prs_release
 .text.nrfx_uart_0_irq_handler
                0x0000000000029a0c      0x1c0 _build/nrf52832_xxaa/nrfx_uart.c.o
                0x0000000000029a0c                nrfx_uart_0_irq_handler
 .text.nrfx_uart_init
                0x0000000000029bcc      0x198 _build/nrf52832_xxaa/nrfx_uart.c.o
                0x0000000000029bcc                nrfx_uart_init
 .text.nrfx_uart_uninit
                0x0000000000029d64       0xcc _build/nrf52832_xxaa/nrfx_uart.c.o
                0x0000000000029d64                nrfx_uart_uninit
 .text.nrfx_uart_tx
                0x0000000000029e30       0xd0 _build/nrf52832_xxaa/nrfx_uart.c.o
                0x0000000000029e30                nrfx_uart_tx
 .text.nrfx_uarte_0_irq_handler
                0x0000000000029f00      0x128 _build/nrf52832_xxaa/nrfx_uarte.c.o
                0x0000000000029f00                nrfx_uarte_0_irq_handler
 .text.nrfx_uarte_init
                0x000000000002a028      0x1c0 _build/nrf52832_xxaa/nrfx_uarte.c.o
                0x000000000002a028                nrfx_uarte_init
 .text.nrfx_uarte_uninit
                0x000000000002a1e8       0xd4 _build/nrf52832_xxaa/nrfx_uarte.c.o
                0x000000000002a1e8                nrfx_uarte_uninit
 .text.nrfx_uarte_tx
                0x000000000002a2bc       0xa8 _build/nrf52832_xxaa/nrfx_uarte.c.o
                0x000000000002a2bc                nrfx_uarte_tx
 .text.bsp_event_to_button_action_assign
                0x000000000002a364       0x54 _build/nrf52832_xxaa/bsp.c.o
                0x000000000002a364                bsp_event_to_button_action_assign
 .text.ble_evt_handler
                0x000000000002a3b8       0xac _build/nrf52832_xxaa/bsp_btn_ble.c.o
 .text.ble_advdata_name_find
                0x000000000002a464       0x74 _build/nrf52832_xxaa/ble_advdata.c.o
                0x000000000002a464                ble_advdata_name_find
 .text.ble_evt_handler
                0x000000000002a4d8      0x124 _build/nrf52832_xxaa/ble_conn_state.c.o
 .text.sd_ble_gattc_primary_services_discover
                0x000000000002a5fc        0x4 _build/nrf52832_xxaa/ble_db_discovery.c.o
 .text.sd_ble_gattc_characteristics_discover
                0x000000000002a600        0x4 _build/nrf52832_xxaa/ble_db_discovery.c.o
 .text.sd_ble_gattc_descriptors_discover
                0x000000000002a604        0x4 _build/nrf52832_xxaa/ble_db_discovery.c.o
 .text.discovery_error_evt_trigger
                0x000000000002a608       0xd8 _build/nrf52832_xxaa/ble_db_discovery.c.o
 .text.discovery_complete_evt_trigger
                0x000000000002a6e0      0x12c _build/nrf52832_xxaa/ble_db_discovery.c.o
 .text.descriptors_discover
                0x000000000002a80c       0xcc _build/nrf52832_xxaa/ble_db_discovery.c.o
 .text.ble_db_discovery_init
                0x000000000002a8d8       0x34 _build/nrf52832_xxaa/ble_db_discovery.c.o
                0x000000000002a8d8                ble_db_discovery_init
 .text.ble_db_discovery_evt_register
                0x000000000002a90c       0xcc _build/nrf52832_xxaa/ble_db_discovery.c.o
                0x000000000002a90c                ble_db_discovery_evt_register
 .text.ble_db_discovery_start
                0x000000000002a9d8       0x84 _build/nrf52832_xxaa/ble_db_discovery.c.o
                0x000000000002a9d8                ble_db_discovery_start
 .text.ble_db_discovery_on_ble_evt
                0x000000000002aa5c      0xa04 _build/nrf52832_xxaa/ble_db_discovery.c.o
                0x000000000002aa5c                ble_db_discovery_on_ble_evt
 .text.sd_ble_gap_data_length_update
                0x000000000002b460        0x4 _build/nrf52832_xxaa/nrf_ble_gatt.c.o
 .text.sd_ble_gattc_exchange_mtu_request
                0x000000000002b464        0x4 _build/nrf52832_xxaa/nrf_ble_gatt.c.o
 .text.sd_ble_gatts_exchange_mtu_reply
                0x000000000002b468        0x4 _build/nrf52832_xxaa/nrf_ble_gatt.c.o
 .text.data_length_update.constprop.0
                0x000000000002b46c       0x8c _build/nrf52832_xxaa/nrf_ble_gatt.c.o
 .text.nrf_ble_gatt_init
                0x000000000002b4f8       0x28 _build/nrf52832_xxaa/nrf_ble_gatt.c.o
                0x000000000002b4f8                nrf_ble_gatt_init
 .text.nrf_ble_gatt_on_ble_evt
                0x000000000002b520      0x1c8 _build/nrf52832_xxaa/nrf_ble_gatt.c.o
                0x000000000002b520                nrf_ble_gatt_on_ble_evt
 .text.sd_ble_gap_scan_start
                0x000000000002b6e8        0x4 _build/nrf52832_xxaa/nrf_ble_scan.c.o
 .text.sd_ble_gap_scan_stop
                0x000000000002b6ec        0x4 _build/nrf52832_xxaa/nrf_ble_scan.c.o
 .text.sd_ble_gap_connect
                0x000000000002b6f0        0x4 _build/nrf52832_xxaa/nrf_ble_scan.c.o
 .text.nrf_ble_scan_filter_set
                0x000000000002b6f4       0x64 _build/nrf52832_xxaa/nrf_ble_scan.c.o
                0x000000000002b6f4                nrf_ble_scan_filter_set
 .text.nrf_ble_scan_filters_enable
                0x000000000002b758       0x28 _build/nrf52832_xxaa/nrf_ble_scan.c.o
                0x000000000002b758                nrf_ble_scan_filters_enable
 .text.nrf_ble_scan_init
                0x000000000002b780       0xac _build/nrf52832_xxaa/nrf_ble_scan.c.o
                0x000000000002b780                nrf_ble_scan_init
 .text.nrf_ble_scan_start
                0x000000000002b82c       0x74 _build/nrf52832_xxaa/nrf_ble_scan.c.o
                0x000000000002b82c                nrf_ble_scan_start
 .text.nrf_ble_scan_on_ble_evt
                0x000000000002b8a0      0x210 _build/nrf52832_xxaa/nrf_ble_scan.c.o
                0x000000000002b8a0                nrf_ble_scan_on_ble_evt
 .text.sd_ble_gattc_read
                0x000000000002bab0        0x4 _build/nrf52832_xxaa/ble_lbs_c.c.o
 .text.sd_ble_gattc_write
                0x000000000002bab4        0x4 _build/nrf52832_xxaa/ble_lbs_c.c.o
 .text.sd_ble_uuid_vs_add
                0x000000000002bab8        0x4 _build/nrf52832_xxaa/ble_lbs_c.c.o
 .text.ble_lbs_on_db_disc_evt
                0x000000000002babc      0x1f8 _build/nrf52832_xxaa/ble_lbs_c.c.o
                0x000000000002babc                ble_lbs_on_db_disc_evt
 .text.ble_lbs_c_init
                0x000000000002bcb4       0x5c _build/nrf52832_xxaa/ble_lbs_c.c.o
                0x000000000002bcb4                ble_lbs_c_init
 .text.ble_lbs_c_on_ble_evt
                0x000000000002bd10       0xb4 _build/nrf52832_xxaa/ble_lbs_c.c.o
                0x000000000002bd10                ble_lbs_c_on_ble_evt
 .text.ble_lbs_c_button_notif_enable
                0x000000000002bdc4       0x98 _build/nrf52832_xxaa/ble_lbs_c.c.o
                0x000000000002bdc4                ble_lbs_c_button_notif_enable
 .text.ble_lbs_led_status_send
                0x000000000002be5c       0xa4 _build/nrf52832_xxaa/ble_lbs_c.c.o
                0x000000000002be5c                ble_lbs_led_status_send
 .text.ble_lbs_c_handles_assign
                0x000000000002bf00       0x18 _build/nrf52832_xxaa/ble_lbs_c.c.o
                0x000000000002bf00                ble_lbs_c_handles_assign
 .text.sd_softdevice_enable
                0x000000000002bf18        0x4 _build/nrf52832_xxaa/nrf_sdh.c.o
 .text.nrf_sdh_enable_request
                0x000000000002bf1c      0x118 _build/nrf52832_xxaa/nrf_sdh.c.o
                0x000000000002bf1c                nrf_sdh_enable_request
 .text.nrf_sdh_is_enabled
                0x000000000002c034        0xc _build/nrf52832_xxaa/nrf_sdh.c.o
                0x000000000002c034                nrf_sdh_is_enabled
 .text.SWI2_EGU2_IRQHandler
                0x000000000002c040       0x2c _build/nrf52832_xxaa/nrf_sdh.c.o
                0x000000000002c040                SWI2_EGU2_IRQHandler
 .text.sd_ble_enable
                0x000000000002c06c        0x4 _build/nrf52832_xxaa/nrf_sdh_ble.c.o
 .text.sd_ble_cfg_set
                0x000000000002c070        0x4 _build/nrf52832_xxaa/nrf_sdh_ble.c.o
 .text.sd_ble_evt_get
                0x000000000002c074        0x4 _build/nrf52832_xxaa/nrf_sdh_ble.c.o
 .text.nrf_sdh_ble_evts_poll
                0x000000000002c078       0x5c _build/nrf52832_xxaa/nrf_sdh_ble.c.o
 .text.nrf_sdh_ble_default_cfg_set
                0x000000000002c0d4      0x17c _build/nrf52832_xxaa/nrf_sdh_ble.c.o
                0x000000000002c0d4                nrf_sdh_ble_default_cfg_set
 .text.nrf_sdh_ble_enable
                0x000000000002c250       0xa0 _build/nrf52832_xxaa/nrf_sdh_ble.c.o
                0x000000000002c250                nrf_sdh_ble_enable
 .text.sd_evt_get
                0x000000000002c2f0        0x4 _build/nrf52832_xxaa/nrf_sdh_soc.c.o
 .text.nrf_sdh_soc_evts_poll
                0x000000000002c2f4       0x4c _build/nrf52832_xxaa/nrf_sdh_soc.c.o
 .text.atexit   0x000000000002c340        0xc /usr/lib/gcc/arm-none-eabi/9.2.0/../../../../arm-none-eabi/lib/thumb/v7e-m+fp/hard/libc_nano.a(lib_a-atexit.o)
                0x000000000002c340                atexit
 .text.exit     0x000000000002c34c       0x28 /usr/lib/gcc/arm-none-eabi/9.2.0/../../../../arm-none-eabi/lib/thumb/v7e-m+fp/hard/libc_nano.a(lib_a-exit.o)
                0x000000000002c34c                exit
 .text.__libc_fini_array
                0x000000000002c374       0x28 /usr/lib/gcc/arm-none-eabi/9.2.0/../../../../arm-none-eabi/lib/thumb/v7e-m+fp/hard/libc_nano.a(lib_a-fini.o)
                0x000000000002c374                __libc_fini_array
 .text.__libc_init_array
                0x000000000002c39c       0x48 /usr/lib/gcc/arm-none-eabi/9.2.0/../../../../arm-none-eabi/lib/thumb/v7e-m+fp/hard/libc_nano.a(lib_a-init.o)
                0x000000000002c39c                __libc_init_array
 .text.memcmp   0x000000000002c3e4       0x1c /usr/lib/gcc/arm-none-eabi/9.2.0/../../../../arm-none-eabi/lib/thumb/v7e-m+fp/hard/libc_nano.a(lib_a-memcmp.o)
                0x000000000002c3e4                memcmp
 .text.memcpy   0x000000000002c400       0x1c /usr/lib/gcc/arm-none-eabi/9.2.0/../../../../arm-none-eabi/lib/thumb/v7e-m+fp/hard/libc_nano.a(lib_a-memcpy-stub.o)
                0x000000000002c400                memcpy
 .text.memset   0x000000000002c41c       0x10 /usr/lib/gcc/arm-none-eabi/9.2.0/../../../../arm-none-eabi/lib/thumb/v7e-m+fp/hard/libc_nano.a(lib_a-memset.o)
                0x000000000002c41c                memset
 .text          0x000000000002c42c       0x14 /usr/lib/gcc/arm-none-eabi/9.2.0/../../../../arm-none-eabi/lib/thumb/v7e-m+fp/hard/libc_nano.a(lib_a-strcmp.o)
                0x000000000002c42c                strcmp
 .text          0x000000000002c440       0x10 /usr/lib/gcc/arm-none-eabi/9.2.0/../../../../arm-none-eabi/lib/thumb/v7e-m+fp/hard/libc_nano.a(lib_a-strlen.o)
                0x000000000002c440                strlen
 .text.__register_exitproc
                0x000000000002c450       0xc4 /usr/lib/gcc/arm-none-eabi/9.2.0/../../../../arm-none-eabi/lib/thumb/v7e-m+fp/hard/libc_nano.a(lib_a-__atexit.o)
                0x000000000002c450                __register_exitproc
 .text.__call_exitprocs
                0x000000000002c514       0xbc /usr/lib/gcc/arm-none-eabi/9.2.0/../../../../arm-none-eabi/lib/thumb/v7e-m+fp/hard/libc_nano.a(lib_a-__call_atexit.o)
                0x000000000002c514                __call_exitprocs
 .text.__retarget_lock_acquire_recursive
                0x000000000002c5d0        0x2 /usr/lib/gcc/arm-none-eabi/9.2.0/../../../../arm-none-eabi/lib/thumb/v7e-m+fp/hard/libc_nano.a(lib_a-lock.o)
                0x000000000002c5d0                __retarget_lock_acquire_recursive
 .text.__retarget_lock_release
                0x000000000002c5d2        0x2 /usr/lib/gcc/arm-none-eabi/9.2.0/../../../../arm-none-eabi/lib/thumb/v7e-m+fp/hard/libc_nano.a(lib_a-lock.o)
                0x000000000002c5d2                __retarget_lock_release
 .text.__retarget_lock_release_recursive
                0x000000000002c5d4        0x2 /usr/lib/gcc/arm-none-eabi/9.2.0/../../../../arm-none-eabi/lib/thumb/v7e-m+fp/hard/libc_nano.a(lib_a-lock.o)
                0x000000000002c5d4                __retarget_lock_release_recursive
 *fill*         0x000000000002c5d6        0x2 
 .text._exit    0x000000000002c5d8        0x4 /usr/lib/gcc/arm-none-eabi/9.2.0/../../../../arm-none-eabi/lib/thumb/v7e-m+fp/hard/libnosys.a(_exit.o)
                0x000000000002c5d8                _exit
 *(.init)
 .init          0x000000000002c5dc        0x4 /usr/lib/gcc/arm-none-eabi/9.2.0/thumb/v7e-m+fp/hard/crti.o
                0x000000000002c5dc                _init
 .init          0x000000000002c5e0        0x8 /usr/lib/gcc/arm-none-eabi/9.2.0/thumb/v7e-m+fp/hard/crtn.o
 *(.fini)
 .fini          0x000000000002c5e8        0x4 /usr/lib/gcc/arm-none-eabi/9.2.0/thumb/v7e-m+fp/hard/crti.o
                0x000000000002c5e8                _fini
 .fini          0x000000000002c5ec        0x8 /usr/lib/gcc/arm-none-eabi/9.2.0/thumb/v7e-m+fp/hard/crtn.o
 *crtbegin.o(.ctors)
 *crtbegin?.o(.ctors)
 *(EXCLUDE_FILE(*crtend.o *crtend?.o) .ctors)
 *(SORT_BY_NAME(.ctors.*))
 *(.ctors)
 *crtbegin.o(.dtors)
 *crtbegin?.o(.dtors)
 *(EXCLUDE_FILE(*crtend.o *crtend?.o) .dtors)
 *(SORT_BY_NAME(.dtors.*))
 *(.dtors)
 *(.rodata*)
 .rodata.button_event_handler.str1.4
                0x000000000002c5f4       0x17 _build/nrf52832_xxaa/main.c.o
 *fill*         0x000000000002c60b        0x1 
 .rodata.lbs_c_evt_handler.str1.4
                0x000000000002c60c       0x5a _build/nrf52832_xxaa/main.c.o
 *fill*         0x000000000002c666        0x2 
 .rodata.ble_evt_handler.str1.4
                0x000000000002c668       0x1a _build/nrf52832_xxaa/main.c.o
 *fill*         0x000000000002c682        0x2 
 .rodata.main.str1.4
                0x000000000002c684       0x20 _build/nrf52832_xxaa/main.c.o
 .rodata.m_target_periph_name
                0x000000000002c6a4        0xe _build/nrf52832_xxaa/main.c.o
 *fill*         0x000000000002c6b2        0x2 
 .rodata        0x000000000002c6b4       0x20 _build/nrf52832_xxaa/nrf_log_backend_uart.c.o
 .rodata.nrf_log_backend_uart_api
                0x000000000002c6d4        0xc _build/nrf52832_xxaa/nrf_log_backend_uart.c.o
                0x000000000002c6d4                nrf_log_backend_uart_api
 .rodata.str1.4
                0x000000000002c6e0       0x11 _build/nrf52832_xxaa/nrf_log_default_backends.c.o
 *fill*         0x000000000002c6f1        0x3 
 .rodata.nrf_log_frontend_dequeue.str1.4
                0x000000000002c6f4       0x11 _build/nrf52832_xxaa/nrf_log_frontend.c.o
 *fill*         0x000000000002c705        0x3 
 .rodata.str1.4
                0x000000000002c708        0x4 _build/nrf52832_xxaa/nrf_log_frontend.c.o
 .rodata.m_log_push_ringbuf
                0x000000000002c70c        0xc _build/nrf52832_xxaa/nrf_log_frontend.c.o
 .rodata.prefix_process.str1.4
                0x000000000002c718       0x36 _build/nrf52832_xxaa/nrf_log_str_formatter.c.o
 *fill*         0x000000000002c74e        0x2 
 .rodata.nrf_log_std_entry_process.str1.4
                0x000000000002c750        0x3 _build/nrf52832_xxaa/nrf_log_str_formatter.c.o
 *fill*         0x000000000002c753        0x1 
 .rodata.nrf_log_hexdump_entry_process.str1.4
                0x000000000002c754       0x13 _build/nrf52832_xxaa/nrf_log_str_formatter.c.o
                                         0x16 (size before relaxing)
 *fill*         0x000000000002c767        0x1 
 .rodata.str1.4
                0x000000000002c768       0x56 _build/nrf52832_xxaa/nrf_log_str_formatter.c.o
 *fill*         0x000000000002c7be        0x2 
 .rodata.m_colors
                0x000000000002c7c0       0x24 _build/nrf52832_xxaa/nrf_log_str_formatter.c.o
 .rodata.severity_names
                0x000000000002c7e4       0x14 _build/nrf52832_xxaa/nrf_log_str_formatter.c.o
 .rodata.m_detection_delay_timer_id
                0x000000000002c7f8        0x4 _build/nrf52832_xxaa/app_button.c.o
 .rodata.app_error_fault_handler.str1.4
                0x000000000002c7fc       0x19 _build/nrf52832_xxaa/app_error_weak.c.o
 *fill*         0x000000000002c815        0xb 
 .rodata.delay_machine_code.8855
                0x000000000002c820        0x6 _build/nrf52832_xxaa/app_timer.c.o
 *fill*         0x000000000002c826        0x2 
 .rodata._aV2C.7553
                0x000000000002c828       0x10 _build/nrf52832_xxaa/nrf_fprintf_format.c.o
 .rodata.str1.4
                0x000000000002c838        0x9 _build/nrf52832_xxaa/nrf_pwr_mgmt.c.o
 *fill*         0x000000000002c841        0x3 
 .rodata.pwr_mgmt_data
                0x000000000002c844        0xc _build/nrf52832_xxaa/nrf_pwr_mgmt.c.o
 .rodata.str1.4
                0x000000000002c850      0x3e9 _build/nrf52832_xxaa/nrf_strerror.c.o
 *fill*         0x000000000002cc39        0x3 
 .rodata.m_unknown_str
                0x000000000002cc3c       0x13 _build/nrf52832_xxaa/nrf_strerror.c.o
 *fill*         0x000000000002cc4f        0x1 
 .rodata.nrf_strerror_array
                0x000000000002cc50      0x128 _build/nrf52832_xxaa/nrf_strerror.c.o
 .rodata.m_board_led_list
                0x000000000002cd78        0x4 _build/nrf52832_xxaa/boards.c.o
 .rodata.str1.4
                0x000000000002cd7c        0x6 _build/nrf52832_xxaa/nrf_drv_clock.c.o
 *fill*         0x000000000002cd82        0x2 
 .rodata.str1.4
                0x000000000002cd84        0x6 _build/nrf52832_xxaa/nrfx_clock.c.o
 *fill*         0x000000000002cd8a        0x2 
 .rodata.str1.4
                0x000000000002cd8c        0x7 _build/nrf52832_xxaa/nrfx_gpiote.c.o
 *fill*         0x000000000002cd93        0x1 
 .rodata.str1.4
                0x000000000002cd94        0x4 _build/nrf52832_xxaa/nrfx_prs.c.o
 .rodata.str1.4
                0x000000000002cd98        0x5 _build/nrf52832_xxaa/nrfx_uart.c.o
 *fill*         0x000000000002cd9d        0x3 
 .rodata.str1.4
                0x000000000002cda0        0x6 _build/nrf52832_xxaa/nrfx_uarte.c.o
 *fill*         0x000000000002cda6        0x2 
 .rodata.ble_db_discovery_on_ble_evt.str1.4
                0x000000000002cda8       0xa2 _build/nrf52832_xxaa/ble_db_discovery.c.o
 *fill*         0x000000000002ce4a        0x2 
 .rodata.str1.4
                0x000000000002ce4c        0xc _build/nrf52832_xxaa/ble_db_discovery.c.o
 .rodata.data_length_update.constprop.0.str1.4
                0x000000000002ce58       0xe2 _build/nrf52832_xxaa/nrf_ble_gatt.c.o
 *fill*         0x000000000002cf3a        0x2 
 .rodata.nrf_ble_gatt_on_ble_evt.str1.4
                0x000000000002cf3c       0x63 _build/nrf52832_xxaa/nrf_ble_gatt.c.o
 *fill*         0x000000000002cf9f        0x1 
 .rodata.str1.4
                0x000000000002cfa0        0xd _build/nrf52832_xxaa/nrf_ble_gatt.c.o
 *fill*         0x000000000002cfad        0x3 
 .rodata.nrf_ble_scan_start.str1.4
                0x000000000002cfb0       0x24 _build/nrf52832_xxaa/nrf_ble_scan.c.o
 .rodata.str1.4
                0x000000000002cfd4        0x9 _build/nrf52832_xxaa/nrf_ble_scan.c.o
 *fill*         0x000000000002cfdd        0x3 
 .rodata.str1.4
                0x000000000002cfe0        0xa _build/nrf52832_xxaa/ble_lbs_c.c.o
 *fill*         0x000000000002cfea        0x2 
 .rodata        0x000000000002cfec       0x10 _build/nrf52832_xxaa/ble_lbs_c.c.o
 .rodata.str1.4
                0x000000000002cffc        0x8 _build/nrf52832_xxaa/nrf_sdh.c.o
 .rodata        0x000000000002d004        0x4 _build/nrf52832_xxaa/nrf_sdh.c.o
 .rodata.sdh_req_observers
                0x000000000002d008        0xc _build/nrf52832_xxaa/nrf_sdh.c.o
 .rodata.sdh_stack_observers
                0x000000000002d014        0xc _build/nrf52832_xxaa/nrf_sdh.c.o
 .rodata.sdh_state_observers
                0x000000000002d020        0xc _build/nrf52832_xxaa/nrf_sdh.c.o
 .rodata.nrf_sdh_ble_default_cfg_set.str1.4
                0x000000000002d02c      0x187 _build/nrf52832_xxaa/nrf_sdh_ble.c.o
 *fill*         0x000000000002d1b3        0x1 
 .rodata.nrf_sdh_ble_enable.str1.4
                0x000000000002d1b4       0xad _build/nrf52832_xxaa/nrf_sdh_ble.c.o
 *fill*         0x000000000002d261        0x3 
 .rodata.str1.4
                0x000000000002d264        0xc _build/nrf52832_xxaa/nrf_sdh_ble.c.o
 .rodata.sdh_ble_observers
                0x000000000002d270        0xc _build/nrf52832_xxaa/nrf_sdh_ble.c.o
 .rodata.str1.4
                0x000000000002d27c        0xc _build/nrf52832_xxaa/nrf_sdh_soc.c.o
 .rodata.sdh_soc_observers
                0x000000000002d288        0xc _build/nrf52832_xxaa/nrf_sdh_soc.c.o
 .rodata._ctype_
                0x000000000002d294      0x101 /usr/lib/gcc/arm-none-eabi/9.2.0/../../../../arm-none-eabi/lib/thumb/v7e-m+fp/hard/libc_nano.a(lib_a-ctype_.o)
                0x000000000002d294                _ctype_
 *fill*         0x000000000002d395        0x3 
 .rodata._global_impure_ptr
                0x000000000002d398        0x4 /usr/lib/gcc/arm-none-eabi/9.2.0/../../../../arm-none-eabi/lib/thumb/v7e-m+fp/hard/libc_nano.a(lib_a-impure.o)
                0x000000000002d398                _global_impure_ptr
 *(.eh_frame*)
 .eh_frame      0x000000000002d39c        0x0 /usr/lib/gcc/arm-none-eabi/9.2.0/thumb/v7e-m+fp/hard/crtbegin.o
 .eh_frame      0x000000000002d39c        0x4 /usr/lib/gcc/arm-none-eabi/9.2.0/thumb/v7e-m+fp/hard/crtend.o

.glue_7         0x000000000002d3a0        0x0
 .glue_7        0x000000000002d3a0        0x0 linker stubs

.glue_7t        0x000000000002d3a0        0x0
 .glue_7t       0x000000000002d3a0        0x0 linker stubs

.vfp11_veneer   0x000000000002d3a0        0x0
 .vfp11_veneer  0x000000000002d3a0        0x0 linker stubs

.v4_bx          0x000000000002d3a0        0x0
 .v4_bx         0x000000000002d3a0        0x0 linker stubs

.iplt           0x000000000002d3a0        0x0
 .iplt          0x000000000002d3a0        0x0 /usr/lib/gcc/arm-none-eabi/9.2.0/thumb/v7e-m+fp/hard/crtbegin.o

.mem_section_dummy_rom

.sdh_soc_observers
                0x000000000002d3a0        0x8
                0x000000000002d3a0                PROVIDE (__start_sdh_soc_observers = .)
 *(SORT_BY_NAME(.sdh_soc_observers*))
 .sdh_soc_observers0
                0x000000000002d3a0        0x8 _build/nrf52832_xxaa/nrf_drv_clock.c.o
                0x000000000002d3a8                PROVIDE (__stop_sdh_soc_observers = .)

.sdh_ble_observers
                0x000000000002d3a8       0x38
                0x000000000002d3a8                PROVIDE (__start_sdh_ble_observers = .)
 *(SORT_BY_NAME(.sdh_ble_observers*))
 .sdh_ble_observers0
                0x000000000002d3a8        0x8 _build/nrf52832_xxaa/ble_conn_state.c.o
 .sdh_ble_observers1
                0x000000000002d3b0       0x18 _build/nrf52832_xxaa/main.c.o
 .sdh_ble_observers1
                0x000000000002d3c8        0x8 _build/nrf52832_xxaa/bsp_btn_ble.c.o
 .sdh_ble_observers2
                0x000000000002d3d0        0x8 _build/nrf52832_xxaa/main.c.o
 .sdh_ble_observers3
                0x000000000002d3d8        0x8 _build/nrf52832_xxaa/main.c.o
                0x000000000002d3e0                PROVIDE (__stop_sdh_ble_observers = .)

.pwr_mgmt_data  0x000000000002d3e0        0x0
                0x000000000002d3e0                PROVIDE (__start_pwr_mgmt_data = .)
 *(SORT_BY_NAME(.pwr_mgmt_data*))
                0x000000000002d3e0                PROVIDE (__stop_pwr_mgmt_data = .)

.log_const_data
                0x000000000002d3e0       0x78
                0x000000000002d3e0                PROVIDE (__start_log_const_data = .)
 *(SORT_BY_NAME(.log_const_data*))
 .log_const_data_CLOCK
                0x000000000002d3e0        0x8 _build/nrf52832_xxaa/nrfx_clock.c.o
                0x000000000002d3e0                m_nrf_log_CLOCK_logs_data_const
 .log_const_data_GPIOTE
                0x000000000002d3e8        0x8 _build/nrf52832_xxaa/nrfx_gpiote.c.o
                0x000000000002d3e8                m_nrf_log_GPIOTE_logs_data_const
 .log_const_data_PRS
                0x000000000002d3f0        0x8 _build/nrf52832_xxaa/nrfx_prs.c.o
                0x000000000002d3f0                m_nrf_log_PRS_logs_data_const
 .log_const_data_UART
                0x000000000002d3f8        0x8 _build/nrf52832_xxaa/nrfx_uart.c.o
                0x000000000002d3f8                m_nrf_log_UART_logs_data_const
 .log_const_data_UARTE
                0x000000000002d400        0x8 _build/nrf52832_xxaa/nrfx_uarte.c.o
                0x000000000002d400                m_nrf_log_UARTE_logs_data_const
 .log_const_data_app
                0x000000000002d408        0x8 _build/nrf52832_xxaa/nrf_log_frontend.c.o
                0x000000000002d408                m_nrf_log_app_logs_data_const
 .log_const_data_ble_db_disc
                0x000000000002d410        0x8 _build/nrf52832_xxaa/ble_db_discovery.c.o
                0x000000000002d410                m_nrf_log_ble_db_disc_logs_data_const
 .log_const_data_ble_lbs_c
                0x000000000002d418        0x8 _build/nrf52832_xxaa/ble_lbs_c.c.o
                0x000000000002d418                m_nrf_log_ble_lbs_c_logs_data_const
 .log_const_data_ble_scan
                0x000000000002d420        0x8 _build/nrf52832_xxaa/nrf_ble_scan.c.o
                0x000000000002d420                m_nrf_log_ble_scan_logs_data_const
 .log_const_data_clock
                0x000000000002d428        0x8 _build/nrf52832_xxaa/nrf_drv_clock.c.o
                0x000000000002d428                m_nrf_log_clock_logs_data_const
 .log_const_data_nrf_ble_gatt
                0x000000000002d430        0x8 _build/nrf52832_xxaa/nrf_ble_gatt.c.o
                0x000000000002d430                m_nrf_log_nrf_ble_gatt_logs_data_const
 .log_const_data_nrf_sdh
                0x000000000002d438        0x8 _build/nrf52832_xxaa/nrf_sdh.c.o
                0x000000000002d438                m_nrf_log_nrf_sdh_logs_data_const
 .log_const_data_nrf_sdh_ble
                0x000000000002d440        0x8 _build/nrf52832_xxaa/nrf_sdh_ble.c.o
                0x000000000002d440                m_nrf_log_nrf_sdh_ble_logs_data_const
 .log_const_data_nrf_sdh_soc
                0x000000000002d448        0x8 _build/nrf52832_xxaa/nrf_sdh_soc.c.o
                0x000000000002d448                m_nrf_log_nrf_sdh_soc_logs_data_const
 .log_const_data_pwr_mgmt
                0x000000000002d450        0x8 _build/nrf52832_xxaa/nrf_pwr_mgmt.c.o
                0x000000000002d450                m_nrf_log_pwr_mgmt_logs_data_const
                0x000000000002d458                PROVIDE (__stop_log_const_data = .)

.nrf_balloc     0x000000000002d458       0x14
                [!provide]                        PROVIDE (__start_nrf_balloc = .)
 *(.nrf_balloc)
 .nrf_balloc    0x000000000002d458       0x14 _build/nrf52832_xxaa/nrf_log_frontend.c.o
                0x000000000002d458                log_mempool
                [!provide]                        PROVIDE (__stop_nrf_balloc = .)

.sdh_req_observers
                0x000000000002d46c        0x0
                0x000000000002d46c                PROVIDE (__start_sdh_req_observers = .)
 *(SORT_BY_NAME(.sdh_req_observers*))
                0x000000000002d46c                PROVIDE (__stop_sdh_req_observers = .)

.sdh_state_observers
                0x000000000002d46c        0x8
                0x000000000002d46c                PROVIDE (__start_sdh_state_observers = .)
 *(SORT_BY_NAME(.sdh_state_observers*))
 .sdh_state_observers0
                0x000000000002d46c        0x8 _build/nrf52832_xxaa/nrf_drv_clock.c.o
                0x000000000002d474                PROVIDE (__stop_sdh_state_observers = .)

.sdh_stack_observers
                0x000000000002d474       0x10
                0x000000000002d474                PROVIDE (__start_sdh_stack_observers = .)
 *(SORT_BY_NAME(.sdh_stack_observers*))
 .sdh_stack_observers0
                0x000000000002d474        0x8 _build/nrf52832_xxaa/nrf_sdh_ble.c.o
 .sdh_stack_observers0
                0x000000000002d47c        0x8 _build/nrf52832_xxaa/nrf_sdh_soc.c.o
                0x000000000002d484                PROVIDE (__stop_sdh_stack_observers = .)

.nrf_queue      0x000000000002d484        0x0
                [!provide]                        PROVIDE (__start_nrf_queue = .)
 *(.nrf_queue)
                [!provide]                        PROVIDE (__stop_nrf_queue = .)

.cli_command    0x000000000002d484        0x0
                [!provide]                        PROVIDE (__start_cli_command = .)
 *(.cli_command)
                [!provide]                        PROVIDE (__stop_cli_command = .)

.crypto_data    0x000000000002d484        0x0
                [!provide]                        PROVIDE (__start_crypto_data = .)
 *(SORT_BY_NAME(.crypto_data*))
                [!provide]                        PROVIDE (__stop_crypto_data = .)

.log_backends   0x000000000002d484       0x10
                [!provide]                        PROVIDE (__start_log_backends = .)
 *(SORT_BY_NAME(.log_backends*))
 .log_backends  0x000000000002d484       0x10 _build/nrf52832_xxaa/nrf_log_default_backends.c.o
                [!provide]                        PROVIDE (__stop_log_backends = .)

.ARM.extab
 *(.ARM.extab* .gnu.linkonce.armextab.*)
                0x000000000002d494                __exidx_start = .

.ARM.exidx      0x000000000002d494        0x8
 *(.ARM.exidx* .gnu.linkonce.armexidx.*)
 .ARM.exidx     0x000000000002d494        0x8 /usr/lib/gcc/arm-none-eabi/9.2.0/../../../../arm-none-eabi/lib/thumb/v7e-m+fp/hard/crt0.o
                0x000000000002d49c                __exidx_end = .
                0x000000000002d49c                __etext = .

.rel.dyn        0x000000000002d49c        0x0
 .rel.iplt      0x000000000002d49c        0x0 /usr/lib/gcc/arm-none-eabi/9.2.0/thumb/v7e-m+fp/hard/crtbegin.o

.data           0x0000000020001d70      0x360 load address 0x000000000002d49c
                0x0000000020001d70                __data_start__ = .
 *(vtable)
 *(.data*)
 .data.buttons.11733
                0x0000000020001d70        0x8 _build/nrf52832_xxaa/main.c.o
 .data.m_db_disc
                0x0000000020001d78      0x2cc _build/nrf52832_xxaa/main.c.o
 .data.SystemCoreClock
                0x0000000020002044        0x4 _build/nrf52832_xxaa/system_nrf52.c.o
                0x0000000020002044                SystemCoreClock
 .data.m_uart   0x0000000020002048       0x14 _build/nrf52832_xxaa/nrf_log_backend_uart.c.o
                0x0000000020002048                m_uart
 .data.log_backend_cb_uart_log_backend
                0x000000002000205c        0x8 _build/nrf52832_xxaa/nrf_log_default_backends.c.o
 .data.impure_data
                0x0000000020002064       0x60 /usr/lib/gcc/arm-none-eabi/9.2.0/../../../../arm-none-eabi/lib/thumb/v7e-m+fp/hard/libc_nano.a(lib_a-impure.o)
 .data.__atexit_recursive_mutex
                0x00000000200020c4        0x4 /usr/lib/gcc/arm-none-eabi/9.2.0/../../../../arm-none-eabi/lib/thumb/v7e-m+fp/hard/libc_nano.a(lib_a-__call_atexit.o)
                0x00000000200020c4                __atexit_recursive_mutex
                0x00000000200020c8                . = ALIGN (0x4)
                0x00000000200020c8                PROVIDE (__preinit_array_start = .)
 *(.preinit_array)
                0x00000000200020c8                PROVIDE (__preinit_array_end = .)
                0x00000000200020c8                . = ALIGN (0x4)
                0x00000000200020c8                PROVIDE (__init_array_start = .)
 *(SORT_BY_NAME(.init_array.*))
 *(.init_array)
 .init_array    0x00000000200020c8        0x4 /usr/lib/gcc/arm-none-eabi/9.2.0/thumb/v7e-m+fp/hard/crtbegin.o
                0x00000000200020cc                PROVIDE (__init_array_end = .)
                0x00000000200020cc                . = ALIGN (0x4)
                0x00000000200020cc                PROVIDE (__fini_array_start = .)
 *(SORT_BY_NAME(.fini_array.*))
 *(.fini_array)
 .fini_array    0x00000000200020cc        0x4 /usr/lib/gcc/arm-none-eabi/9.2.0/thumb/v7e-m+fp/hard/crtbegin.o
                0x00000000200020d0                PROVIDE (__fini_array_end = .)
 *(.jcr*)
                0x00000000200020d0                . = ALIGN (0x4)
                0x00000000200020d0                __data_end__ = .
LOAD /usr/lib/gcc/arm-none-eabi/9.2.0/thumb/v7e-m+fp/hard/crti.o
LOAD /usr/lib/gcc/arm-none-eabi/9.2.0/thumb/v7e-m+fp/hard/crtbegin.o
LOAD /usr/lib/gcc/arm-none-eabi/9.2.0/../../../../arm-none-eabi/lib/thumb/v7e-m+fp/hard/crt0.o
LOAD _build/nrf52832_xxaa/main.c.o
LOAD _build/nrf52832_xxaa/led.c.o
LOAD _build/nrf52832_xxaa/key.c.o
LOAD _build/nrf52832_xxaa/gcc_startup_nrf52.S.o
LOAD _build/nrf52832_xxaa/system_nrf52.c.o
LOAD _build/nrf52832_xxaa/nrf_log_backend_rtt.c.o
LOAD _build/nrf52832_xxaa/nrf_log_backend_serial.c.o
LOAD _build/nrf52832_xxaa/nrf_log_backend_uart.c.o
LOAD _build/nrf52832_xxaa/nrf_log_default_backends.c.o
LOAD _build/nrf52832_xxaa/nrf_log_frontend.c.o
LOAD _build/nrf52832_xxaa/nrf_log_str_formatter.c.o
LOAD _build/nrf52832_xxaa/app_button.c.o
LOAD _build/nrf52832_xxaa/app_error.c.o
LOAD _build/nrf52832_xxaa/app_error_handler_gcc.c.o
LOAD _build/nrf52832_xxaa/app_error_weak.c.o
LOAD _build/nrf52832_xxaa/app_scheduler.c.o
LOAD _build/nrf52832_xxaa/app_timer.c.o
LOAD _build/nrf52832_xxaa/app_util_platform.c.o
LOAD _build/nrf52832_xxaa/hardfault_implementation.c.o
LOAD _build/nrf52832_xxaa/nrf_assert.c.o
LOAD _build/nrf52832_xxaa/nrf_atfifo.c.o
LOAD _build/nrf52832_xxaa/nrf_atflags.c.o
LOAD _build/nrf52832_xxaa/nrf_atomic.c.o
LOAD _build/nrf52832_xxaa/nrf_balloc.c.o
LOAD _build/nrf52832_xxaa/nrf_fprintf.c.o
LOAD _build/nrf52832_xxaa/nrf_fprintf_format.c.o
LOAD _build/nrf52832_xxaa/nrf_memobj.c.o
LOAD _build/nrf52832_xxaa/nrf_pwr_mgmt.c.o
LOAD _build/nrf52832_xxaa/nrf_ringbuf.c.o
LOAD _build/nrf52832_xxaa/nrf_section_iter.c.o
LOAD _build/nrf52832_xxaa/nrf_strerror.c.o
LOAD _build/nrf52832_xxaa/boards.c.o
LOAD _build/nrf52832_xxaa/nrf_drv_clock.c.o
LOAD _build/nrf52832_xxaa/nrf_drv_uart.c.o
LOAD _build/nrf52832_xxaa/nrfx_atomic.c.o
LOAD _build/nrf52832_xxaa/nrfx_clock.c.o
LOAD _build/nrf52832_xxaa/nrfx_gpiote.c.o
LOAD _build/nrf52832_xxaa/nrfx_prs.c.o
LOAD _build/nrf52832_xxaa/nrfx_uart.c.o
LOAD _build/nrf52832_xxaa/nrfx_uarte.c.o
LOAD _build/nrf52832_xxaa/bsp.c.o
LOAD _build/nrf52832_xxaa/bsp_btn_ble.c.o
LOAD _build/nrf52832_xxaa/SEGGER_RTT.c.o
LOAD _build/nrf52832_xxaa/SEGGER_RTT_Syscalls_GCC.c.o
LOAD _build/nrf52832_xxaa/SEGGER_RTT_printf.c.o
LOAD _build/nrf52832_xxaa/ble_advdata.c.o
LOAD _build/nrf52832_xxaa/ble_advertising.c.o
LOAD _build/nrf52832_xxaa/ble_conn_state.c.o
LOAD _build/nrf52832_xxaa/ble_db_discovery.c.o
LOAD _build/nrf52832_xxaa/ble_srv_common.c.o
LOAD _build/nrf52832_xxaa/nrf_ble_gatt.c.o
LOAD _build/nrf52832_xxaa/nrf_ble_scan.c.o
LOAD _build/nrf52832_xxaa/utf.c.o
LOAD _build/nrf52832_xxaa/ble_lbs_c.c.o
LOAD _build/nrf52832_xxaa/nrf_sdh.c.o
LOAD _build/nrf52832_xxaa/nrf_sdh_ble.c.o
LOAD _build/nrf52832_xxaa/nrf_sdh_soc.c.o
LOAD /usr/lib/gcc/arm-none-eabi/9.2.0/../../../../arm-none-eabi/lib/thumb/v7e-m+fp/hard/libc_nano.a
LOAD /usr/lib/gcc/arm-none-eabi/9.2.0/../../../../arm-none-eabi/lib/thumb/v7e-m+fp/hard/libnosys.a
LOAD /usr/lib/gcc/arm-none-eabi/9.2.0/../../../../arm-none-eabi/lib/thumb/v7e-m+fp/hard/libm.a
START GROUP
LOAD /usr/lib/gcc/arm-none-eabi/9.2.0/thumb/v7e-m+fp/hard/libgcc.a
LOAD /usr/lib/gcc/arm-none-eabi/9.2.0/../../../../arm-none-eabi/lib/thumb/v7e-m+fp/hard/libg_nano.a
LOAD /usr/lib/gcc/arm-none-eabi/9.2.0/../../../../arm-none-eabi/lib/thumb/v7e-m+fp/hard/libc_nano.a
END GROUP
START GROUP
LOAD /usr/lib/gcc/arm-none-eabi/9.2.0/thumb/v7e-m+fp/hard/libgcc.a
LOAD /usr/lib/gcc/arm-none-eabi/9.2.0/../../../../arm-none-eabi/lib/thumb/v7e-m+fp/hard/libc_nano.a
END GROUP
LOAD /usr/lib/gcc/arm-none-eabi/9.2.0/thumb/v7e-m+fp/hard/crtend.o
LOAD /usr/lib/gcc/arm-none-eabi/9.2.0/thumb/v7e-m+fp/hard/crtn.o
START GROUP
LOAD /usr/lib/gcc/arm-none-eabi/9.2.0/thumb/v7e-m+fp/hard/libgcc.a
LOAD /usr/lib/gcc/arm-none-eabi/9.2.0/../../../../arm-none-eabi/lib/thumb/v7e-m+fp/hard/libc.a
LOAD /usr/lib/gcc/arm-none-eabi/9.2.0/../../../../arm-none-eabi/lib/thumb/v7e-m+fp/hard/libnosys.a
END GROUP

.igot.plt       0x00000000200020d0        0x0 load address 0x000000000002d7fc
 .igot.plt      0x00000000200020d0        0x0 /usr/lib/gcc/arm-none-eabi/9.2.0/thumb/v7e-m+fp/hard/crtbegin.o
                0x00000000200020d0                . = ALIGN (0x4)

.mem_section_dummy_ram

.log_dynamic_data
                0x00000000200020d0        0x0
                0x00000000200020d0                PROVIDE (__start_log_dynamic_data = .)
 *(SORT_BY_NAME(.log_dynamic_data*))
                [!provide]                        PROVIDE (__stop_log_dynamic_data = .)

.log_filter_data
                0x00000000200020d0        0x0
                [!provide]                        PROVIDE (__start_log_filter_data = .)
 *(SORT_BY_NAME(.log_filter_data*))
                [!provide]                        PROVIDE (__stop_log_filter_data = .)

.cli_sorted_cmd_ptrs
                0x00000000200020d0        0x0
                [!provide]                        PROVIDE (__start_cli_sorted_cmd_ptrs = .)
 *(.cli_sorted_cmd_ptrs)
                [!provide]                        PROVIDE (__stop_cli_sorted_cmd_ptrs = .)

.fs_data        0x00000000200020d0        0x0
                [!provide]                        PROVIDE (__start_fs_data = .)
 *(.fs_data)
                [!provide]                        PROVIDE (__stop_fs_data = .)

.bss            0x00000000200020d0      0xddc load address 0x000000000002d800
                0x00000000200020d0                . = ALIGN (0x4)
                0x00000000200020d0                __bss_start__ = .
 *(.bss*)
 .bss.completed.10254
                0x00000000200020d0        0x1 /usr/lib/gcc/arm-none-eabi/9.2.0/thumb/v7e-m+fp/hard/crtbegin.o
 *fill*         0x00000000200020d1        0x3 
 .bss.object.10259
                0x00000000200020d4       0x18 /usr/lib/gcc/arm-none-eabi/9.2.0/thumb/v7e-m+fp/hard/crtbegin.o
 .bss.m_ble_lbs_c
                0x00000000200020ec       0x10 _build/nrf52832_xxaa/main.c.o
 .bss.m_gatt    0x00000000200020fc       0x14 _build/nrf52832_xxaa/main.c.o
 .bss.m_scan    0x0000000020002110       0x68 _build/nrf52832_xxaa/main.c.o
 .bss.m_async_mode
                0x0000000020002178        0x1 _build/nrf52832_xxaa/nrf_log_backend_uart.c.o
 *fill*         0x0000000020002179        0x3 
 .bss.m_string_buff
                0x000000002000217c       0x40 _build/nrf52832_xxaa/nrf_log_backend_uart.c.o
 .bss.m_xfer_done
                0x00000000200021bc        0x1 _build/nrf52832_xxaa/nrf_log_backend_uart.c.o
 *fill*         0x00000000200021bd        0x3 
 .bss.log_mempool_nrf_balloc_cb
                0x00000000200021c0        0x8 _build/nrf52832_xxaa/nrf_log_frontend.c.o
 .bss.log_mempool_nrf_balloc_pool_mem
                0x00000000200021c8       0xc0 _build/nrf52832_xxaa/nrf_log_frontend.c.o
 .bss.log_mempool_nrf_balloc_pool_stack
                0x0000000020002288        0x8 _build/nrf52832_xxaa/nrf_log_frontend.c.o
 .bss.m_log_data
                0x0000000020002290      0x424 _build/nrf52832_xxaa/nrf_log_frontend.c.o
 .bss.m_log_push_ringbuf_buf
                0x00000000200026b4       0x80 _build/nrf52832_xxaa/nrf_log_frontend.c.o
 .bss.m_log_push_ringbuf_cb
                0x0000000020002734       0x18 _build/nrf52832_xxaa/nrf_log_frontend.c.o
 .bss.m_button_count
                0x000000002000274c        0x1 _build/nrf52832_xxaa/app_button.c.o
 *fill*         0x000000002000274d        0x3 
 .bss.m_detection_delay
                0x0000000020002750        0x4 _build/nrf52832_xxaa/app_button.c.o
 .bss.m_detection_delay_timer_id_data
                0x0000000020002754       0x20 _build/nrf52832_xxaa/app_button.c.o
 *fill*         0x0000000020002774        0x4 
 .bss.m_pin_state
                0x0000000020002778        0x8 _build/nrf52832_xxaa/app_button.c.o
 .bss.m_pin_transition
                0x0000000020002780        0x8 _build/nrf52832_xxaa/app_button.c.o
 .bss.mp_buttons
                0x0000000020002788        0x4 _build/nrf52832_xxaa/app_button.c.o
 .bss.m_op_queue
                0x000000002000278c      0x10c _build/nrf52832_xxaa/app_timer.c.o
 .bss.m_rtc1_reset
                0x0000000020002898        0x1 _build/nrf52832_xxaa/app_timer.c.o
 .bss.m_rtc1_running
                0x0000000020002899        0x1 _build/nrf52832_xxaa/app_timer.c.o
 *fill*         0x000000002000289a        0x2 
 .bss.m_ticks_elapsed
                0x000000002000289c        0x8 _build/nrf52832_xxaa/app_timer.c.o
 .bss.m_ticks_elapsed_q_read_ind
                0x00000000200028a4        0x1 _build/nrf52832_xxaa/app_timer.c.o
 .bss.m_ticks_elapsed_q_write_ind
                0x00000000200028a5        0x1 _build/nrf52832_xxaa/app_timer.c.o
 *fill*         0x00000000200028a6        0x2 
 .bss.m_ticks_latest
                0x00000000200028a8        0x4 _build/nrf52832_xxaa/app_timer.c.o
 .bss.mp_timer_id_head
                0x00000000200028ac        0x4 _build/nrf52832_xxaa/app_timer.c.o
 .bss.m_handlers_iter
                0x00000000200028b0        0x8 _build/nrf52832_xxaa/nrf_pwr_mgmt.c.o
 .bss.m_shutdown_started
                0x00000000200028b8        0x1 _build/nrf52832_xxaa/nrf_pwr_mgmt.c.o
 *fill*         0x00000000200028b9        0x3 
 .bss.m_sysoff_mtx
                0x00000000200028bc        0x4 _build/nrf52832_xxaa/nrf_pwr_mgmt.c.o
 .bss.m_clock_cb
                0x00000000200028c0       0x14 _build/nrf52832_xxaa/nrf_drv_clock.c.o
 .bss.m_contexts
                0x00000000200028d4        0x4 _build/nrf52832_xxaa/nrf_drv_uart.c.o
 .bss.m_handlers
                0x00000000200028d8        0x4 _build/nrf52832_xxaa/nrf_drv_uart.c.o
 .bss.m_clock_cb
                0x00000000200028dc        0x8 _build/nrf52832_xxaa/nrfx_clock.c.o
 *fill*         0x00000000200028e4        0x4 
 .bss.m_cb      0x00000000200028e8       0x5c _build/nrf52832_xxaa/nrfx_gpiote.c.o
 .bss.m_prs_box_4
                0x0000000020002944        0x8 _build/nrf52832_xxaa/nrfx_prs.c.o
 *fill*         0x000000002000294c        0x4 
 .bss.m_cb      0x0000000020002950       0x2c _build/nrf52832_xxaa/nrfx_uart.c.o
 *fill*         0x000000002000297c        0x4 
 .bss.m_cb      0x0000000020002980       0x24 _build/nrf52832_xxaa/nrfx_uarte.c.o
 .bss.m_events_list
                0x00000000200029a4        0xc _build/nrf52832_xxaa/bsp.c.o
 .bss.m_error_handler
                0x00000000200029b0        0x4 _build/nrf52832_xxaa/bsp_btn_ble.c.o
 .bss.m_num_connections
                0x00000000200029b4        0x4 _build/nrf52832_xxaa/bsp_btn_ble.c.o
 .bss.m_bcs     0x00000000200029b8       0x78 _build/nrf52832_xxaa/ble_conn_state.c.o
 .bss.m_evt_handler
                0x0000000020002a30        0x4 _build/nrf52832_xxaa/ble_db_discovery.c.o
 .bss.m_initialized
                0x0000000020002a34        0x1 _build/nrf52832_xxaa/ble_db_discovery.c.o
 *fill*         0x0000000020002a35        0x3 
 .bss.m_num_of_handlers_reg
                0x0000000020002a38        0x4 _build/nrf52832_xxaa/ble_db_discovery.c.o
 .bss.m_pending_user_evts
                0x0000000020002a3c      0x300 _build/nrf52832_xxaa/ble_db_discovery.c.o
 .bss.m_pending_usr_evt_index
                0x0000000020002d3c        0x4 _build/nrf52832_xxaa/ble_db_discovery.c.o
 .bss.m_registered_handlers
                0x0000000020002d40       0x18 _build/nrf52832_xxaa/ble_db_discovery.c.o
 .bss.m_tx_buffer
                0x0000000020002d58       0xa0 _build/nrf52832_xxaa/ble_lbs_c.c.o
 .bss.m_tx_index
                0x0000000020002df8        0x4 _build/nrf52832_xxaa/ble_lbs_c.c.o
 .bss.m_tx_insert_index
                0x0000000020002dfc        0x4 _build/nrf52832_xxaa/ble_lbs_c.c.o
 .bss.m_nrf_sdh_continue
                0x0000000020002e00        0x1 _build/nrf52832_xxaa/nrf_sdh.c.o
 .bss.m_nrf_sdh_enabled
                0x0000000020002e01        0x1 _build/nrf52832_xxaa/nrf_sdh.c.o
 .bss.m_nrf_sdh_suspended
                0x0000000020002e02        0x1 _build/nrf52832_xxaa/nrf_sdh.c.o
 .bss.m_stack_is_enabled
                0x0000000020002e03        0x1 _build/nrf52832_xxaa/nrf_sdh_ble.c.o
 .bss._global_atexit0
                0x0000000020002e04       0x8c /usr/lib/gcc/arm-none-eabi/9.2.0/../../../../arm-none-eabi/lib/thumb/v7e-m+fp/hard/libc_nano.a(lib_a-__atexit.o)
 .bss._global_atexit
                0x0000000020002e90        0x4 /usr/lib/gcc/arm-none-eabi/9.2.0/../../../../arm-none-eabi/lib/thumb/v7e-m+fp/hard/libc_nano.a(lib_a-__call_atexit.o)
                0x0000000020002e90                _global_atexit
 *(COMMON)
 COMMON         0x0000000020002e94        0xc _build/nrf52832_xxaa/app_util_platform.c.o
                0x0000000020002e94                nrf_nvic_state
 COMMON         0x0000000020002ea0        0x1 _build/nrf52832_xxaa/nrf_drv_uart.c.o
                0x0000000020002ea0                nrf_drv_uart_use_easy_dma
 COMMON         0x0000000020002ea1        0x9 /usr/lib/gcc/arm-none-eabi/9.2.0/../../../../arm-none-eabi/lib/thumb/v7e-m+fp/hard/libc_nano.a(lib_a-lock.o)
                0x0000000020002ea1                __lock___atexit_recursive_mutex
                0x0000000020002ea2                __lock___arc4random_mutex
                0x0000000020002ea3                __lock___env_recursive_mutex
                0x0000000020002ea4                __lock___sinit_recursive_mutex
                0x0000000020002ea5                __lock___malloc_recursive_mutex
                0x0000000020002ea6                __lock___at_quick_exit_mutex
                0x0000000020002ea7                __lock___dd_hash_mutex
                0x0000000020002ea8                __lock___tz_mutex
                0x0000000020002ea9                __lock___sfp_recursive_mutex
                0x0000000020002eac                . = ALIGN (0x4)
 *fill*         0x0000000020002eaa        0x2 
                0x0000000020002eac                __bss_end__ = .

.heap           0x0000000020002eb0        0x0
                0x0000000020002eb0                __HeapBase = .
                0x0000000020002eb0                __end__ = .
                [!provide]                        PROVIDE (end = .)
 *(.heap*)
 .heap          0x0000000020002eb0        0x0 _build/nrf52832_xxaa/gcc_startup_nrf52.S.o
                0x0000000020002eb0                __HeapLimit = .

.stack_dummy    0x0000000020002eb0     0x2000
 *(.stack*)
 .stack         0x0000000020002eb0     0x2000 _build/nrf52832_xxaa/gcc_startup_nrf52.S.o
                0x0000000020010000                __StackTop = (ORIGIN (RAM) + LENGTH (RAM))
                0x000000002000e000                __StackLimit = (__StackTop - SIZEOF (.stack_dummy))
                0x0000000020010000                PROVIDE (__stack = __StackTop)
                0x0000000000000001                ASSERT ((__StackLimit >= __HeapLimit), region RAM overflowed with stack)
                0x0000000000000360                DataInitFlashUsed = (__bss_start__ - __data_start__)
                0x000000000000749c                CodeFlashUsed = (__etext - ORIGIN (FLASH))
                0x00000000000077fc                TotalFlashUsed = (CodeFlashUsed + DataInitFlashUsed)
                0x0000000000000001                ASSERT ((TotalFlashUsed <= LENGTH (FLASH)), region FLASH overflowed with .data and user data)
OUTPUT(_build/nrf52832_xxaa.out elf32-littlearm)

.ARM.attributes
                0x0000000000000000       0x30
 .ARM.attributes
                0x0000000000000000       0x1e /usr/lib/gcc/arm-none-eabi/9.2.0/thumb/v7e-m+fp/hard/crti.o
 .ARM.attributes
                0x000000000000001e       0x34 /usr/lib/gcc/arm-none-eabi/9.2.0/thumb/v7e-m+fp/hard/crtbegin.o
 .ARM.attributes
                0x0000000000000052       0x1c /usr/lib/gcc/arm-none-eabi/9.2.0/../../../../arm-none-eabi/lib/thumb/v7e-m+fp/hard/crt0.o
 .ARM.attributes
                0x000000000000006e       0x34 _build/nrf52832_xxaa/main.c.o
 .ARM.attributes
                0x00000000000000a2       0x20 _build/nrf52832_xxaa/gcc_startup_nrf52.S.o
 .ARM.attributes
                0x00000000000000c2       0x34 _build/nrf52832_xxaa/system_nrf52.c.o
 .ARM.attributes
                0x00000000000000f6       0x34 _build/nrf52832_xxaa/nrf_log_backend_serial.c.o
 .ARM.attributes
                0x000000000000012a       0x34 _build/nrf52832_xxaa/nrf_log_backend_uart.c.o
 .ARM.attributes
                0x000000000000015e       0x34 _build/nrf52832_xxaa/nrf_log_default_backends.c.o
 .ARM.attributes
                0x0000000000000192       0x34 _build/nrf52832_xxaa/nrf_log_frontend.c.o
 .ARM.attributes
                0x00000000000001c6       0x34 _build/nrf52832_xxaa/nrf_log_str_formatter.c.o
 .ARM.attributes
                0x00000000000001fa       0x34 _build/nrf52832_xxaa/app_button.c.o
 .ARM.attributes
                0x000000000000022e       0x34 _build/nrf52832_xxaa/app_error.c.o
 .ARM.attributes
                0x0000000000000262       0x34 _build/nrf52832_xxaa/app_error_weak.c.o
 .ARM.attributes
                0x0000000000000296       0x34 _build/nrf52832_xxaa/app_timer.c.o
 .ARM.attributes
                0x00000000000002ca       0x34 _build/nrf52832_xxaa/app_util_platform.c.o
 .ARM.attributes
                0x00000000000002fe       0x34 _build/nrf52832_xxaa/nrf_atflags.c.o
 .ARM.attributes
                0x0000000000000332       0x34 _build/nrf52832_xxaa/nrf_atomic.c.o
 .ARM.attributes
                0x0000000000000366       0x34 _build/nrf52832_xxaa/nrf_balloc.c.o
 .ARM.attributes
                0x000000000000039a       0x34 _build/nrf52832_xxaa/nrf_fprintf.c.o
 .ARM.attributes
                0x00000000000003ce       0x34 _build/nrf52832_xxaa/nrf_fprintf_format.c.o
 .ARM.attributes
                0x0000000000000402       0x34 _build/nrf52832_xxaa/nrf_memobj.c.o
 .ARM.attributes
                0x0000000000000436       0x34 _build/nrf52832_xxaa/nrf_pwr_mgmt.c.o
 .ARM.attributes
                0x000000000000046a       0x34 _build/nrf52832_xxaa/nrf_ringbuf.c.o
 .ARM.attributes
                0x000000000000049e       0x34 _build/nrf52832_xxaa/nrf_section_iter.c.o
 .ARM.attributes
                0x00000000000004d2       0x34 _build/nrf52832_xxaa/nrf_strerror.c.o
 .ARM.attributes
                0x0000000000000506       0x34 _build/nrf52832_xxaa/boards.c.o
 .ARM.attributes
                0x000000000000053a       0x34 _build/nrf52832_xxaa/nrf_drv_clock.c.o
 .ARM.attributes
                0x000000000000056e       0x34 _build/nrf52832_xxaa/nrf_drv_uart.c.o
 .ARM.attributes
                0x00000000000005a2       0x34 _build/nrf52832_xxaa/nrfx_clock.c.o
 .ARM.attributes
                0x00000000000005d6       0x34 _build/nrf52832_xxaa/nrfx_gpiote.c.o
 .ARM.attributes
                0x000000000000060a       0x34 _build/nrf52832_xxaa/nrfx_prs.c.o
 .ARM.attributes
                0x000000000000063e       0x34 _build/nrf52832_xxaa/nrfx_uart.c.o
 .ARM.attributes
                0x0000000000000672       0x34 _build/nrf52832_xxaa/nrfx_uarte.c.o
 .ARM.attributes
                0x00000000000006a6       0x34 _build/nrf52832_xxaa/bsp.c.o
 .ARM.attributes
                0x00000000000006da       0x34 _build/nrf52832_xxaa/bsp_btn_ble.c.o
 .ARM.attributes
                0x000000000000070e       0x34 _build/nrf52832_xxaa/ble_advdata.c.o
 .ARM.attributes
                0x0000000000000742       0x34 _build/nrf52832_xxaa/ble_conn_state.c.o
 .ARM.attributes
                0x0000000000000776       0x34 _build/nrf52832_xxaa/ble_db_discovery.c.o
 .ARM.attributes
                0x00000000000007aa       0x34 _build/nrf52832_xxaa/nrf_ble_gatt.c.o
 .ARM.attributes
                0x00000000000007de       0x34 _build/nrf52832_xxaa/nrf_ble_scan.c.o
 .ARM.attributes
                0x0000000000000812       0x34 _build/nrf52832_xxaa/ble_lbs_c.c.o
 .ARM.attributes
                0x0000000000000846       0x34 _build/nrf52832_xxaa/nrf_sdh.c.o
 .ARM.attributes
                0x000000000000087a       0x34 _build/nrf52832_xxaa/nrf_sdh_ble.c.o
 .ARM.attributes
                0x00000000000008ae       0x34 _build/nrf52832_xxaa/nrf_sdh_soc.c.o
 .ARM.attributes
                0x00000000000008e2       0x34 /usr/lib/gcc/arm-none-eabi/9.2.0/../../../../arm-none-eabi/lib/thumb/v7e-m+fp/hard/libc_nano.a(lib_a-atexit.o)
 .ARM.attributes
                0x0000000000000916       0x32 /usr/lib/gcc/arm-none-eabi/9.2.0/../../../../arm-none-eabi/lib/thumb/v7e-m+fp/hard/libc_nano.a(lib_a-ctype_.o)
 .ARM.attributes
                0x0000000000000948       0x34 /usr/lib/gcc/arm-none-eabi/9.2.0/../../../../arm-none-eabi/lib/thumb/v7e-m+fp/hard/libc_nano.a(lib_a-exit.o)
 .ARM.attributes
                0x000000000000097c       0x34 /usr/lib/gcc/arm-none-eabi/9.2.0/../../../../arm-none-eabi/lib/thumb/v7e-m+fp/hard/libc_nano.a(lib_a-fini.o)
 .ARM.attributes
                0x00000000000009b0       0x32 /usr/lib/gcc/arm-none-eabi/9.2.0/../../../../arm-none-eabi/lib/thumb/v7e-m+fp/hard/libc_nano.a(lib_a-impure.o)
 .ARM.attributes
                0x00000000000009e2       0x34 /usr/lib/gcc/arm-none-eabi/9.2.0/../../../../arm-none-eabi/lib/thumb/v7e-m+fp/hard/libc_nano.a(lib_a-init.o)
 .ARM.attributes
                0x0000000000000a16       0x34 /usr/lib/gcc/arm-none-eabi/9.2.0/../../../../arm-none-eabi/lib/thumb/v7e-m+fp/hard/libc_nano.a(lib_a-memcmp.o)
 .ARM.attributes
                0x0000000000000a4a       0x34 /usr/lib/gcc/arm-none-eabi/9.2.0/../../../../arm-none-eabi/lib/thumb/v7e-m+fp/hard/libc_nano.a(lib_a-memcpy-stub.o)
 .ARM.attributes
                0x0000000000000a7e       0x34 /usr/lib/gcc/arm-none-eabi/9.2.0/../../../../arm-none-eabi/lib/thumb/v7e-m+fp/hard/libc_nano.a(lib_a-memset.o)
 .ARM.attributes
                0x0000000000000ab2       0x1c /usr/lib/gcc/arm-none-eabi/9.2.0/../../../../arm-none-eabi/lib/thumb/v7e-m+fp/hard/libc_nano.a(lib_a-strcmp.o)
 .ARM.attributes
                0x0000000000000ace       0x17 /usr/lib/gcc/arm-none-eabi/9.2.0/../../../../arm-none-eabi/lib/thumb/v7e-m+fp/hard/libc_nano.a(lib_a-strlen.o)
 .ARM.attributes
                0x0000000000000ae5       0x34 /usr/lib/gcc/arm-none-eabi/9.2.0/../../../../arm-none-eabi/lib/thumb/v7e-m+fp/hard/libc_nano.a(lib_a-__atexit.o)
 .ARM.attributes
                0x0000000000000b19       0x34 /usr/lib/gcc/arm-none-eabi/9.2.0/../../../../arm-none-eabi/lib/thumb/v7e-m+fp/hard/libc_nano.a(lib_a-__call_atexit.o)
 .ARM.attributes
                0x0000000000000b4d       0x34 /usr/lib/gcc/arm-none-eabi/9.2.0/../../../../arm-none-eabi/lib/thumb/v7e-m+fp/hard/libc_nano.a(lib_a-lock.o)
 .ARM.attributes
                0x0000000000000b81       0x34 /usr/lib/gcc/arm-none-eabi/9.2.0/../../../../arm-none-eabi/lib/thumb/v7e-m+fp/hard/libnosys.a(_exit.o)
 .ARM.attributes
                0x0000000000000bb5       0x32 /usr/lib/gcc/arm-none-eabi/9.2.0/thumb/v7e-m+fp/hard/crtend.o
 .ARM.attributes
                0x0000000000000be7       0x1e /usr/lib/gcc/arm-none-eabi/9.2.0/thumb/v7e-m+fp/hard/crtn.o

.comment        0x0000000000000000       0x1d
 .comment       0x0000000000000000       0x1d _build/nrf52832_xxaa/main.c.o
                                         0x1e (size before relaxing)
 .comment       0x000000000000001d       0x1e _build/nrf52832_xxaa/system_nrf52.c.o
 .comment       0x000000000000001d       0x1e _build/nrf52832_xxaa/nrf_log_backend_serial.c.o
 .comment       0x000000000000001d       0x1e _build/nrf52832_xxaa/nrf_log_backend_uart.c.o
 .comment       0x000000000000001d       0x1e _build/nrf52832_xxaa/nrf_log_default_backends.c.o
 .comment       0x000000000000001d       0x1e _build/nrf52832_xxaa/nrf_log_frontend.c.o
 .comment       0x000000000000001d       0x1e _build/nrf52832_xxaa/nrf_log_str_formatter.c.o
 .comment       0x000000000000001d       0x1e _build/nrf52832_xxaa/app_button.c.o
 .comment       0x000000000000001d       0x1e _build/nrf52832_xxaa/app_error.c.o
 .comment       0x000000000000001d       0x1e _build/nrf52832_xxaa/app_error_weak.c.o
 .comment       0x000000000000001d       0x1e _build/nrf52832_xxaa/app_timer.c.o
 .comment       0x000000000000001d       0x1e _build/nrf52832_xxaa/app_util_platform.c.o
 .comment       0x000000000000001d       0x1e _build/nrf52832_xxaa/nrf_atflags.c.o
 .comment       0x000000000000001d       0x1e _build/nrf52832_xxaa/nrf_atomic.c.o
 .comment       0x000000000000001d       0x1e _build/nrf52832_xxaa/nrf_balloc.c.o
 .comment       0x000000000000001d       0x1e _build/nrf52832_xxaa/nrf_fprintf.c.o
 .comment       0x000000000000001d       0x1e _build/nrf52832_xxaa/nrf_fprintf_format.c.o
 .comment       0x000000000000001d       0x1e _build/nrf52832_xxaa/nrf_memobj.c.o
 .comment       0x000000000000001d       0x1e _build/nrf52832_xxaa/nrf_pwr_mgmt.c.o
 .comment       0x000000000000001d       0x1e _build/nrf52832_xxaa/nrf_ringbuf.c.o
 .comment       0x000000000000001d       0x1e _build/nrf52832_xxaa/nrf_section_iter.c.o
 .comment       0x000000000000001d       0x1e _build/nrf52832_xxaa/nrf_strerror.c.o
 .comment       0x000000000000001d       0x1e _build/nrf52832_xxaa/boards.c.o
 .comment       0x000000000000001d       0x1e _build/nrf52832_xxaa/nrf_drv_clock.c.o
 .comment       0x000000000000001d       0x1e _build/nrf52832_xxaa/nrf_drv_uart.c.o
 .comment       0x000000000000001d       0x1e _build/nrf52832_xxaa/nrfx_clock.c.o
 .comment       0x000000000000001d       0x1e _build/nrf52832_xxaa/nrfx_gpiote.c.o
 .comment       0x000000000000001d       0x1e _build/nrf52832_xxaa/nrfx_prs.c.o
 .comment       0x000000000000001d       0x1e _build/nrf52832_xxaa/nrfx_uart.c.o
 .comment       0x000000000000001d       0x1e _build/nrf52832_xxaa/nrfx_uarte.c.o
 .comment       0x000000000000001d       0x1e _build/nrf52832_xxaa/bsp.c.o
 .comment       0x000000000000001d       0x1e _build/nrf52832_xxaa/bsp_btn_ble.c.o
 .comment       0x000000000000001d       0x1e _build/nrf52832_xxaa/ble_advdata.c.o
 .comment       0x000000000000001d       0x1e _build/nrf52832_xxaa/ble_conn_state.c.o
 .comment       0x000000000000001d       0x1e _build/nrf52832_xxaa/ble_db_discovery.c.o
 .comment       0x000000000000001d       0x1e _build/nrf52832_xxaa/nrf_ble_gatt.c.o
 .comment       0x000000000000001d       0x1e _build/nrf52832_xxaa/nrf_ble_scan.c.o
 .comment       0x000000000000001d       0x1e _build/nrf52832_xxaa/ble_lbs_c.c.o
 .comment       0x000000000000001d       0x1e _build/nrf52832_xxaa/nrf_sdh.c.o
 .comment       0x000000000000001d       0x1e _build/nrf52832_xxaa/nrf_sdh_ble.c.o
 .comment       0x000000000000001d       0x1e _build/nrf52832_xxaa/nrf_sdh_soc.c.o

.debug_info     0x0000000000000000    0x5322b
 .debug_info    0x0000000000000000     0x4480 _build/nrf52832_xxaa/main.c.o
 .debug_info    0x0000000000004480       0x26 _build/nrf52832_xxaa/gcc_startup_nrf52.S.o
 .debug_info    0x00000000000044a6     0x1277 _build/nrf52832_xxaa/system_nrf52.c.o
 .debug_info    0x000000000000571d     0x124c _build/nrf52832_xxaa/nrf_log_backend_serial.c.o
 .debug_info    0x0000000000006969     0x1c9d _build/nrf52832_xxaa/nrf_log_backend_uart.c.o
 .debug_info    0x0000000000008606      0xd9e _build/nrf52832_xxaa/nrf_log_default_backends.c.o
 .debug_info    0x00000000000093a4     0x4632 _build/nrf52832_xxaa/nrf_log_frontend.c.o
 .debug_info    0x000000000000d9d6     0x1431 _build/nrf52832_xxaa/nrf_log_str_formatter.c.o
 .debug_info    0x000000000000ee07     0x1045 _build/nrf52832_xxaa/app_button.c.o
 .debug_info    0x000000000000fe4c      0xbac _build/nrf52832_xxaa/app_error.c.o
 .debug_info    0x00000000000109f8     0x1026 _build/nrf52832_xxaa/app_error_weak.c.o
 .debug_info    0x0000000000011a1e     0x29ce _build/nrf52832_xxaa/app_timer.c.o
 .debug_info    0x00000000000143ec     0x12ef _build/nrf52832_xxaa/app_util_platform.c.o
 .debug_info    0x00000000000156db      0xf4f _build/nrf52832_xxaa/nrf_atflags.c.o
 .debug_info    0x000000000001662a     0x13e4 _build/nrf52832_xxaa/nrf_atomic.c.o
 .debug_info    0x0000000000017a0e      0xea4 _build/nrf52832_xxaa/nrf_balloc.c.o
 .debug_info    0x00000000000188b2      0xb51 _build/nrf52832_xxaa/nrf_fprintf.c.o
 .debug_info    0x0000000000019403     0x1574 _build/nrf52832_xxaa/nrf_fprintf_format.c.o
 .debug_info    0x000000000001a977     0x1609 _build/nrf52832_xxaa/nrf_memobj.c.o
 .debug_info    0x000000000001bf80     0x1e41 _build/nrf52832_xxaa/nrf_pwr_mgmt.c.o
 .debug_info    0x000000000001ddc1      0xf91 _build/nrf52832_xxaa/nrf_ringbuf.c.o
 .debug_info    0x000000000001ed52      0xac1 _build/nrf52832_xxaa/nrf_section_iter.c.o
 .debug_info    0x000000000001f813      0xb76 _build/nrf52832_xxaa/nrf_strerror.c.o
 .debug_info    0x0000000000020389     0x172e _build/nrf52832_xxaa/boards.c.o
 .debug_info    0x0000000000021ab7     0x2060 _build/nrf52832_xxaa/nrf_drv_clock.c.o
 .debug_info    0x0000000000023b17     0x1ae7 _build/nrf52832_xxaa/nrf_drv_uart.c.o
 .debug_info    0x00000000000255fe     0x1e46 _build/nrf52832_xxaa/nrfx_clock.c.o
 .debug_info    0x0000000000027444     0x43b0 _build/nrf52832_xxaa/nrfx_gpiote.c.o
 .debug_info    0x000000000002b7f4     0x1200 _build/nrf52832_xxaa/nrfx_prs.c.o
 .debug_info    0x000000000002c9f4     0x40e4 _build/nrf52832_xxaa/nrfx_uart.c.o
 .debug_info    0x0000000000030ad8     0x3d7f _build/nrf52832_xxaa/nrfx_uarte.c.o
 .debug_info    0x0000000000034857     0x1e8e _build/nrf52832_xxaa/bsp.c.o
 .debug_info    0x00000000000366e5     0x28b2 _build/nrf52832_xxaa/bsp_btn_ble.c.o
 .debug_info    0x0000000000038f97     0x2834 _build/nrf52832_xxaa/ble_advdata.c.o
 .debug_info    0x000000000003b7cb     0x3751 _build/nrf52832_xxaa/ble_conn_state.c.o
 .debug_info    0x000000000003ef1c     0x3e45 _build/nrf52832_xxaa/ble_db_discovery.c.o
 .debug_info    0x0000000000042d61     0x33ed _build/nrf52832_xxaa/nrf_ble_gatt.c.o
 .debug_info    0x000000000004614e     0x3b48 _build/nrf52832_xxaa/nrf_ble_scan.c.o
 .debug_info    0x0000000000049c96     0x3143 _build/nrf52832_xxaa/ble_lbs_c.c.o
 .debug_info    0x000000000004cdd9     0x2053 _build/nrf52832_xxaa/nrf_sdh.c.o
 .debug_info    0x000000000004ee2c     0x3497 _build/nrf52832_xxaa/nrf_sdh_ble.c.o
 .debug_info    0x00000000000522c3      0xf68 _build/nrf52832_xxaa/nrf_sdh_soc.c.o

.debug_abbrev   0x0000000000000000     0xa718
 .debug_abbrev  0x0000000000000000      0x549 _build/nrf52832_xxaa/main.c.o
 .debug_abbrev  0x0000000000000549       0x14 _build/nrf52832_xxaa/gcc_startup_nrf52.S.o
 .debug_abbrev  0x000000000000055d      0x226 _build/nrf52832_xxaa/system_nrf52.c.o
 .debug_abbrev  0x0000000000000783      0x2cc _build/nrf52832_xxaa/nrf_log_backend_serial.c.o
 .debug_abbrev  0x0000000000000a4f      0x41d _build/nrf52832_xxaa/nrf_log_backend_uart.c.o
 .debug_abbrev  0x0000000000000e6c      0x294 _build/nrf52832_xxaa/nrf_log_default_backends.c.o
 .debug_abbrev  0x0000000000001100      0x61e _build/nrf52832_xxaa/nrf_log_frontend.c.o
 .debug_abbrev  0x000000000000171e      0x320 _build/nrf52832_xxaa/nrf_log_str_formatter.c.o
 .debug_abbrev  0x0000000000001a3e      0x323 _build/nrf52832_xxaa/app_button.c.o
 .debug_abbrev  0x0000000000001d61      0x276 _build/nrf52832_xxaa/app_error.c.o
 .debug_abbrev  0x0000000000001fd7      0x2e9 _build/nrf52832_xxaa/app_error_weak.c.o
 .debug_abbrev  0x00000000000022c0      0x531 _build/nrf52832_xxaa/app_timer.c.o
 .debug_abbrev  0x00000000000027f1      0x3df _build/nrf52832_xxaa/app_util_platform.c.o
 .debug_abbrev  0x0000000000002bd0      0x367 _build/nrf52832_xxaa/nrf_atflags.c.o
 .debug_abbrev  0x0000000000002f37      0x378 _build/nrf52832_xxaa/nrf_atomic.c.o
 .debug_abbrev  0x00000000000032af      0x34d _build/nrf52832_xxaa/nrf_balloc.c.o
 .debug_abbrev  0x00000000000035fc      0x27d _build/nrf52832_xxaa/nrf_fprintf.c.o
 .debug_abbrev  0x0000000000003879      0x3ba _build/nrf52832_xxaa/nrf_fprintf_format.c.o
 .debug_abbrev  0x0000000000003c33      0x39e _build/nrf52832_xxaa/nrf_memobj.c.o
 .debug_abbrev  0x0000000000003fd1      0x4ff _build/nrf52832_xxaa/nrf_pwr_mgmt.c.o
 .debug_abbrev  0x00000000000044d0      0x2a1 _build/nrf52832_xxaa/nrf_ringbuf.c.o
 .debug_abbrev  0x0000000000004771      0x206 _build/nrf52832_xxaa/nrf_section_iter.c.o
 .debug_abbrev  0x0000000000004977      0x29c _build/nrf52832_xxaa/nrf_strerror.c.o
 .debug_abbrev  0x0000000000004c13      0x408 _build/nrf52832_xxaa/boards.c.o
 .debug_abbrev  0x000000000000501b      0x5e9 _build/nrf52832_xxaa/nrf_drv_clock.c.o
 .debug_abbrev  0x0000000000005604      0x2da _build/nrf52832_xxaa/nrf_drv_uart.c.o
 .debug_abbrev  0x00000000000058de      0x52d _build/nrf52832_xxaa/nrfx_clock.c.o
 .debug_abbrev  0x0000000000005e0b      0x5d3 _build/nrf52832_xxaa/nrfx_gpiote.c.o
 .debug_abbrev  0x00000000000063de      0x362 _build/nrf52832_xxaa/nrfx_prs.c.o
 .debug_abbrev  0x0000000000006740      0x56b _build/nrf52832_xxaa/nrfx_uart.c.o
 .debug_abbrev  0x0000000000006cab      0x53e _build/nrf52832_xxaa/nrfx_uarte.c.o
 .debug_abbrev  0x00000000000071e9      0x52c _build/nrf52832_xxaa/bsp.c.o
 .debug_abbrev  0x0000000000007715      0x3c6 _build/nrf52832_xxaa/bsp_btn_ble.c.o
 .debug_abbrev  0x0000000000007adb      0x49b _build/nrf52832_xxaa/ble_advdata.c.o
 .debug_abbrev  0x0000000000007f76      0x5bb _build/nrf52832_xxaa/ble_conn_state.c.o
 .debug_abbrev  0x0000000000008531      0x60c _build/nrf52832_xxaa/ble_db_discovery.c.o
 .debug_abbrev  0x0000000000008b3d      0x4da _build/nrf52832_xxaa/nrf_ble_gatt.c.o
 .debug_abbrev  0x0000000000009017      0x520 _build/nrf52832_xxaa/nrf_ble_scan.c.o
 .debug_abbrev  0x0000000000009537      0x4ec _build/nrf52832_xxaa/ble_lbs_c.c.o
 .debug_abbrev  0x0000000000009a23      0x55c _build/nrf52832_xxaa/nrf_sdh.c.o
 .debug_abbrev  0x0000000000009f7f      0x4a8 _build/nrf52832_xxaa/nrf_sdh_ble.c.o
 .debug_abbrev  0x000000000000a427      0x2f1 _build/nrf52832_xxaa/nrf_sdh_soc.c.o

.debug_loc      0x0000000000000000    0x1d96e
 .debug_loc     0x0000000000000000      0xaf4 _build/nrf52832_xxaa/main.c.o
 .debug_loc     0x0000000000000af4      0x186 _build/nrf52832_xxaa/nrf_log_backend_serial.c.o
 .debug_loc     0x0000000000000c7a      0x334 _build/nrf52832_xxaa/nrf_log_backend_uart.c.o
 .debug_loc     0x0000000000000fae       0x17 _build/nrf52832_xxaa/nrf_log_default_backends.c.o
 .debug_loc     0x0000000000000fc5     0x4aef _build/nrf52832_xxaa/nrf_log_frontend.c.o
 .debug_loc     0x0000000000005ab4      0x486 _build/nrf52832_xxaa/nrf_log_str_formatter.c.o
 .debug_loc     0x0000000000005f3a      0x434 _build/nrf52832_xxaa/app_button.c.o
 .debug_loc     0x000000000000636e       0xc8 _build/nrf52832_xxaa/app_error.c.o
 .debug_loc     0x0000000000006436       0x6f _build/nrf52832_xxaa/app_error_weak.c.o
 .debug_loc     0x00000000000064a5     0x1390 _build/nrf52832_xxaa/app_timer.c.o
 .debug_loc     0x0000000000007835      0x1e9 _build/nrf52832_xxaa/app_util_platform.c.o
 .debug_loc     0x0000000000007a1e      0x4e7 _build/nrf52832_xxaa/nrf_atflags.c.o
 .debug_loc     0x0000000000007f05      0x587 _build/nrf52832_xxaa/nrf_atomic.c.o
 .debug_loc     0x000000000000848c      0x1c3 _build/nrf52832_xxaa/nrf_balloc.c.o
 .debug_loc     0x000000000000864f       0x54 _build/nrf52832_xxaa/nrf_fprintf.c.o
 .debug_loc     0x00000000000086a3     0x12ff _build/nrf52832_xxaa/nrf_fprintf_format.c.o
 .debug_loc     0x00000000000099a2      0xed3 _build/nrf52832_xxaa/nrf_memobj.c.o
 .debug_loc     0x000000000000a875      0x120 _build/nrf52832_xxaa/nrf_pwr_mgmt.c.o
 .debug_loc     0x000000000000a995      0x68a _build/nrf52832_xxaa/nrf_ringbuf.c.o
 .debug_loc     0x000000000000b01f      0x220 _build/nrf52832_xxaa/nrf_strerror.c.o
 .debug_loc     0x000000000000b23f      0xd67 _build/nrf52832_xxaa/boards.c.o
 .debug_loc     0x000000000000bfa6      0x58b _build/nrf52832_xxaa/nrf_drv_clock.c.o
 .debug_loc     0x000000000000c531      0x1d6 _build/nrf52832_xxaa/nrf_drv_uart.c.o
 .debug_loc     0x000000000000c707      0x341 _build/nrf52832_xxaa/nrfx_clock.c.o
 .debug_loc     0x000000000000ca48     0x3d1d _build/nrf52832_xxaa/nrfx_gpiote.c.o
 .debug_loc     0x0000000000010765      0x100 _build/nrf52832_xxaa/nrfx_prs.c.o
 .debug_loc     0x0000000000010865     0x1f26 _build/nrf52832_xxaa/nrfx_uart.c.o
 .debug_loc     0x000000000001278b     0x1c41 _build/nrf52832_xxaa/nrfx_uarte.c.o
 .debug_loc     0x00000000000143cc      0xe04 _build/nrf52832_xxaa/bsp.c.o
 .debug_loc     0x00000000000151d0      0x2a2 _build/nrf52832_xxaa/bsp_btn_ble.c.o
 .debug_loc     0x0000000000015472     0x1ade _build/nrf52832_xxaa/ble_advdata.c.o
 .debug_loc     0x0000000000016f50      0xfac _build/nrf52832_xxaa/ble_conn_state.c.o
 .debug_loc     0x0000000000017efc     0x2982 _build/nrf52832_xxaa/ble_db_discovery.c.o
 .debug_loc     0x000000000001a87e      0xd1a _build/nrf52832_xxaa/nrf_ble_gatt.c.o
 .debug_loc     0x000000000001b598     0x12d7 _build/nrf52832_xxaa/nrf_ble_scan.c.o
 .debug_loc     0x000000000001c86f      0x875 _build/nrf52832_xxaa/ble_lbs_c.c.o
 .debug_loc     0x000000000001d0e4      0x4c7 _build/nrf52832_xxaa/nrf_sdh.c.o
 .debug_loc     0x000000000001d5ab      0x32c _build/nrf52832_xxaa/nrf_sdh_ble.c.o
 .debug_loc     0x000000000001d8d7       0x97 _build/nrf52832_xxaa/nrf_sdh_soc.c.o

.debug_aranges  0x0000000000000000      0xe80
 .debug_aranges
                0x0000000000000000       0x68 _build/nrf52832_xxaa/main.c.o
 .debug_aranges
                0x0000000000000068       0x20 _build/nrf52832_xxaa/gcc_startup_nrf52.S.o
 .debug_aranges
                0x0000000000000088       0x28 _build/nrf52832_xxaa/system_nrf52.c.o
 .debug_aranges
                0x00000000000000b0       0x20 _build/nrf52832_xxaa/nrf_log_backend_serial.c.o
 .debug_aranges
                0x00000000000000d0       0x48 _build/nrf52832_xxaa/nrf_log_backend_uart.c.o
 .debug_aranges
                0x0000000000000118       0x20 _build/nrf52832_xxaa/nrf_log_default_backends.c.o
 .debug_aranges
                0x0000000000000138       0xb8 _build/nrf52832_xxaa/nrf_log_frontend.c.o
 .debug_aranges
                0x00000000000001f0       0x38 _build/nrf52832_xxaa/nrf_log_str_formatter.c.o
 .debug_aranges
                0x0000000000000228       0x48 _build/nrf52832_xxaa/app_button.c.o
 .debug_aranges
                0x0000000000000270       0x28 _build/nrf52832_xxaa/app_error.c.o
 .debug_aranges
                0x0000000000000298       0x20 _build/nrf52832_xxaa/app_error_weak.c.o
 .debug_aranges
                0x00000000000002b8       0x70 _build/nrf52832_xxaa/app_timer.c.o
 .debug_aranges
                0x0000000000000328       0x48 _build/nrf52832_xxaa/app_util_platform.c.o
 .debug_aranges
                0x0000000000000370       0x58 _build/nrf52832_xxaa/nrf_atflags.c.o
 .debug_aranges
                0x00000000000003c8       0xb0 _build/nrf52832_xxaa/nrf_atomic.c.o
 .debug_aranges
                0x0000000000000478       0x30 _build/nrf52832_xxaa/nrf_balloc.c.o
 .debug_aranges
                0x00000000000004a8       0x28 _build/nrf52832_xxaa/nrf_fprintf.c.o
 .debug_aranges
                0x00000000000004d0       0x28 _build/nrf52832_xxaa/nrf_fprintf_format.c.o
 .debug_aranges
                0x00000000000004f8       0x50 _build/nrf52832_xxaa/nrf_memobj.c.o
 .debug_aranges
                0x0000000000000548       0x48 _build/nrf52832_xxaa/nrf_pwr_mgmt.c.o
 .debug_aranges
                0x0000000000000590       0x50 _build/nrf52832_xxaa/nrf_ringbuf.c.o
 .debug_aranges
                0x00000000000005e0       0x28 _build/nrf52832_xxaa/nrf_section_iter.c.o
 .debug_aranges
                0x0000000000000608       0x28 _build/nrf52832_xxaa/nrf_strerror.c.o
 .debug_aranges
                0x0000000000000630       0x78 _build/nrf52832_xxaa/boards.c.o
 .debug_aranges
                0x00000000000006a8       0xa8 _build/nrf52832_xxaa/nrf_drv_clock.c.o
 .debug_aranges
                0x0000000000000750       0x30 _build/nrf52832_xxaa/nrf_drv_uart.c.o
 .debug_aranges
                0x0000000000000780       0x78 _build/nrf52832_xxaa/nrfx_clock.c.o
 .debug_aranges
                0x00000000000007f8       0xd8 _build/nrf52832_xxaa/nrfx_gpiote.c.o
 .debug_aranges
                0x00000000000008d0       0x30 _build/nrf52832_xxaa/nrfx_prs.c.o
 .debug_aranges
                0x0000000000000900       0x78 _build/nrf52832_xxaa/nrfx_uart.c.o
 .debug_aranges
                0x0000000000000978       0x68 _build/nrf52832_xxaa/nrfx_uarte.c.o
 .debug_aranges
                0x00000000000009e0       0x80 _build/nrf52832_xxaa/bsp.c.o
 .debug_aranges
                0x0000000000000a60       0x30 _build/nrf52832_xxaa/bsp_btn_ble.c.o
 .debug_aranges
                0x0000000000000a90       0x78 _build/nrf52832_xxaa/ble_advdata.c.o
 .debug_aranges
                0x0000000000000b08       0xc0 _build/nrf52832_xxaa/ble_conn_state.c.o
 .debug_aranges
                0x0000000000000bc8       0x70 _build/nrf52832_xxaa/ble_db_discovery.c.o
 .debug_aranges
                0x0000000000000c38       0x70 _build/nrf52832_xxaa/nrf_ble_gatt.c.o
 .debug_aranges
                0x0000000000000ca8       0x90 _build/nrf52832_xxaa/nrf_ble_scan.c.o
 .debug_aranges
                0x0000000000000d38       0x60 _build/nrf52832_xxaa/ble_lbs_c.c.o
 .debug_aranges
                0x0000000000000d98       0x70 _build/nrf52832_xxaa/nrf_sdh.c.o
 .debug_aranges
                0x0000000000000e08       0x50 _build/nrf52832_xxaa/nrf_sdh_ble.c.o
 .debug_aranges
                0x0000000000000e58       0x28 _build/nrf52832_xxaa/nrf_sdh_soc.c.o

.debug_ranges   0x0000000000000000     0x79f0
 .debug_ranges  0x0000000000000000      0x3d0 _build/nrf52832_xxaa/main.c.o
 .debug_ranges  0x00000000000003d0      0x208 _build/nrf52832_xxaa/system_nrf52.c.o
 .debug_ranges  0x00000000000005d8       0x28 _build/nrf52832_xxaa/nrf_log_backend_serial.c.o
 .debug_ranges  0x0000000000000600      0x110 _build/nrf52832_xxaa/nrf_log_backend_uart.c.o
 .debug_ranges  0x0000000000000710       0x10 _build/nrf52832_xxaa/nrf_log_default_backends.c.o
 .debug_ranges  0x0000000000000720      0xcb0 _build/nrf52832_xxaa/nrf_log_frontend.c.o
 .debug_ranges  0x00000000000013d0       0xa8 _build/nrf52832_xxaa/nrf_log_str_formatter.c.o
 .debug_ranges  0x0000000000001478       0x90 _build/nrf52832_xxaa/app_button.c.o
 .debug_ranges  0x0000000000001508       0x18 _build/nrf52832_xxaa/app_error.c.o
 .debug_ranges  0x0000000000001520       0x28 _build/nrf52832_xxaa/app_error_weak.c.o
 .debug_ranges  0x0000000000001548      0x748 _build/nrf52832_xxaa/app_timer.c.o
 .debug_ranges  0x0000000000001c90      0x100 _build/nrf52832_xxaa/app_util_platform.c.o
 .debug_ranges  0x0000000000001d90      0x188 _build/nrf52832_xxaa/nrf_atflags.c.o
 .debug_ranges  0x0000000000001f18      0x228 _build/nrf52832_xxaa/nrf_atomic.c.o
 .debug_ranges  0x0000000000002140       0x78 _build/nrf52832_xxaa/nrf_balloc.c.o
 .debug_ranges  0x00000000000021b8       0x18 _build/nrf52832_xxaa/nrf_fprintf.c.o
 .debug_ranges  0x00000000000021d0      0x3c8 _build/nrf52832_xxaa/nrf_fprintf_format.c.o
 .debug_ranges  0x0000000000002598       0xb8 _build/nrf52832_xxaa/nrf_memobj.c.o
 .debug_ranges  0x0000000000002650      0x118 _build/nrf52832_xxaa/nrf_pwr_mgmt.c.o
 .debug_ranges  0x0000000000002768       0x40 _build/nrf52832_xxaa/nrf_ringbuf.c.o
 .debug_ranges  0x00000000000027a8       0x18 _build/nrf52832_xxaa/nrf_section_iter.c.o
 .debug_ranges  0x00000000000027c0       0xb0 _build/nrf52832_xxaa/nrf_strerror.c.o
 .debug_ranges  0x0000000000002870      0x968 _build/nrf52832_xxaa/boards.c.o
 .debug_ranges  0x00000000000031d8      0x350 _build/nrf52832_xxaa/nrf_drv_clock.c.o
 .debug_ranges  0x0000000000003528       0x20 _build/nrf52832_xxaa/nrf_drv_uart.c.o
 .debug_ranges  0x0000000000003548      0x2d8 _build/nrf52832_xxaa/nrfx_clock.c.o