Archive member included to satisfy reference by file (symbol)

/usr/lib/gcc/arm-none-eabi/9.2.0/../../../../arm-none-eabi/lib/thumb/v7e-m+fp/hard/libc_nano.a(lib_a-atexit.o)
                              /usr/lib/gcc/arm-none-eabi/9.2.0/../../../../arm-none-eabi/lib/thumb/v7e-m+fp/hard/crt0.o (atexit)
/usr/lib/gcc/arm-none-eabi/9.2.0/../../../../arm-none-eabi/lib/thumb/v7e-m+fp/hard/libc_nano.a(lib_a-ctype_.o)
                              _build/nrf52832_xxaa/nrf_log_str_formatter.c.o (_ctype_)
/usr/lib/gcc/arm-none-eabi/9.2.0/../../../../arm-none-eabi/lib/thumb/v7e-m+fp/hard/libc_nano.a(lib_a-exit.o)
                              /usr/lib/gcc/arm-none-eabi/9.2.0/../../../../arm-none-eabi/lib/thumb/v7e-m+fp/hard/crt0.o (exit)
/usr/lib/gcc/arm-none-eabi/9.2.0/../../../../arm-none-eabi/lib/thumb/v7e-m+fp/hard/libc_nano.a(lib_a-fini.o)
                              /usr/lib/gcc/arm-none-eabi/9.2.0/../../../../arm-none-eabi/lib/thumb/v7e-m+fp/hard/crt0.o (__libc_fini_array)
/usr/lib/gcc/arm-none-eabi/9.2.0/../../../../arm-none-eabi/lib/thumb/v7e-m+fp/hard/libc_nano.a(lib_a-impure.o)
                              /usr/lib/gcc/arm-none-eabi/9.2.0/../../../../arm-none-eabi/lib/thumb/v7e-m+fp/hard/libc_nano.a(lib_a-exit.o) (_global_impure_ptr)
/usr/lib/gcc/arm-none-eabi/9.2.0/../../../../arm-none-eabi/lib/thumb/v7e-m+fp/hard/libc_nano.a(lib_a-init.o)
                              /usr/lib/gcc/arm-none-eabi/9.2.0/../../../../arm-none-eabi/lib/thumb/v7e-m+fp/hard/crt0.o (__libc_init_array)
/usr/lib/gcc/arm-none-eabi/9.2.0/../../../../arm-none-eabi/lib/thumb/v7e-m+fp/hard/libc_nano.a(lib_a-memcmp.o)
                              _build/nrf52832_xxaa/ble_advdata.c.o (memcmp)
/usr/lib/gcc/arm-none-eabi/9.2.0/../../../../arm-none-eabi/lib/thumb/v7e-m+fp/hard/libc_nano.a(lib_a-memcpy-stub.o)
                              _build/nrf52832_xxaa/nrf_log_frontend.c.o (memcpy)
/usr/lib/gcc/arm-none-eabi/9.2.0/../../../../arm-none-eabi/lib/thumb/v7e-m+fp/hard/libc_nano.a(lib_a-memset.o)
                              /usr/lib/gcc/arm-none-eabi/9.2.0/../../../../arm-none-eabi/lib/thumb/v7e-m+fp/hard/crt0.o (memset)
/usr/lib/gcc/arm-none-eabi/9.2.0/../../../../arm-none-eabi/lib/thumb/v7e-m+fp/hard/libc_nano.a(lib_a-strcmp.o)
                              _build/nrf52832_xxaa/nrf_ble_scan.c.o (strcmp)
/usr/lib/gcc/arm-none-eabi/9.2.0/../../../../arm-none-eabi/lib/thumb/v7e-m+fp/hard/libc_nano.a(lib_a-strcpy.o)
                              _build/nrf52832_xxaa/SEGGER_RTT.c.o (strcpy)
/usr/lib/gcc/arm-none-eabi/9.2.0/../../../../arm-none-eabi/lib/thumb/v7e-m+fp/hard/libc_nano.a(lib_a-strlen.o)
                              _build/nrf52832_xxaa/nrf_log_frontend.c.o (strlen)
/usr/lib/gcc/arm-none-eabi/9.2.0/../../../../arm-none-eabi/lib/thumb/v7e-m+fp/hard/libc_nano.a(lib_a-__atexit.o)
                              /usr/lib/gcc/arm-none-eabi/9.2.0/../../../../arm-none-eabi/lib/thumb/v7e-m+fp/hard/libc_nano.a(lib_a-atexit.o) (__register_exitproc)
/usr/lib/gcc/arm-none-eabi/9.2.0/../../../../arm-none-eabi/lib/thumb/v7e-m+fp/hard/libc_nano.a(lib_a-__call_atexit.o)
                              /usr/lib/gcc/arm-none-eabi/9.2.0/../../../../arm-none-eabi/lib/thumb/v7e-m+fp/hard/libc_nano.a(lib_a-__atexit.o) (__call_exitprocs)
/usr/lib/gcc/arm-none-eabi/9.2.0/../../../../arm-none-eabi/lib/thumb/v7e-m+fp/hard/libc_nano.a(lib_a-lock.o)
                              /usr/lib/gcc/arm-none-eabi/9.2.0/../../../../arm-none-eabi/lib/thumb/v7e-m+fp/hard/libc_nano.a(lib_a-__atexit.o) (__retarget_lock_acquire_recursive)
/usr/lib/gcc/arm-none-eabi/9.2.0/../../../../arm-none-eabi/lib/thumb/v7e-m+fp/hard/libnosys.a(_exit.o)
                              /usr/lib/gcc/arm-none-eabi/9.2.0/../../../../arm-none-eabi/lib/thumb/v7e-m+fp/hard/libc_nano.a(lib_a-exit.o) (_exit)
/usr/lib/gcc/arm-none-eabi/9.2.0/thumb/v7e-m+fp/hard/libgcc.a(_aeabi_ldivmod.o)
                              _build/nrf52832_xxaa/bsp.c.o (__aeabi_ldivmod)
/usr/lib/gcc/arm-none-eabi/9.2.0/thumb/v7e-m+fp/hard/libgcc.a(_aeabi_uldivmod.o)
                              _build/nrf52832_xxaa/bsp.c.o (__aeabi_uldivmod)
/usr/lib/gcc/arm-none-eabi/9.2.0/thumb/v7e-m+fp/hard/libgcc.a(_udivmoddi4.o)
                              /usr/lib/gcc/arm-none-eabi/9.2.0/thumb/v7e-m+fp/hard/libgcc.a(_aeabi_ldivmod.o) (__udivmoddi4)
/usr/lib/gcc/arm-none-eabi/9.2.0/thumb/v7e-m+fp/hard/libgcc.a(_dvmd_tls.o)
                              /usr/lib/gcc/arm-none-eabi/9.2.0/thumb/v7e-m+fp/hard/libgcc.a(_aeabi_ldivmod.o) (__aeabi_ldiv0)

Allocating common symbols
Common symbol       size              file

nrf_nvic_state      0xc               _build/nrf52832_xxaa/app_util_platform.c.o
__lock___atexit_recursive_mutex
                    0x1               /usr/lib/gcc/arm-none-eabi/9.2.0/../../../../arm-none-eabi/lib/thumb/v7e-m+fp/hard/libc_nano.a(lib_a-lock.o)
__lock___arc4random_mutex
[...]
Memory Configuration

Name             Origin             Length             Attributes
FLASH            0x0000000000026000 0x000000000005a000 xr
RAM              0x0000000020004368 0x000000000000bc98 xrw
*default*        0x0000000000000000 0xffffffffffffffff

Linker script and memory map


.text           0x0000000000026000     0x7600
 *(.isr_vector)
 .isr_vector    0x0000000000026000      0x200 _build/nrf52832_xxaa/gcc_startup_nrf52.S.o
                0x0000000000026000                __isr_vector
 *(.text*)
 .text.__do_global_dtors_aux
                0x0000000000026200       0x24 /usr/lib/gcc/arm-none-eabi/9.2.0/thumb/v7e-m+fp/hard/crtbegin.o
 .text.frame_dummy
                0x0000000000026224       0x1c /usr/lib/gcc/arm-none-eabi/9.2.0/thumb/v7e-m+fp/hard/crtbegin.o
 .text          0x0000000000026240       0x68 /usr/lib/gcc/arm-none-eabi/9.2.0/../../../../arm-none-eabi/lib/thumb/v7e-m+fp/hard/crt0.o
                0x0000000000026240                _mainCRTStartup
                0x0000000000026240                _start
 .text.sd_ble_gap_conn_param_update
                0x00000000000262a8        0x4 _build/nrf52832_xxaa/main.c.o
 .text.sd_ble_gap_disconnect
                0x00000000000262ac        0x4 _build/nrf52832_xxaa/main.c.o
 .text.sd_ble_gap_phy_update
                0x00000000000262b0        0x4 _build/nrf52832_xxaa/main.c.o
 .text.db_disc_handler
                0x00000000000262b4       0x14 _build/nrf52832_xxaa/main.c.o
 .text.scan_evt_handler
                0x00000000000262c8       0x14 _build/nrf52832_xxaa/main.c.o
 .text.button_event_handler
                0x00000000000262dc       0x5c _build/nrf52832_xxaa/main.c.o
 .text.lbs_c_evt_handler
                0x0000000000026338       0x84 _build/nrf52832_xxaa/main.c.o
 .text.ble_evt_handler
                0x00000000000263bc      0x180 _build/nrf52832_xxaa/main.c.o
 .text.startup.main
                0x000000000002653c      0x19c _build/nrf52832_xxaa/main.c.o
                0x000000000002653c                main
 .text          0x00000000000266d8       0x3c _build/nrf52832_xxaa/gcc_startup_nrf52.S.o
                0x00000000000266d8                Reset_Handler
                0x0000000000026700                NMI_Handler
                0x0000000000026702                HardFault_Handler
                0x0000000000026704                MemoryManagement_Handler
                0x0000000000026706                BusFault_Handler
                0x0000000000026708                UsageFault_Handler
                0x000000000002670a                SVC_Handler
                0x000000000002670c                DebugMon_Handler
                0x000000000002670e                PendSV_Handler
                0x0000000000026710                SysTick_Handler
                0x0000000000026712                TIMER2_IRQHandler
                0x0000000000026712                RTC0_IRQHandler
                0x0000000000026712                PWM1_IRQHandler
                0x0000000000026712                RADIO_IRQHandler
                0x0000000000026712                PDM_IRQHandler
                0x0000000000026712                TEMP_IRQHandler
                0x0000000000026712                QDEC_IRQHandler
                0x0000000000026712                TIMER3_IRQHandler
                0x0000000000026712                FPU_IRQHandler
                0x0000000000026712                SPIM0_SPIS0_TWIM0_TWIS0_SPI0_TWI0_IRQHandler
                0x0000000000026712                TIMER4_IRQHandler
                0x0000000000026712                I2S_IRQHandler
                0x0000000000026712                SWI4_EGU4_IRQHandler
                0x0000000000026712                TIMER0_IRQHandler
                0x0000000000026712                TIMER1_IRQHandler
                0x0000000000026712                PWM2_IRQHandler
                0x0000000000026712                ECB_IRQHandler
                0x0000000000026712                SPIM1_SPIS1_TWIM1_TWIS1_SPI1_TWI1_IRQHandler
                0x0000000000026712                Default_Handler
                0x0000000000026712                SAADC_IRQHandler
                0x0000000000026712                CCM_AAR_IRQHandler
                0x0000000000026712                WDT_IRQHandler
                0x0000000000026712                SWI5_EGU5_IRQHandler
                0x0000000000026712                RNG_IRQHandler
                0x0000000000026712                RTC2_IRQHandler
                0x0000000000026712                PWM0_IRQHandler
                0x0000000000026712                SWI3_EGU3_IRQHandler
                0x0000000000026712                SWI1_EGU1_IRQHandler
                0x0000000000026712                SPIM2_SPIS2_SPI2_IRQHandler
                0x0000000000026712                NFCT_IRQHandler
                0x0000000000026712                MWU_IRQHandler
                0x0000000000026712                COMP_LPCOMP_IRQHandler
 .text.SystemInit
                0x0000000000026714      0x3b4 _build/nrf52832_xxaa/system_nrf52.c.o
                0x0000000000026714                SystemInit
 .text.nrf_log_backend_serial_put
                0x0000000000026ac8       0xd8 _build/nrf52832_xxaa/nrf_log_backend_serial.c.o
                0x0000000000026ac8                nrf_log_backend_serial_put
 .text.uart_evt_handler
                0x0000000000026ba0        0xc _build/nrf52832_xxaa/nrf_log_backend_uart.c.o
 .text.nrf_log_backend_uart_flush
                0x0000000000026bac        0x4 _build/nrf52832_xxaa/nrf_log_backend_uart.c.o
 .text.nrf_log_backend_uart_put
                0x0000000000026bb0       0x20 _build/nrf52832_xxaa/nrf_log_backend_uart.c.o
 .text.serial_tx
                0x0000000000026bd0       0x4c _build/nrf52832_xxaa/nrf_log_backend_uart.c.o
 .text.nrf_log_backend_uart_panic_set
                0x0000000000026c1c       0x64 _build/nrf52832_xxaa/nrf_log_backend_uart.c.o
 .text.nrf_log_backend_uart_init
                0x0000000000026c80       0x4c _build/nrf52832_xxaa/nrf_log_backend_uart.c.o
                0x0000000000026c80                nrf_log_backend_uart_init
 .text.nrf_log_default_backends_init
                0x0000000000026ccc       0x20 _build/nrf52832_xxaa/nrf_log_default_backends.c.o
                0x0000000000026ccc                nrf_log_default_backends_init
 .text.nrf_log_init
                0x0000000000026cec       0x40 _build/nrf52832_xxaa/nrf_log_frontend.c.o
                0x0000000000026cec                nrf_log_init
 .text.nrf_log_module_name_get
                0x0000000000026d2c       0x48 _build/nrf52832_xxaa/nrf_log_frontend.c.o
                0x0000000000026d2c                nrf_log_module_name_get
 .text.nrf_log_color_id_get
                0x0000000000026d74       0x2c _build/nrf52832_xxaa/nrf_log_frontend.c.o
                0x0000000000026d74                nrf_log_color_id_get
 .text.nrf_log_frontend_dequeue
                0x0000000000026da0      0x274 _build/nrf52832_xxaa/nrf_log_frontend.c.o
                0x0000000000026da0                nrf_log_frontend_dequeue
 .text.nrf_log_frontend_std_0
                0x0000000000027014      0x19c _build/nrf52832_xxaa/nrf_log_frontend.c.o
                0x0000000000027014                nrf_log_frontend_std_0
 .text.nrf_log_frontend_std_1
                0x00000000000271b0      0x1ac _build/nrf52832_xxaa/nrf_log_frontend.c.o
                0x00000000000271b0                nrf_log_frontend_std_1
 .text.nrf_log_frontend_std_2
                0x000000000002735c      0x1bc _build/nrf52832_xxaa/nrf_log_frontend.c.o
                0x000000000002735c                nrf_log_frontend_std_2
 .text.nrf_log_backend_add
                0x0000000000027518       0x5c _build/nrf52832_xxaa/nrf_log_frontend.c.o
                0x0000000000027518                nrf_log_backend_add
 .text.nrf_log_panic
                0x0000000000027574       0x2c _build/nrf52832_xxaa/nrf_log_frontend.c.o
                0x0000000000027574                nrf_log_panic
 .text.prefix_process
                0x00000000000275a0       0x80 _build/nrf52832_xxaa/nrf_log_str_formatter.c.o
 .text.nrf_log_std_entry_process
                0x0000000000027620       0xf0 _build/nrf52832_xxaa/nrf_log_str_formatter.c.o
                0x0000000000027620                nrf_log_std_entry_process
 .text.nrf_log_hexdump_entry_process
                0x0000000000027710       0xfc _build/nrf52832_xxaa/nrf_log_str_formatter.c.o
                0x0000000000027710                nrf_log_hexdump_entry_process
 .text.detection_delay_timeout_handler
                0x000000000002780c      0x10c _build/nrf52832_xxaa/app_button.c.o
 .text.gpiote_event_handler
                0x0000000000027918       0xa0 _build/nrf52832_xxaa/app_button.c.o
 .text.app_button_init
                0x00000000000279b8       0xb0 _build/nrf52832_xxaa/app_button.c.o
                0x00000000000279b8                app_button_init
 .text.app_button_enable
                0x0000000000027a68       0x2c _build/nrf52832_xxaa/app_button.c.o
                0x0000000000027a68                app_button_enable
 .text.app_button_disable
                0x0000000000027a94       0x34 _build/nrf52832_xxaa/app_button.c.o
                0x0000000000027a94                app_button_disable
 .text.app_error_handler_bare
                0x0000000000027ac8       0x20 _build/nrf52832_xxaa/app_error.c.o
                0x0000000000027ac8                app_error_handler_bare
 .text.app_error_fault_handler
                0x0000000000027ae8       0x70 _build/nrf52832_xxaa/app_error_weak.c.o
                0x0000000000027ae8                app_error_fault_handler
 .text.RTC1_IRQHandler
                0x0000000000027b58       0xa0 _build/nrf52832_xxaa/app_timer.c.o
                0x0000000000027b58                RTC1_IRQHandler
 .text.SWI0_EGU0_IRQHandler
                0x0000000000027bf8      0x3cc _build/nrf52832_xxaa/app_timer.c.o
                0x0000000000027bf8                SWI0_EGU0_IRQHandler
 .text.app_timer_init
                0x0000000000027fc4       0xa8 _build/nrf52832_xxaa/app_timer.c.o
                0x0000000000027fc4                app_timer_init
 .text.app_timer_create
                0x000000000002806c       0x24 _build/nrf52832_xxaa/app_timer.c.o
                0x000000000002806c                app_timer_create
 .text.app_timer_start
                0x0000000000028090       0xb0 _build/nrf52832_xxaa/app_timer.c.o
                0x0000000000028090                app_timer_start
 .text.app_timer_stop
                0x0000000000028140       0x74 _build/nrf52832_xxaa/app_timer.c.o
                0x0000000000028140                app_timer_stop
 .text.app_util_critical_region_enter
                0x00000000000281b4       0x4c _build/nrf52832_xxaa/app_util_platform.c.o
                0x00000000000281b4                app_util_critical_region_enter
 .text.app_util_critical_region_exit
                0x0000000000028200       0x30 _build/nrf52832_xxaa/app_util_platform.c.o
                0x0000000000028200                app_util_critical_region_exit
 .text.nrf_atflags_set
                0x0000000000028230       0x14 _build/nrf52832_xxaa/nrf_atflags.c.o
                0x0000000000028230                nrf_atflags_set
 .text.nrf_atflags_clear
                0x0000000000028244       0x14 _build/nrf52832_xxaa/nrf_atflags.c.o
                0x0000000000028244                nrf_atflags_clear
 .text.nrf_atflags_get
                0x0000000000028258       0x14 _build/nrf52832_xxaa/nrf_atflags.c.o
                0x0000000000028258                nrf_atflags_get
 .text.nrf_atomic_u32_fetch_store
                0x000000000002826c       0x1c _build/nrf52832_xxaa/nrf_atomic.c.o
                0x000000000002826c                nrf_atomic_u32_fetch_store
 .text.nrf_atomic_u32_or
                0x0000000000028288       0x1c _build/nrf52832_xxaa/nrf_atomic.c.o
                0x0000000000028288                nrf_atomic_u32_or
 .text.nrf_atomic_u32_and
                0x00000000000282a4       0x1c _build/nrf52832_xxaa/nrf_atomic.c.o
                0x00000000000282a4                nrf_atomic_u32_and
 .text.nrf_atomic_u32_add
                0x00000000000282c0       0x1c _build/nrf52832_xxaa/nrf_atomic.c.o
                0x00000000000282c0                nrf_atomic_u32_add
 .text.nrf_atomic_u32_sub
                0x00000000000282dc       0x1c _build/nrf52832_xxaa/nrf_atomic.c.o
                0x00000000000282dc                nrf_atomic_u32_sub
 .text.nrf_atomic_flag_set
                0x00000000000282f8       0x20 _build/nrf52832_xxaa/nrf_atomic.c.o
                0x00000000000282f8                nrf_atomic_flag_set
 .text.nrf_atomic_flag_clear_fetch
                0x0000000000028318       0x20 _build/nrf52832_xxaa/nrf_atomic.c.o
                0x0000000000028318                nrf_atomic_flag_clear_fetch
 .text.nrf_balloc_init
                0x0000000000028338       0x38 _build/nrf52832_xxaa/nrf_balloc.c.o
                0x0000000000028338                nrf_balloc_init
 .text.nrf_balloc_alloc
                0x0000000000028370       0x50 _build/nrf52832_xxaa/nrf_balloc.c.o
                0x0000000000028370                nrf_balloc_alloc
 .text.nrf_balloc_free
                0x00000000000283c0       0x38 _build/nrf52832_xxaa/nrf_balloc.c.o
                0x00000000000283c0                nrf_balloc_free
 .text.nrf_fprintf_buffer_flush
                0x00000000000283f8       0x18 _build/nrf52832_xxaa/nrf_fprintf.c.o
                0x00000000000283f8                nrf_fprintf_buffer_flush
 .text.nrf_fprintf
                0x0000000000028410       0x20 _build/nrf52832_xxaa/nrf_fprintf.c.o
                0x0000000000028410                nrf_fprintf
 .text.unsigned_print
                0x0000000000028430      0x170 _build/nrf52832_xxaa/nrf_fprintf_format.c.o
 .text.nrf_fprintf_fmt
                0x00000000000285a0      0x66c _build/nrf52832_xxaa/nrf_fprintf_format.c.o
                0x00000000000285a0                nrf_fprintf_fmt
 .text.nrf_memobj_pool_init
                0x0000000000028c0c        0x4 _build/nrf52832_xxaa/nrf_memobj.c.o
                0x0000000000028c0c                nrf_memobj_pool_init
 .text.nrf_memobj_alloc
                0x0000000000028c10       0x9c _build/nrf52832_xxaa/nrf_memobj.c.o
                0x0000000000028c10                nrf_memobj_alloc
 .text.nrf_memobj_get
                0x0000000000028cac        0x8 _build/nrf52832_xxaa/nrf_memobj.c.o
                0x0000000000028cac                nrf_memobj_get
 .text.nrf_memobj_put
                0x0000000000028cb4       0x5c _build/nrf52832_xxaa/nrf_memobj.c.o
                0x0000000000028cb4                nrf_memobj_put
 .text.nrf_memobj_write
                0x0000000000028d10       0x68 _build/nrf52832_xxaa/nrf_memobj.c.o
                0x0000000000028d10                nrf_memobj_write
 .text.nrf_memobj_read
                0x0000000000028d78       0x68 _build/nrf52832_xxaa/nrf_memobj.c.o
                0x0000000000028d78                nrf_memobj_read
 .text.sd_app_evt_wait
                0x0000000000028de0        0x4 _build/nrf52832_xxaa/nrf_pwr_mgmt.c.o
 .text.nrf_pwr_mgmt_init
                0x0000000000028de4       0x2c _build/nrf52832_xxaa/nrf_pwr_mgmt.c.o
                0x0000000000028de4                nrf_pwr_mgmt_init
 .text.nrf_pwr_mgmt_run
                0x0000000000028e10       0x54 _build/nrf52832_xxaa/nrf_pwr_mgmt.c.o
                0x0000000000028e10                nrf_pwr_mgmt_run
 .text.nrf_ringbuf_init
                0x0000000000028e64       0x1c _build/nrf52832_xxaa/nrf_ringbuf.c.o
                0x0000000000028e64                nrf_ringbuf_init
 .text.nrf_section_iter_init
                0x0000000000028e80       0x14 _build/nrf52832_xxaa/nrf_section_iter.c.o
                0x0000000000028e80                nrf_section_iter_init
 .text.nrf_section_iter_next
                0x0000000000028e94       0x18 _build/nrf52832_xxaa/nrf_section_iter.c.o
                0x0000000000028e94                nrf_section_iter_next
 .text.nrf_strerror_get
                0x0000000000028eac       0x50 _build/nrf52832_xxaa/nrf_strerror.c.o
                0x0000000000028eac                nrf_strerror_get
 .text.bsp_board_led_on
                0x0000000000028efc       0x18 _build/nrf52832_xxaa/boards.c.o
                0x0000000000028efc                bsp_board_led_on
 .text.bsp_board_led_off
                0x0000000000028f14       0x18 _build/nrf52832_xxaa/boards.c.o
                0x0000000000028f14                bsp_board_led_off
 .text.bsp_board_init
                0x0000000000028f2c       0x5c _build/nrf52832_xxaa/boards.c.o
                0x0000000000028f2c                bsp_board_init
 .text.clock_irq_handler
                0x0000000000028f88       0x44 _build/nrf52832_xxaa/nrf_drv_clock.c.o
 .text.soc_evt_handler
                0x0000000000028fcc       0x28 _build/nrf52832_xxaa/nrf_drv_clock.c.o
 .text.sd_state_evt_handler
                0x0000000000028ff4       0xa8 _build/nrf52832_xxaa/nrf_drv_clock.c.o
 .text.uarte_evt_handler
                0x000000000002909c       0x34 _build/nrf52832_xxaa/nrf_drv_uart.c.o
 .text.uart_evt_handler
                0x00000000000290d0       0x34 _build/nrf52832_xxaa/nrf_drv_uart.c.o
 .text.nrf_drv_uart_init
                0x0000000000029104       0x80 _build/nrf52832_xxaa/nrf_drv_uart.c.o
                0x0000000000029104                nrf_drv_uart_init
 .text.nrfx_clock_init
                0x0000000000029184       0x18 _build/nrf52832_xxaa/nrfx_clock.c.o
                0x0000000000029184                nrfx_clock_init
 .text.nrfx_clock_enable
                0x000000000002919c       0x24 _build/nrf52832_xxaa/nrfx_clock.c.o
                0x000000000002919c                nrfx_clock_enable
 .text.nrfx_clock_lfclk_stop
                0x00000000000291c0       0x18 _build/nrf52832_xxaa/nrfx_clock.c.o
                0x00000000000291c0                nrfx_clock_lfclk_stop
 .text.POWER_CLOCK_IRQHandler
                0x00000000000291d8       0x6c _build/nrf52832_xxaa/nrfx_clock.c.o
                0x00000000000291d8                POWER_CLOCK_IRQHandler
 .text.nrfx_gpiote_init
                0x0000000000029244       0x94 _build/nrf52832_xxaa/nrfx_gpiote.c.o
                0x0000000000029244                nrfx_gpiote_init
 .text.nrfx_gpiote_is_init
                0x00000000000292d8       0x14 _build/nrf52832_xxaa/nrfx_gpiote.c.o
                0x00000000000292d8                nrfx_gpiote_is_init
 .text.nrfx_gpiote_in_init
                0x00000000000292ec      0x1c4 _build/nrf52832_xxaa/nrfx_gpiote.c.o
                0x00000000000292ec                nrfx_gpiote_in_init
 .text.nrfx_gpiote_in_event_enable
                0x00000000000294b0       0xbc _build/nrf52832_xxaa/nrfx_gpiote.c.o
                0x00000000000294b0                nrfx_gpiote_in_event_enable
 .text.nrfx_gpiote_in_event_disable
                0x000000000002956c       0x64 _build/nrf52832_xxaa/nrfx_gpiote.c.o
                0x000000000002956c                nrfx_gpiote_in_event_disable
 .text.nrfx_gpiote_in_is_set
                0x00000000000295d0       0x14 _build/nrf52832_xxaa/nrfx_gpiote.c.o
                0x00000000000295d0                nrfx_gpiote_in_is_set
 .text.GPIOTE_IRQHandler
                0x00000000000295e4      0x4ec _build/nrf52832_xxaa/nrfx_gpiote.c.o
                0x00000000000295e4                GPIOTE_IRQHandler
 .text.UARTE0_UART0_IRQHandler
                0x0000000000029ad0        0xc _build/nrf52832_xxaa/nrfx_prs.c.o
                0x0000000000029ad0                UARTE0_UART0_IRQHandler
 .text.nrfx_prs_acquire
                0x0000000000029adc       0x50 _build/nrf52832_xxaa/nrfx_prs.c.o
                0x0000000000029adc                nrfx_prs_acquire
 .text.nrfx_prs_release
                0x0000000000029b2c       0x18 _build/nrf52832_xxaa/nrfx_prs.c.o
                0x0000000000029b2c                nrfx_prs_release
 .text.nrfx_uart_0_irq_handler
                0x0000000000029b44      0x1c0 _build/nrf52832_xxaa/nrfx_uart.c.o
                0x0000000000029b44                nrfx_uart_0_irq_handler
 .text.nrfx_uart_init
                0x0000000000029d04      0x198 _build/nrf52832_xxaa/nrfx_uart.c.o
                0x0000000000029d04                nrfx_uart_init
 .text.nrfx_uart_uninit
                0x0000000000029e9c       0xcc _build/nrf52832_xxaa/nrfx_uart.c.o
                0x0000000000029e9c                nrfx_uart_uninit
 .text.nrfx_uart_tx
                0x0000000000029f68       0xd0 _build/nrf52832_xxaa/nrfx_uart.c.o
                0x0000000000029f68                nrfx_uart_tx
 .text.nrfx_uarte_0_irq_handler
                0x000000000002a038      0x128 _build/nrf52832_xxaa/nrfx_uarte.c.o
                0x000000000002a038                nrfx_uarte_0_irq_handler
 .text.nrfx_uarte_init
                0x000000000002a160      0x1c0 _build/nrf52832_xxaa/nrfx_uarte.c.o
                0x000000000002a160                nrfx_uarte_init
 .text.nrfx_uarte_uninit
                0x000000000002a320       0xd4 _build/nrf52832_xxaa/nrfx_uarte.c.o
                0x000000000002a320                nrfx_uarte_uninit
 .text.nrfx_uarte_tx
                0x000000000002a3f4       0xa8 _build/nrf52832_xxaa/nrfx_uarte.c.o
                0x000000000002a3f4                nrfx_uarte_tx
 .text.bsp_event_to_button_action_assign
                0x000000000002a49c       0x54 _build/nrf52832_xxaa/bsp.c.o
                0x000000000002a49c                bsp_event_to_button_action_assign
 .text.ble_evt_handler
                0x000000000002a4f0       0xac _build/nrf52832_xxaa/bsp_btn_ble.c.o
 .text.ble_advdata_name_find
                0x000000000002a59c       0x74 _build/nrf52832_xxaa/ble_advdata.c.o
                0x000000000002a59c                ble_advdata_name_find
 .text.ble_evt_handler
                0x000000000002a610      0x124 _build/nrf52832_xxaa/ble_conn_state.c.o
 .text.ble_conn_state_init
                0x000000000002a734       0x10 _build/nrf52832_xxaa/ble_conn_state.c.o
                0x000000000002a734                ble_conn_state_init
 .text.ble_conn_state_central_conn_count
                0x000000000002a744       0x38 _build/nrf52832_xxaa/ble_conn_state.c.o
                0x000000000002a744                ble_conn_state_central_conn_count
 .text.sd_ble_gattc_primary_services_discover
                0x000000000002a77c        0x4 _build/nrf52832_xxaa/ble_db_discovery.c.o
 .text.sd_ble_gattc_characteristics_discover
                0x000000000002a780        0x4 _build/nrf52832_xxaa/ble_db_discovery.c.o
 .text.sd_ble_gattc_descriptors_discover
                0x000000000002a784        0x4 _build/nrf52832_xxaa/ble_db_discovery.c.o
 .text.discovery_error_evt_trigger
                0x000000000002a788       0xd8 _build/nrf52832_xxaa/ble_db_discovery.c.o
 .text.discovery_complete_evt_trigger
                0x000000000002a860      0x12c _build/nrf52832_xxaa/ble_db_discovery.c.o
 .text.descriptors_discover
                0x000000000002a98c       0xcc _build/nrf52832_xxaa/ble_db_discovery.c.o
 .text.ble_db_discovery_init
                0x000000000002aa58       0x34 _build/nrf52832_xxaa/ble_db_discovery.c.o
                0x000000000002aa58                ble_db_discovery_init
 .text.ble_db_discovery_evt_register
                0x000000000002aa8c       0xcc _build/nrf52832_xxaa/ble_db_discovery.c.o
                0x000000000002aa8c                ble_db_discovery_evt_register
 .text.ble_db_discovery_start
                0x000000000002ab58       0x84 _build/nrf52832_xxaa/ble_db_discovery.c.o
                0x000000000002ab58                ble_db_discovery_start
 .text.ble_db_discovery_on_ble_evt
                0x000000000002abdc      0xa04 _build/nrf52832_xxaa/ble_db_discovery.c.o
                0x000000000002abdc                ble_db_discovery_on_ble_evt
 .text.sd_ble_gap_data_length_update
                0x000000000002b5e0        0x4 _build/nrf52832_xxaa/nrf_ble_gatt.c.o
 .text.sd_ble_gattc_exchange_mtu_request
                0x000000000002b5e4        0x4 _build/nrf52832_xxaa/nrf_ble_gatt.c.o
 .text.sd_ble_gatts_exchange_mtu_reply
                0x000000000002b5e8        0x4 _build/nrf52832_xxaa/nrf_ble_gatt.c.o
 .text.data_length_update
                0x000000000002b5ec       0x8c _build/nrf52832_xxaa/nrf_ble_gatt.c.o
 .text.nrf_ble_gatt_init
                0x000000000002b678       0x50 _build/nrf52832_xxaa/nrf_ble_gatt.c.o
                0x000000000002b678                nrf_ble_gatt_init
 .text.nrf_ble_gatt_on_ble_evt
                0x000000000002b6c8      0x208 _build/nrf52832_xxaa/nrf_ble_gatt.c.o
                0x000000000002b6c8                nrf_ble_gatt_on_ble_evt
 .text.sd_ble_gap_scan_start
                0x000000000002b8d0        0x4 _build/nrf52832_xxaa/nrf_ble_scan.c.o
 .text.sd_ble_gap_scan_stop
                0x000000000002b8d4        0x4 _build/nrf52832_xxaa/nrf_ble_scan.c.o
 .text.sd_ble_gap_connect
                0x000000000002b8d8        0x4 _build/nrf52832_xxaa/nrf_ble_scan.c.o
 .text.nrf_ble_scan_filter_set
                0x000000000002b8dc       0x64 _build/nrf52832_xxaa/nrf_ble_scan.c.o
                0x000000000002b8dc                nrf_ble_scan_filter_set
 .text.nrf_ble_scan_filters_enable
                0x000000000002b940       0x28 _build/nrf52832_xxaa/nrf_ble_scan.c.o
                0x000000000002b940                nrf_ble_scan_filters_enable
 .text.nrf_ble_scan_init
                0x000000000002b968       0xac _build/nrf52832_xxaa/nrf_ble_scan.c.o
                0x000000000002b968                nrf_ble_scan_init
 .text.nrf_ble_scan_start
                0x000000000002ba14       0x74 _build/nrf52832_xxaa/nrf_ble_scan.c.o
                0x000000000002ba14                nrf_ble_scan_start
 .text.nrf_ble_scan_on_ble_evt
                0x000000000002ba88      0x210 _build/nrf52832_xxaa/nrf_ble_scan.c.o
                0x000000000002ba88                nrf_ble_scan_on_ble_evt
 .text.sd_ble_gattc_read
                0x000000000002bc98        0x4 _build/nrf52832_xxaa/ble_lbs_c.c.o
 .text.sd_ble_gattc_write
                0x000000000002bc9c        0x4 _build/nrf52832_xxaa/ble_lbs_c.c.o
 .text.sd_ble_uuid_vs_add
                0x000000000002bca0        0x4 _build/nrf52832_xxaa/ble_lbs_c.c.o
 .text.ble_lbs_on_db_disc_evt
                0x000000000002bca4      0x1f8 _build/nrf52832_xxaa/ble_lbs_c.c.o
                0x000000000002bca4                ble_lbs_on_db_disc_evt
 .text.ble_lbs_c_init
                0x000000000002be9c       0x5c _build/nrf52832_xxaa/ble_lbs_c.c.o
                0x000000000002be9c                ble_lbs_c_init
 .text.ble_lbs_c_on_ble_evt
                0x000000000002bef8       0xb4 _build/nrf52832_xxaa/ble_lbs_c.c.o
                0x000000000002bef8                ble_lbs_c_on_ble_evt
 .text.ble_lbs_c_button_notif_enable
                0x000000000002bfac       0x98 _build/nrf52832_xxaa/ble_lbs_c.c.o
                0x000000000002bfac                ble_lbs_c_button_notif_enable
 .text.ble_lbs_led_status_send
                0x000000000002c044       0xa4 _build/nrf52832_xxaa/ble_lbs_c.c.o
                0x000000000002c044                ble_lbs_led_status_send
 .text.ble_lbs_c_handles_assign
                0x000000000002c0e8       0x18 _build/nrf52832_xxaa/ble_lbs_c.c.o
                0x000000000002c0e8                ble_lbs_c_handles_assign
 .text.sd_softdevice_enable
                0x000000000002c100        0x4 _build/nrf52832_xxaa/nrf_sdh.c.o
 .text.nrf_sdh_enable_request
                0x000000000002c104      0x118 _build/nrf52832_xxaa/nrf_sdh.c.o
                0x000000000002c104                nrf_sdh_enable_request
 .text.nrf_sdh_is_enabled
                0x000000000002c21c        0xc _build/nrf52832_xxaa/nrf_sdh.c.o
                0x000000000002c21c                nrf_sdh_is_enabled
 .text.SWI2_EGU2_IRQHandler
                0x000000000002c228       0x2c _build/nrf52832_xxaa/nrf_sdh.c.o
                0x000000000002c228                SWI2_EGU2_IRQHandler
 .text.sd_ble_enable
                0x000000000002c254        0x4 _build/nrf52832_xxaa/nrf_sdh_ble.c.o
 .text.sd_ble_cfg_set
                0x000000000002c258        0x4 _build/nrf52832_xxaa/nrf_sdh_ble.c.o
 .text.sd_ble_evt_get
                0x000000000002c25c        0x4 _build/nrf52832_xxaa/nrf_sdh_ble.c.o
 .text.nrf_sdh_ble_evts_poll
                0x000000000002c260       0x5c _build/nrf52832_xxaa/nrf_sdh_ble.c.o
 .text.nrf_sdh_ble_default_cfg_set
                0x000000000002c2bc      0x17c _build/nrf52832_xxaa/nrf_sdh_ble.c.o
                0x000000000002c2bc                nrf_sdh_ble_default_cfg_set
 .text.nrf_sdh_ble_enable
                0x000000000002c438       0xa0 _build/nrf52832_xxaa/nrf_sdh_ble.c.o
                0x000000000002c438                nrf_sdh_ble_enable
 .text.sd_evt_get
                0x000000000002c4d8        0x4 _build/nrf52832_xxaa/nrf_sdh_soc.c.o
 .text.nrf_sdh_soc_evts_poll
                0x000000000002c4dc       0x4c _build/nrf52832_xxaa/nrf_sdh_soc.c.o
 .text.atexit   0x000000000002c528        0xc /usr/lib/gcc/arm-none-eabi/9.2.0/../../../../arm-none-eabi/lib/thumb/v7e-m+fp/hard/libc_nano.a(lib_a-atexit.o)
                0x000000000002c528                atexit
 .text.exit     0x000000000002c534       0x28 /usr/lib/gcc/arm-none-eabi/9.2.0/../../../../arm-none-eabi/lib/thumb/v7e-m+fp/hard/libc_nano.a(lib_a-exit.o)
                0x000000000002c534                exit
 .text.__libc_fini_array
                0x000000000002c55c       0x28 /usr/lib/gcc/arm-none-eabi/9.2.0/../../../../arm-none-eabi/lib/thumb/v7e-m+fp/hard/libc_nano.a(lib_a-fini.o)
                0x000000000002c55c                __libc_fini_array
 .text.__libc_init_array
                0x000000000002c584       0x48 /usr/lib/gcc/arm-none-eabi/9.2.0/../../../../arm-none-eabi/lib/thumb/v7e-m+fp/hard/libc_nano.a(lib_a-init.o)
                0x000000000002c584                __libc_init_array
 .text.memcmp   0x000000000002c5cc       0x1c /usr/lib/gcc/arm-none-eabi/9.2.0/../../../../arm-none-eabi/lib/thumb/v7e-m+fp/hard/libc_nano.a(lib_a-memcmp.o)
                0x000000000002c5cc                memcmp
 .text.memcpy   0x000000000002c5e8       0x1c /usr/lib/gcc/arm-none-eabi/9.2.0/../../../../arm-none-eabi/lib/thumb/v7e-m+fp/hard/libc_nano.a(lib_a-memcpy-stub.o)
                0x000000000002c5e8                memcpy
 .text.memset   0x000000000002c604       0x10 /usr/lib/gcc/arm-none-eabi/9.2.0/../../../../arm-none-eabi/lib/thumb/v7e-m+fp/hard/libc_nano.a(lib_a-memset.o)
                0x000000000002c604                memset
 .text          0x000000000002c614       0x14 /usr/lib/gcc/arm-none-eabi/9.2.0/../../../../arm-none-eabi/lib/thumb/v7e-m+fp/hard/libc_nano.a(lib_a-strcmp.o)
                0x000000000002c614                strcmp
 .text          0x000000000002c628       0x10 /usr/lib/gcc/arm-none-eabi/9.2.0/../../../../arm-none-eabi/lib/thumb/v7e-m+fp/hard/libc_nano.a(lib_a-strlen.o)
                0x000000000002c628                strlen
 .text.__register_exitproc
                0x000000000002c638       0xc4 /usr/lib/gcc/arm-none-eabi/9.2.0/../../../../arm-none-eabi/lib/thumb/v7e-m+fp/hard/libc_nano.a(lib_a-__atexit.o)
                0x000000000002c638                __register_exitproc
 .text.__call_exitprocs
                0x000000000002c6fc       0xbc /usr/lib/gcc/arm-none-eabi/9.2.0/../../../../arm-none-eabi/lib/thumb/v7e-m+fp/hard/libc_nano.a(lib_a-__call_atexit.o)
                0x000000000002c6fc                __call_exitprocs
 .text.__retarget_lock_acquire_recursive
                0x000000000002c7b8        0x2 /usr/lib/gcc/arm-none-eabi/9.2.0/../../../../arm-none-eabi/lib/thumb/v7e-m+fp/hard/libc_nano.a(lib_a-lock.o)
                0x000000000002c7b8                __retarget_lock_acquire_recursive
 .text.__retarget_lock_release
                0x000000000002c7ba        0x2 /usr/lib/gcc/arm-none-eabi/9.2.0/../../../../arm-none-eabi/lib/thumb/v7e-m+fp/hard/libc_nano.a(lib_a-lock.o)
                0x000000000002c7ba                __retarget_lock_release
 .text.__retarget_lock_release_recursive
                0x000000000002c7bc        0x2 /usr/lib/gcc/arm-none-eabi/9.2.0/../../../../arm-none-eabi/lib/thumb/v7e-m+fp/hard/libc_nano.a(lib_a-lock.o)
                0x000000000002c7bc                __retarget_lock_release_recursive
 *fill*         0x000000000002c7be        0x2 
 .text._exit    0x000000000002c7c0        0x4 /usr/lib/gcc/arm-none-eabi/9.2.0/../../../../arm-none-eabi/lib/thumb/v7e-m+fp/hard/libnosys.a(_exit.o)
                0x000000000002c7c0                _exit
 *(.init)
 .init          0x000000000002c7c4        0x4 /usr/lib/gcc/arm-none-eabi/9.2.0/thumb/v7e-m+fp/hard/crti.o
                0x000000000002c7c4                _init
 .init          0x000000000002c7c8        0x8 /usr/lib/gcc/arm-none-eabi/9.2.0/thumb/v7e-m+fp/hard/crtn.o
 *(.fini)
 .fini          0x000000000002c7d0        0x4 /usr/lib/gcc/arm-none-eabi/9.2.0/thumb/v7e-m+fp/hard/crti.o
                0x000000000002c7d0                _fini
 .fini          0x000000000002c7d4        0x8 /usr/lib/gcc/arm-none-eabi/9.2.0/thumb/v7e-m+fp/hard/crtn.o
 *crtbegin.o(.ctors)
 *crtbegin?.o(.ctors)
 *(EXCLUDE_FILE(*crtend.o *crtend?.o) .ctors)
 *(SORT_BY_NAME(.ctors.*))
 *(.ctors)
 *crtbegin.o(.dtors)
 *crtbegin?.o(.dtors)
 *(EXCLUDE_FILE(*crtend.o *crtend?.o) .dtors)
 *(SORT_BY_NAME(.dtors.*))
 *(.dtors)
 *(.rodata*)
 .rodata.button_event_handler.str1.4
                0x000000000002c7dc       0x17 _build/nrf52832_xxaa/main.c.o
 *fill*         0x000000000002c7f3        0x1 
 .rodata.lbs_c_evt_handler.str1.4
                0x000000000002c7f4       0x64 _build/nrf52832_xxaa/main.c.o
 .rodata.ble_evt_handler.str1.4
                0x000000000002c858       0x8a _build/nrf52832_xxaa/main.c.o
 *fill*         0x000000000002c8e2        0x2 
 .rodata.main.str1.4
                0x000000000002c8e4       0x1b _build/nrf52832_xxaa/main.c.o
 *fill*         0x000000000002c8ff        0x1 
 .rodata.m_target_periph_name
                0x000000000002c900        0xe _build/nrf52832_xxaa/main.c.o
 *fill*         0x000000000002c90e        0x2 
 .rodata        0x000000000002c910       0x20 _build/nrf52832_xxaa/nrf_log_backend_uart.c.o
 .rodata.nrf_log_backend_uart_api
                0x000000000002c930        0xc _build/nrf52832_xxaa/nrf_log_backend_uart.c.o
                0x000000000002c930                nrf_log_backend_uart_api
 .rodata.str1.4
                0x000000000002c93c       0x11 _build/nrf52832_xxaa/nrf_log_default_backends.c.o
 *fill*         0x000000000002c94d        0x3 
 .rodata.nrf_log_frontend_dequeue.str1.4
                0x000000000002c950       0x11 _build/nrf52832_xxaa/nrf_log_frontend.c.o
 *fill*         0x000000000002c961        0x3 
 .rodata.str1.4
                0x000000000002c964        0x4 _build/nrf52832_xxaa/nrf_log_frontend.c.o
 .rodata.m_log_push_ringbuf
                0x000000000002c968        0xc _build/nrf52832_xxaa/nrf_log_frontend.c.o
 .rodata.prefix_process.str1.4
                0x000000000002c974       0x36 _build/nrf52832_xxaa/nrf_log_str_formatter.c.o
 *fill*         0x000000000002c9aa        0x2 
 .rodata.nrf_log_std_entry_process.str1.4
                0x000000000002c9ac        0x3 _build/nrf52832_xxaa/nrf_log_str_formatter.c.o
 *fill*         0x000000000002c9af        0x1 
 .rodata.nrf_log_hexdump_entry_process.str1.4
                0x000000000002c9b0       0x13 _build/nrf52832_xxaa/nrf_log_str_formatter.c.o
                                         0x16 (size before relaxing)
 *fill*         0x000000000002c9c3        0x1 
 .rodata.str1.4
                0x000000000002c9c4       0x56 _build/nrf52832_xxaa/nrf_log_str_formatter.c.o
 *fill*         0x000000000002ca1a        0x2 
 .rodata.m_colors
                0x000000000002ca1c       0x24 _build/nrf52832_xxaa/nrf_log_str_formatter.c.o
 .rodata.severity_names
                0x000000000002ca40       0x14 _build/nrf52832_xxaa/nrf_log_str_formatter.c.o
 .rodata.m_detection_delay_timer_id
                0x000000000002ca54        0x4 _build/nrf52832_xxaa/app_button.c.o
 .rodata.app_error_fault_handler.str1.4
                0x000000000002ca58       0x19 _build/nrf52832_xxaa/app_error_weak.c.o
 *fill*         0x000000000002ca71        0xf 
 .rodata.delay_machine_code.8855
                0x000000000002ca80        0x6 _build/nrf52832_xxaa/app_timer.c.o
 *fill*         0x000000000002ca86        0x2 
 .rodata._aV2C.7553
                0x000000000002ca88       0x10 _build/nrf52832_xxaa/nrf_fprintf_format.c.o
 .rodata.str1.4
                0x000000000002ca98        0x9 _build/nrf52832_xxaa/nrf_pwr_mgmt.c.o
 *fill*         0x000000000002caa1        0x3 
 .rodata.pwr_mgmt_data
                0x000000000002caa4        0xc _build/nrf52832_xxaa/nrf_pwr_mgmt.c.o
 .rodata.str1.4
                0x000000000002cab0      0x3e9 _build/nrf52832_xxaa/nrf_strerror.c.o
 *fill*         0x000000000002ce99        0x3 
 .rodata.m_unknown_str
                0x000000000002ce9c       0x13 _build/nrf52832_xxaa/nrf_strerror.c.o
 *fill*         0x000000000002ceaf        0x1 
 .rodata.nrf_strerror_array
                0x000000000002ceb0      0x128 _build/nrf52832_xxaa/nrf_strerror.c.o
 .rodata.m_board_led_list
                0x000000000002cfd8        0x4 _build/nrf52832_xxaa/boards.c.o
 .rodata.str1.4
                0x000000000002cfdc        0x6 _build/nrf52832_xxaa/nrf_drv_clock.c.o
 *fill*         0x000000000002cfe2        0x2 
 .rodata.str1.4
                0x000000000002cfe4        0x6 _build/nrf52832_xxaa/nrfx_clock.c.o
 *fill*         0x000000000002cfea        0x2 
 .rodata.str1.4
                0x000000000002cfec        0x7 _build/nrf52832_xxaa/nrfx_gpiote.c.o
 *fill*         0x000000000002cff3        0x1 
 .rodata.str1.4
                0x000000000002cff4        0x4 _build/nrf52832_xxaa/nrfx_prs.c.o
 .rodata.str1.4
                0x000000000002cff8        0x5 _build/nrf52832_xxaa/nrfx_uart.c.o
 *fill*         0x000000000002cffd        0x3 
 .rodata.str1.4
                0x000000000002d000        0x6 _build/nrf52832_xxaa/nrfx_uarte.c.o
 *fill*         0x000000000002d006        0x2 
 .rodata.ble_db_discovery_on_ble_evt.str1.4
                0x000000000002d008       0xa2 _build/nrf52832_xxaa/ble_db_discovery.c.o
 *fill*         0x000000000002d0aa        0x2 
 .rodata.str1.4
                0x000000000002d0ac        0xc _build/nrf52832_xxaa/ble_db_discovery.c.o
 .rodata.data_length_update.str1.4
                0x000000000002d0b8       0xe2 _build/nrf52832_xxaa/nrf_ble_gatt.c.o
 *fill*         0x000000000002d19a        0x2 
 .rodata.nrf_ble_gatt_on_ble_evt.str1.4
                0x000000000002d19c       0x63 _build/nrf52832_xxaa/nrf_ble_gatt.c.o
 *fill*         0x000000000002d1ff        0x1 
 .rodata.str1.4
                0x000000000002d200        0xd _build/nrf52832_xxaa/nrf_ble_gatt.c.o
 *fill*         0x000000000002d20d        0x3 
 .rodata.nrf_ble_scan_start.str1.4
                0x000000000002d210       0x24 _build/nrf52832_xxaa/nrf_ble_scan.c.o
 .rodata.str1.4
                0x000000000002d234        0x9 _build/nrf52832_xxaa/nrf_ble_scan.c.o
 *fill*         0x000000000002d23d        0x3 
 .rodata.str1.4
                0x000000000002d240        0xa _build/nrf52832_xxaa/ble_lbs_c.c.o
 *fill*         0x000000000002d24a        0x2 
 .rodata        0x000000000002d24c       0x10 _build/nrf52832_xxaa/ble_lbs_c.c.o
 .rodata.str1.4
                0x000000000002d25c        0x8 _build/nrf52832_xxaa/nrf_sdh.c.o
 .rodata        0x000000000002d264        0x4 _build/nrf52832_xxaa/nrf_sdh.c.o
 .rodata.sdh_req_observers
                0x000000000002d268        0xc _build/nrf52832_xxaa/nrf_sdh.c.o
 .rodata.sdh_stack_observers
                0x000000000002d274        0xc _build/nrf52832_xxaa/nrf_sdh.c.o
 .rodata.sdh_state_observers
                0x000000000002d280        0xc _build/nrf52832_xxaa/nrf_sdh.c.o
 .rodata.nrf_sdh_ble_default_cfg_set.str1.4
                0x000000000002d28c      0x187 _build/nrf52832_xxaa/nrf_sdh_ble.c.o
 *fill*         0x000000000002d413        0x1 
 .rodata.nrf_sdh_ble_enable.str1.4
                0x000000000002d414       0xad _build/nrf52832_xxaa/nrf_sdh_ble.c.o
 *fill*         0x000000000002d4c1        0x3 
 .rodata.str1.4
                0x000000000002d4c4        0xc _build/nrf52832_xxaa/nrf_sdh_ble.c.o
 .rodata.sdh_ble_observers
                0x000000000002d4d0        0xc _build/nrf52832_xxaa/nrf_sdh_ble.c.o
 .rodata.str1.4
                0x000000000002d4dc        0xc _build/nrf52832_xxaa/nrf_sdh_soc.c.o
 .rodata.sdh_soc_observers
                0x000000000002d4e8        0xc _build/nrf52832_xxaa/nrf_sdh_soc.c.o
 .rodata._ctype_
                0x000000000002d4f4      0x101 /usr/lib/gcc/arm-none-eabi/9.2.0/../../../../arm-none-eabi/lib/thumb/v7e-m+fp/hard/libc_nano.a(lib_a-ctype_.o)
                0x000000000002d4f4                _ctype_
 *fill*         0x000000000002d5f5        0x3 
 .rodata._global_impure_ptr
                0x000000000002d5f8        0x4 /usr/lib/gcc/arm-none-eabi/9.2.0/../../../../arm-none-eabi/lib/thumb/v7e-m+fp/hard/libc_nano.a(lib_a-impure.o)
                0x000000000002d5f8                _global_impure_ptr
 *(.eh_frame*)
 .eh_frame      0x000000000002d5fc        0x0 /usr/lib/gcc/arm-none-eabi/9.2.0/thumb/v7e-m+fp/hard/crtbegin.o
 .eh_frame      0x000000000002d5fc        0x4 /usr/lib/gcc/arm-none-eabi/9.2.0/thumb/v7e-m+fp/hard/crtend.o

.glue_7         0x000000000002d600        0x0
 .glue_7        0x000000000002d600        0x0 linker stubs

.glue_7t        0x000000000002d600        0x0
 .glue_7t       0x000000000002d600        0x0 linker stubs

.vfp11_veneer   0x000000000002d600        0x0
 .vfp11_veneer  0x000000000002d600        0x0 linker stubs

.v4_bx          0x000000000002d600        0x0
 .v4_bx         0x000000000002d600        0x0 linker stubs

.iplt           0x000000000002d600        0x0
 .iplt          0x000000000002d600        0x0 /usr/lib/gcc/arm-none-eabi/9.2.0/thumb/v7e-m+fp/hard/crtbegin.o

.mem_section_dummy_rom

.sdh_soc_observers
                0x000000000002d600        0x8
                0x000000000002d600                PROVIDE (__start_sdh_soc_observers = .)
 *(SORT_BY_NAME(.sdh_soc_observers*))
 .sdh_soc_observers0
                0x000000000002d600        0x8 _build/nrf52832_xxaa/nrf_drv_clock.c.o
                0x000000000002d608                PROVIDE (__stop_sdh_soc_observers = .)

.pwr_mgmt_data  0x000000000002d608        0x0
                0x000000000002d608                PROVIDE (__start_pwr_mgmt_data = .)
 *(SORT_BY_NAME(.pwr_mgmt_data*))
                0x000000000002d608                PROVIDE (__stop_pwr_mgmt_data = .)

.sdh_ble_observers
                0x000000000002d608       0xa8
                0x000000000002d608                PROVIDE (__start_sdh_ble_observers = .)
 *(SORT_BY_NAME(.sdh_ble_observers*))
 .sdh_ble_observers0
                0x000000000002d608        0x8 _build/nrf52832_xxaa/ble_conn_state.c.o
 .sdh_ble_observers1
                0x000000000002d610       0x50 _build/nrf52832_xxaa/main.c.o
 .sdh_ble_observers1
                0x000000000002d660        0x8 _build/nrf52832_xxaa/bsp_btn_ble.c.o
 .sdh_ble_observers2
                0x000000000002d668       0x40 _build/nrf52832_xxaa/main.c.o
 .sdh_ble_observers3
                0x000000000002d6a8        0x8 _build/nrf52832_xxaa/main.c.o
                0x000000000002d6b0                PROVIDE (__stop_sdh_ble_observers = .)

.log_const_data
                0x000000000002d6b0       0x78
                0x000000000002d6b0                PROVIDE (__start_log_const_data = .)
 *(SORT_BY_NAME(.log_const_data*))
 .log_const_data_CLOCK
                0x000000000002d6b0        0x8 _build/nrf52832_xxaa/nrfx_clock.c.o
                0x000000000002d6b0                m_nrf_log_CLOCK_logs_data_const
 .log_const_data_GPIOTE
                0x000000000002d6b8        0x8 _build/nrf52832_xxaa/nrfx_gpiote.c.o
                0x000000000002d6b8                m_nrf_log_GPIOTE_logs_data_const
 .log_const_data_PRS
                0x000000000002d6c0        0x8 _build/nrf52832_xxaa/nrfx_prs.c.o
                0x000000000002d6c0                m_nrf_log_PRS_logs_data_const
 .log_const_data_UART
                0x000000000002d6c8        0x8 _build/nrf52832_xxaa/nrfx_uart.c.o
                0x000000000002d6c8                m_nrf_log_UART_logs_data_const
 .log_const_data_UARTE
                0x000000000002d6d0        0x8 _build/nrf52832_xxaa/nrfx_uarte.c.o
                0x000000000002d6d0                m_nrf_log_UARTE_logs_data_const
 .log_const_data_app
                0x000000000002d6d8        0x8 _build/nrf52832_xxaa/nrf_log_frontend.c.o
                0x000000000002d6d8                m_nrf_log_app_logs_data_const
 .log_const_data_ble_db_disc
                0x000000000002d6e0        0x8 _build/nrf52832_xxaa/ble_db_discovery.c.o
                0x000000000002d6e0                m_nrf_log_ble_db_disc_logs_data_const
 .log_const_data_ble_lbs_c
                0x000000000002d6e8        0x8 _build/nrf52832_xxaa/ble_lbs_c.c.o
                0x000000000002d6e8                m_nrf_log_ble_lbs_c_logs_data_const
 .log_const_data_ble_scan
                0x000000000002d6f0        0x8 _build/nrf52832_xxaa/nrf_ble_scan.c.o
                0x000000000002d6f0                m_nrf_log_ble_scan_logs_data_const
 .log_const_data_clock
                0x000000000002d6f8        0x8 _build/nrf52832_xxaa/nrf_drv_clock.c.o
                0x000000000002d6f8                m_nrf_log_clock_logs_data_const
 .log_const_data_nrf_ble_gatt
                0x000000000002d700        0x8 _build/nrf52832_xxaa/nrf_ble_gatt.c.o
                0x000000000002d700                m_nrf_log_nrf_ble_gatt_logs_data_const
 .log_const_data_nrf_sdh
                0x000000000002d708        0x8 _build/nrf52832_xxaa/nrf_sdh.c.o
                0x000000000002d708                m_nrf_log_nrf_sdh_logs_data_const
 .log_const_data_nrf_sdh_ble
                0x000000000002d710        0x8 _build/nrf52832_xxaa/nrf_sdh_ble.c.o
                0x000000000002d710                m_nrf_log_nrf_sdh_ble_logs_data_const
 .log_const_data_nrf_sdh_soc
                0x000000000002d718        0x8 _build/nrf52832_xxaa/nrf_sdh_soc.c.o
                0x000000000002d718                m_nrf_log_nrf_sdh_soc_logs_data_const
 .log_const_data_pwr_mgmt
                0x000000000002d720        0x8 _build/nrf52832_xxaa/nrf_pwr_mgmt.c.o
                0x000000000002d720                m_nrf_log_pwr_mgmt_logs_data_const
                0x000000000002d728                PROVIDE (__stop_log_const_data = .)

.nrf_balloc     0x000000000002d728       0x14
                [!provide]                        PROVIDE (__start_nrf_balloc = .)
 *(.nrf_balloc)
 .nrf_balloc    0x000000000002d728       0x14 _build/nrf52832_xxaa/nrf_log_frontend.c.o
                0x000000000002d728                log_mempool
                [!provide]                        PROVIDE (__stop_nrf_balloc = .)

.sdh_req_observers
                0x000000000002d73c        0x0
                0x000000000002d73c                PROVIDE (__start_sdh_req_observers = .)
 *(SORT_BY_NAME(.sdh_req_observers*))
                0x000000000002d73c                PROVIDE (__stop_sdh_req_observers = .)

.sdh_state_observers
                0x000000000002d73c        0x8
                0x000000000002d73c                PROVIDE (__start_sdh_state_observers = .)
 *(SORT_BY_NAME(.sdh_state_observers*))
 .sdh_state_observers0
                0x000000000002d73c        0x8 _build/nrf52832_xxaa/nrf_drv_clock.c.o
                0x000000000002d744                PROVIDE (__stop_sdh_state_observers = .)

.sdh_stack_observers
                0x000000000002d744       0x10
                0x000000000002d744                PROVIDE (__start_sdh_stack_observers = .)
 *(SORT_BY_NAME(.sdh_stack_observers*))
 .sdh_stack_observers0
                0x000000000002d744        0x8 _build/nrf52832_xxaa/nrf_sdh_ble.c.o
 .sdh_stack_observers0
                0x000000000002d74c        0x8 _build/nrf52832_xxaa/nrf_sdh_soc.c.o
                0x000000000002d754                PROVIDE (__stop_sdh_stack_observers = .)

.nrf_queue      0x000000000002d754        0x0
                [!provide]                        PROVIDE (__start_nrf_queue = .)
 *(.nrf_queue)
                [!provide]                        PROVIDE (__stop_nrf_queue = .)

.cli_command    0x000000000002d754        0x0
                [!provide]                        PROVIDE (__start_cli_command = .)
 *(.cli_command)
                [!provide]                        PROVIDE (__stop_cli_command = .)

.crypto_data    0x000000000002d754        0x0
                [!provide]                        PROVIDE (__start_crypto_data = .)
 *(SORT_BY_NAME(.crypto_data*))
                [!provide]                        PROVIDE (__stop_crypto_data = .)

.log_backends   0x000000000002d754       0x10
                [!provide]                        PROVIDE (__start_log_backends = .)
 *(SORT_BY_NAME(.log_backends*))
 .log_backends  0x000000000002d754       0x10 _build/nrf52832_xxaa/nrf_log_default_backends.c.o
                [!provide]                        PROVIDE (__stop_log_backends = .)

.ARM.extab
 *(.ARM.extab* .gnu.linkonce.armextab.*)
                0x000000000002d764                __exidx_start = .

.ARM.exidx      0x000000000002d764        0x8
 *(.ARM.exidx* .gnu.linkonce.armexidx.*)
 .ARM.exidx     0x000000000002d764        0x8 /usr/lib/gcc/arm-none-eabi/9.2.0/../../../../arm-none-eabi/lib/thumb/v7e-m+fp/hard/crt0.o
                0x000000000002d76c                __exidx_end = .
                0x000000000002d76c                __etext = .

.rel.dyn        0x000000000002d76c        0x0
 .rel.iplt      0x000000000002d76c        0x0 /usr/lib/gcc/arm-none-eabi/9.2.0/thumb/v7e-m+fp/hard/crtbegin.o

.data           0x0000000020004368     0x16f4 load address 0x000000000002d76c
                0x0000000020004368                __data_start__ = .
 *(vtable)
 *(.data*)
 .data.buttons.11867
                0x0000000020004368        0x8 _build/nrf52832_xxaa/main.c.o
 .data.m_db_disc
                0x0000000020004370     0x1660 _build/nrf52832_xxaa/main.c.o
 .data.SystemCoreClock
                0x00000000200059d0        0x4 _build/nrf52832_xxaa/system_nrf52.c.o
                0x00000000200059d0                SystemCoreClock
 .data.m_uart   0x00000000200059d4       0x14 _build/nrf52832_xxaa/nrf_log_backend_uart.c.o
                0x00000000200059d4                m_uart
 .data.log_backend_cb_uart_log_backend
                0x00000000200059e8        0x8 _build/nrf52832_xxaa/nrf_log_default_backends.c.o
 .data.impure_data
                0x00000000200059f0       0x60 /usr/lib/gcc/arm-none-eabi/9.2.0/../../../../arm-none-eabi/lib/thumb/v7e-m+fp/hard/libc_nano.a(lib_a-impure.o)
 .data.__atexit_recursive_mutex
                0x0000000020005a50        0x4 /usr/lib/gcc/arm-none-eabi/9.2.0/../../../../arm-none-eabi/lib/thumb/v7e-m+fp/hard/libc_nano.a(lib_a-__call_atexit.o)
                0x0000000020005a50                __atexit_recursive_mutex
                0x0000000020005a54                . = ALIGN (0x4)
                0x0000000020005a54                PROVIDE (__preinit_array_start = .)
 *(.preinit_array)
                0x0000000020005a54                PROVIDE (__preinit_array_end = .)
                0x0000000020005a54                . = ALIGN (0x4)
                0x0000000020005a54                PROVIDE (__init_array_start = .)
 *(SORT_BY_NAME(.init_array.*))
 *(.init_array)
 .init_array    0x0000000020005a54        0x4 /usr/lib/gcc/arm-none-eabi/9.2.0/thumb/v7e-m+fp/hard/crtbegin.o
                0x0000000020005a58                PROVIDE (__init_array_end = .)
                0x0000000020005a58                . = ALIGN (0x4)
                0x0000000020005a58                PROVIDE (__fini_array_start = .)
 *(SORT_BY_NAME(.fini_array.*))
 *(.fini_array)
 .fini_array    0x0000000020005a58        0x4 /usr/lib/gcc/arm-none-eabi/9.2.0/thumb/v7e-m+fp/hard/crtbegin.o
                0x0000000020005a5c                PROVIDE (__fini_array_end = .)
 *(.jcr*)
                0x0000000020005a5c                . = ALIGN (0x4)
                0x0000000020005a5c                __data_end__ = .
LOAD /usr/lib/gcc/arm-none-eabi/9.2.0/thumb/v7e-m+fp/hard/crti.o
LOAD /usr/lib/gcc/arm-none-eabi/9.2.0/thumb/v7e-m+fp/hard/crtbegin.o
LOAD /usr/lib/gcc/arm-none-eabi/9.2.0/../../../../arm-none-eabi/lib/thumb/v7e-m+fp/hard/crt0.o
LOAD _build/nrf52832_xxaa/main.c.o
LOAD _build/nrf52832_xxaa/led.c.o
LOAD _build/nrf52832_xxaa/key.c.o
LOAD _build/nrf52832_xxaa/gcc_startup_nrf52.S.o
LOAD _build/nrf52832_xxaa/system_nrf52.c.o
LOAD _build/nrf52832_xxaa/nrf_log_backend_rtt.c.o
LOAD _build/nrf52832_xxaa/nrf_log_backend_serial.c.o
LOAD _build/nrf52832_xxaa/nrf_log_backend_uart.c.o
LOAD _build/nrf52832_xxaa/nrf_log_default_backends.c.o
LOAD _build/nrf52832_xxaa/nrf_log_frontend.c.o
LOAD _build/nrf52832_xxaa/nrf_log_str_formatter.c.o
LOAD _build/nrf52832_xxaa/app_button.c.o
LOAD _build/nrf52832_xxaa/app_error.c.o
LOAD _build/nrf52832_xxaa/app_error_handler_gcc.c.o
LOAD _build/nrf52832_xxaa/app_error_weak.c.o
LOAD _build/nrf52832_xxaa/app_scheduler.c.o
LOAD _build/nrf52832_xxaa/app_timer.c.o
LOAD _build/nrf52832_xxaa/app_util_platform.c.o
LOAD _build/nrf52832_xxaa/hardfault_implementation.c.o
LOAD _build/nrf52832_xxaa/nrf_assert.c.o
LOAD _build/nrf52832_xxaa/nrf_atfifo.c.o
LOAD _build/nrf52832_xxaa/nrf_atflags.c.o
LOAD _build/nrf52832_xxaa/nrf_atomic.c.o
LOAD _build/nrf52832_xxaa/nrf_balloc.c.o
LOAD _build/nrf52832_xxaa/nrf_fprintf.c.o
LOAD _build/nrf52832_xxaa/nrf_fprintf_format.c.o
LOAD _build/nrf52832_xxaa/nrf_memobj.c.o
LOAD _build/nrf52832_xxaa/nrf_pwr_mgmt.c.o
LOAD _build/nrf52832_xxaa/nrf_ringbuf.c.o
LOAD _build/nrf52832_xxaa/nrf_section_iter.c.o
LOAD _build/nrf52832_xxaa/nrf_strerror.c.o
LOAD _build/nrf52832_xxaa/boards.c.o
LOAD _build/nrf52832_xxaa/nrf_drv_clock.c.o
LOAD _build/nrf52832_xxaa/nrf_drv_uart.c.o
LOAD _build/nrf52832_xxaa/nrfx_atomic.c.o
LOAD _build/nrf52832_xxaa/nrfx_clock.c.o
LOAD _build/nrf52832_xxaa/nrfx_gpiote.c.o
LOAD _build/nrf52832_xxaa/nrfx_prs.c.o
LOAD _build/nrf52832_xxaa/nrfx_uart.c.o
LOAD _build/nrf52832_xxaa/nrfx_uarte.c.o
LOAD _build/nrf52832_xxaa/bsp.c.o
LOAD _build/nrf52832_xxaa/bsp_btn_ble.c.o
LOAD _build/nrf52832_xxaa/SEGGER_RTT.c.o
LOAD _build/nrf52832_xxaa/SEGGER_RTT_Syscalls_GCC.c.o
LOAD _build/nrf52832_xxaa/SEGGER_RTT_printf.c.o
LOAD _build/nrf52832_xxaa/ble_advdata.c.o
LOAD _build/nrf52832_xxaa/ble_advertising.c.o
LOAD _build/nrf52832_xxaa/ble_conn_state.c.o
LOAD _build/nrf52832_xxaa/ble_db_discovery.c.o
LOAD _build/nrf52832_xxaa/ble_srv_common.c.o
LOAD _build/nrf52832_xxaa/nrf_ble_gatt.c.o
LOAD _build/nrf52832_xxaa/nrf_ble_scan.c.o
LOAD _build/nrf52832_xxaa/utf.c.o
LOAD _build/nrf52832_xxaa/ble_lbs_c.c.o
LOAD _build/nrf52832_xxaa/nrf_sdh.c.o
LOAD _build/nrf52832_xxaa/nrf_sdh_ble.c.o
LOAD _build/nrf52832_xxaa/nrf_sdh_soc.c.o
LOAD /usr/lib/gcc/arm-none-eabi/9.2.0/../../../../arm-none-eabi/lib/thumb/v7e-m+fp/hard/libc_nano.a
LOAD /usr/lib/gcc/arm-none-eabi/9.2.0/../../../../arm-none-eabi/lib/thumb/v7e-m+fp/hard/libnosys.a
LOAD /usr/lib/gcc/arm-none-eabi/9.2.0/../../../../arm-none-eabi/lib/thumb/v7e-m+fp/hard/libm.a
START GROUP
LOAD /usr/lib/gcc/arm-none-eabi/9.2.0/thumb/v7e-m+fp/hard/libgcc.a
LOAD /usr/lib/gcc/arm-none-eabi/9.2.0/../../../../arm-none-eabi/lib/thumb/v7e-m+fp/hard/libg_nano.a
LOAD /usr/lib/gcc/arm-none-eabi/9.2.0/../../../../arm-none-eabi/lib/thumb/v7e-m+fp/hard/libc_nano.a
END GROUP
START GROUP
LOAD /usr/lib/gcc/arm-none-eabi/9.2.0/thumb/v7e-m+fp/hard/libgcc.a
LOAD /usr/lib/gcc/arm-none-eabi/9.2.0/../../../../arm-none-eabi/lib/thumb/v7e-m+fp/hard/libc_nano.a
END GROUP
LOAD /usr/lib/gcc/arm-none-eabi/9.2.0/thumb/v7e-m+fp/hard/crtend.o
LOAD /usr/lib/gcc/arm-none-eabi/9.2.0/thumb/v7e-m+fp/hard/crtn.o
START GROUP
LOAD /usr/lib/gcc/arm-none-eabi/9.2.0/thumb/v7e-m+fp/hard/libgcc.a
LOAD /usr/lib/gcc/arm-none-eabi/9.2.0/../../../../arm-none-eabi/lib/thumb/v7e-m+fp/hard/libc.a
LOAD /usr/lib/gcc/arm-none-eabi/9.2.0/../../../../arm-none-eabi/lib/thumb/v7e-m+fp/hard/libnosys.a
END GROUP

.igot.plt       0x0000000020005a5c        0x0 load address 0x000000000002ee60
 .igot.plt      0x0000000020005a5c        0x0 /usr/lib/gcc/arm-none-eabi/9.2.0/thumb/v7e-m+fp/hard/crtbegin.o
                0x0000000020005a5c                . = ALIGN (0x4)

.mem_section_dummy_ram

.log_dynamic_data
                0x0000000020005a5c        0x0
                0x0000000020005a5c                PROVIDE (__start_log_dynamic_data = .)
 *(SORT_BY_NAME(.log_dynamic_data*))
                [!provide]                        PROVIDE (__stop_log_dynamic_data = .)

.log_filter_data
                0x0000000020005a5c        0x0
                [!provide]                        PROVIDE (__start_log_filter_data = .)
 *(SORT_BY_NAME(.log_filter_data*))
                [!provide]                        PROVIDE (__stop_log_filter_data = .)

.cli_sorted_cmd_ptrs
                0x0000000020005a5c        0x0
                [!provide]                        PROVIDE (__start_cli_sorted_cmd_ptrs = .)
 *(.cli_sorted_cmd_ptrs)
                [!provide]                        PROVIDE (__stop_cli_sorted_cmd_ptrs = .)

.fs_data        0x0000000020005a5c        0x0
                [!provide]                        PROVIDE (__start_fs_data = .)
 *(.fs_data)
                [!provide]                        PROVIDE (__stop_fs_data = .)

.bss            0x0000000020005a60      0xe84 load address 0x000000000002ee68
                0x0000000020005a60                . = ALIGN (0x4)
                0x0000000020005a60                __bss_start__ = .
 *(.bss*)
 .bss.completed.10254
                0x0000000020005a60        0x1 /usr/lib/gcc/arm-none-eabi/9.2.0/thumb/v7e-m+fp/hard/crtbegin.o
 *fill*         0x0000000020005a61        0x3 
 .bss.object.10259
                0x0000000020005a64       0x18 /usr/lib/gcc/arm-none-eabi/9.2.0/thumb/v7e-m+fp/hard/crtbegin.o
 .bss.m_gatt    0x0000000020005a7c       0x4c _build/nrf52832_xxaa/main.c.o
 .bss.m_lbs_c   0x0000000020005ac8       0x80 _build/nrf52832_xxaa/main.c.o
 .bss.m_scan    0x0000000020005b48       0x68 _build/nrf52832_xxaa/main.c.o
 .bss.m_async_mode
                0x0000000020005bb0        0x1 _build/nrf52832_xxaa/nrf_log_backend_uart.c.o
 *fill*         0x0000000020005bb1        0x3 
 .bss.m_string_buff
                0x0000000020005bb4       0x40 _build/nrf52832_xxaa/nrf_log_backend_uart.c.o
 .bss.m_xfer_done
                0x0000000020005bf4        0x1 _build/nrf52832_xxaa/nrf_log_backend_uart.c.o
 *fill*         0x0000000020005bf5        0x3 
 .bss.log_mempool_nrf_balloc_cb
                0x0000000020005bf8        0x8 _build/nrf52832_xxaa/nrf_log_frontend.c.o
 .bss.log_mempool_nrf_balloc_pool_mem
                0x0000000020005c00       0xc0 _build/nrf52832_xxaa/nrf_log_frontend.c.o
 .bss.log_mempool_nrf_balloc_pool_stack
                0x0000000020005cc0        0x8 _build/nrf52832_xxaa/nrf_log_frontend.c.o
 .bss.m_log_data
                0x0000000020005cc8      0x424 _build/nrf52832_xxaa/nrf_log_frontend.c.o
 .bss.m_log_push_ringbuf_buf
                0x00000000200060ec       0x80 _build/nrf52832_xxaa/nrf_log_frontend.c.o
 .bss.m_log_push_ringbuf_cb
                0x000000002000616c       0x18 _build/nrf52832_xxaa/nrf_log_frontend.c.o
 .bss.m_button_count
                0x0000000020006184        0x1 _build/nrf52832_xxaa/app_button.c.o
 *fill*         0x0000000020006185        0x3 
 .bss.m_detection_delay
                0x0000000020006188        0x4 _build/nrf52832_xxaa/app_button.c.o
 .bss.m_detection_delay_timer_id_data
                0x000000002000618c       0x20 _build/nrf52832_xxaa/app_button.c.o
 *fill*         0x00000000200061ac        0x4 
 .bss.m_pin_state
                0x00000000200061b0        0x8 _build/nrf52832_xxaa/app_button.c.o
 .bss.m_pin_transition
                0x00000000200061b8        0x8 _build/nrf52832_xxaa/app_button.c.o
 .bss.mp_buttons
                0x00000000200061c0        0x4 _build/nrf52832_xxaa/app_button.c.o
 .bss.m_op_queue
                0x00000000200061c4      0x10c _build/nrf52832_xxaa/app_timer.c.o
 .bss.m_rtc1_reset
                0x00000000200062d0        0x1 _build/nrf52832_xxaa/app_timer.c.o
 .bss.m_rtc1_running
                0x00000000200062d1        0x1 _build/nrf52832_xxaa/app_timer.c.o
 *fill*         0x00000000200062d2        0x2 
 .bss.m_ticks_elapsed
                0x00000000200062d4        0x8 _build/nrf52832_xxaa/app_timer.c.o
 .bss.m_ticks_elapsed_q_read_ind
                0x00000000200062dc        0x1 _build/nrf52832_xxaa/app_timer.c.o
 .bss.m_ticks_elapsed_q_write_ind
                0x00000000200062dd        0x1 _build/nrf52832_xxaa/app_timer.c.o
 *fill*         0x00000000200062de        0x2 
 .bss.m_ticks_latest
                0x00000000200062e0        0x4 _build/nrf52832_xxaa/app_timer.c.o
 .bss.mp_timer_id_head
                0x00000000200062e4        0x4 _build/nrf52832_xxaa/app_timer.c.o
 .bss.m_handlers_iter
                0x00000000200062e8        0x8 _build/nrf52832_xxaa/nrf_pwr_mgmt.c.o
 .bss.m_shutdown_started
                0x00000000200062f0        0x1 _build/nrf52832_xxaa/nrf_pwr_mgmt.c.o
 *fill*         0x00000000200062f1        0x3 
 .bss.m_sysoff_mtx
                0x00000000200062f4        0x4 _build/nrf52832_xxaa/nrf_pwr_mgmt.c.o
 .bss.m_clock_cb
                0x00000000200062f8       0x14 _build/nrf52832_xxaa/nrf_drv_clock.c.o
 .bss.m_contexts
                0x000000002000630c        0x4 _build/nrf52832_xxaa/nrf_drv_uart.c.o
 .bss.m_handlers
                0x0000000020006310        0x4 _build/nrf52832_xxaa/nrf_drv_uart.c.o
 .bss.m_clock_cb
                0x0000000020006314        0x8 _build/nrf52832_xxaa/nrfx_clock.c.o
 *fill*         0x000000002000631c        0x4 
 .bss.m_cb      0x0000000020006320       0x5c _build/nrf52832_xxaa/nrfx_gpiote.c.o
 .bss.m_prs_box_4
                0x000000002000637c        0x8 _build/nrf52832_xxaa/nrfx_prs.c.o
 *fill*         0x0000000020006384        0x4 
 .bss.m_cb      0x0000000020006388       0x2c _build/nrf52832_xxaa/nrfx_uart.c.o
 *fill*         0x00000000200063b4        0x4 
 .bss.m_cb      0x00000000200063b8       0x24 _build/nrf52832_xxaa/nrfx_uarte.c.o
 .bss.m_events_list
                0x00000000200063dc        0xc _build/nrf52832_xxaa/bsp.c.o
 .bss.m_error_handler
                0x00000000200063e8        0x4 _build/nrf52832_xxaa/bsp_btn_ble.c.o
 .bss.m_num_connections
                0x00000000200063ec        0x4 _build/nrf52832_xxaa/bsp_btn_ble.c.o
 .bss.m_bcs     0x00000000200063f0       0x78 _build/nrf52832_xxaa/ble_conn_state.c.o
 .bss.m_evt_handler
                0x0000000020006468        0x4 _build/nrf52832_xxaa/ble_db_discovery.c.o
 .bss.m_initialized
                0x000000002000646c        0x1 _build/nrf52832_xxaa/ble_db_discovery.c.o
 *fill*         0x000000002000646d        0x3 
 .bss.m_num_of_handlers_reg
                0x0000000020006470        0x4 _build/nrf52832_xxaa/ble_db_discovery.c.o
 .bss.m_pending_user_evts
                0x0000000020006474      0x300 _build/nrf52832_xxaa/ble_db_discovery.c.o
 .bss.m_pending_usr_evt_index
                0x0000000020006774        0x4 _build/nrf52832_xxaa/ble_db_discovery.c.o
 .bss.m_registered_handlers
                0x0000000020006778       0x18 _build/nrf52832_xxaa/ble_db_discovery.c.o
 .bss.m_tx_buffer
                0x0000000020006790       0xa0 _build/nrf52832_xxaa/ble_lbs_c.c.o
 .bss.m_tx_index
                0x0000000020006830        0x4 _build/nrf52832_xxaa/ble_lbs_c.c.o
 .bss.m_tx_insert_index
                0x0000000020006834        0x4 _build/nrf52832_xxaa/ble_lbs_c.c.o
 .bss.m_nrf_sdh_continue
                0x0000000020006838        0x1 _build/nrf52832_xxaa/nrf_sdh.c.o
 .bss.m_nrf_sdh_enabled
                0x0000000020006839        0x1 _build/nrf52832_xxaa/nrf_sdh.c.o
 .bss.m_nrf_sdh_suspended
                0x000000002000683a        0x1 _build/nrf52832_xxaa/nrf_sdh.c.o
 .bss.m_stack_is_enabled
                0x000000002000683b        0x1 _build/nrf52832_xxaa/nrf_sdh_ble.c.o
 .bss._global_atexit0
                0x000000002000683c       0x8c /usr/lib/gcc/arm-none-eabi/9.2.0/../../../../arm-none-eabi/lib/thumb/v7e-m+fp/hard/libc_nano.a(lib_a-__atexit.o)
 .bss._global_atexit
                0x00000000200068c8        0x4 /usr/lib/gcc/arm-none-eabi/9.2.0/../../../../arm-none-eabi/lib/thumb/v7e-m+fp/hard/libc_nano.a(lib_a-__call_atexit.o)
                0x00000000200068c8                _global_atexit
 *(COMMON)
 COMMON         0x00000000200068cc        0xc _build/nrf52832_xxaa/app_util_platform.c.o
                0x00000000200068cc                nrf_nvic_state
 COMMON         0x00000000200068d8        0x1 _build/nrf52832_xxaa/nrf_drv_uart.c.o
                0x00000000200068d8                nrf_drv_uart_use_easy_dma
 COMMON         0x00000000200068d9        0x9 /usr/lib/gcc/arm-none-eabi/9.2.0/../../../../arm-none-eabi/lib/thumb/v7e-m+fp/hard/libc_nano.a(lib_a-lock.o)
                0x00000000200068d9                __lock___atexit_recursive_mutex
                0x00000000200068da                __lock___arc4random_mutex
                0x00000000200068db                __lock___env_recursive_mutex
                0x00000000200068dc                __lock___sinit_recursive_mutex
                0x00000000200068dd                __lock___malloc_recursive_mutex
                0x00000000200068de                __lock___at_quick_exit_mutex
                0x00000000200068df                __lock___dd_hash_mutex
                0x00000000200068e0                __lock___tz_mutex
                0x00000000200068e1                __lock___sfp_recursive_mutex
                0x00000000200068e4                . = ALIGN (0x4)
 *fill*         0x00000000200068e2        0x2 
                0x00000000200068e4                __bss_end__ = .

.heap           0x00000000200068e8        0x0
                0x00000000200068e8                __HeapBase = .
                0x00000000200068e8                __end__ = .
                [!provide]                        PROVIDE (end = .)
 *(.heap*)
 .heap          0x00000000200068e8        0x0 _build/nrf52832_xxaa/gcc_startup_nrf52.S.o
                0x00000000200068e8                __HeapLimit = .

.stack_dummy    0x00000000200068e8     0x2000
 *(.stack*)
 .stack         0x00000000200068e8     0x2000 _build/nrf52832_xxaa/gcc_startup_nrf52.S.o
                0x0000000020010000                __StackTop = (ORIGIN (RAM) + LENGTH (RAM))
                0x000000002000e000                __StackLimit = (__StackTop - SIZEOF (.stack_dummy))
                0x0000000020010000                PROVIDE (__stack = __StackTop)
                0x0000000000000001                ASSERT ((__StackLimit >= __HeapLimit), region RAM overflowed with stack)
                0x00000000000016f8                DataInitFlashUsed = (__bss_start__ - __data_start__)
                0x000000000000776c                CodeFlashUsed = (__etext - ORIGIN (FLASH))
                0x0000000000008e64                TotalFlashUsed = (CodeFlashUsed + DataInitFlashUsed)
                0x0000000000000001                ASSERT ((TotalFlashUsed <= LENGTH (FLASH)), region FLASH overflowed with .data and user data)
OUTPUT(_build/nrf52832_xxaa.out elf32-littlearm)

.ARM.attributes
                0x0000000000000000       0x30
 .ARM.attributes
                0x0000000000000000       0x1e /usr/lib/gcc/arm-none-eabi/9.2.0/thumb/v7e-m+fp/hard/crti.o
 .ARM.attributes
                0x000000000000001e       0x34 /usr/lib/gcc/arm-none-eabi/9.2.0/thumb/v7e-m+fp/hard/crtbegin.o
 .ARM.attributes
                0x0000000000000052       0x1c /usr/lib/gcc/arm-none-eabi/9.2.0/../../../../arm-none-eabi/lib/thumb/v7e-m+fp/hard/crt0.o
 .ARM.attributes
                0x000000000000006e       0x34 _build/nrf52832_xxaa/main.c.o
 .ARM.attributes
                0x00000000000000a2       0x20 _build/nrf52832_xxaa/gcc_startup_nrf52.S.o
 .ARM.attributes
                0x00000000000000c2       0x34 _build/nrf52832_xxaa/system_nrf52.c.o
 .ARM.attributes
                0x00000000000000f6       0x34 _build/nrf52832_xxaa/nrf_log_backend_serial.c.o
 .ARM.attributes
                0x000000000000012a       0x34 _build/nrf52832_xxaa/nrf_log_backend_uart.c.o
 .ARM.attributes
                0x000000000000015e       0x34 _build/nrf52832_xxaa/nrf_log_default_backends.c.o
 .ARM.attributes
                0x0000000000000192       0x34 _build/nrf52832_xxaa/nrf_log_frontend.c.o
 .ARM.attributes
                0x00000000000001c6       0x34 _build/nrf52832_xxaa/nrf_log_str_formatter.c.o
 .ARM.attributes
                0x00000000000001fa       0x34 _build/nrf52832_xxaa/app_button.c.o
 .ARM.attributes
                0x000000000000022e       0x34 _build/nrf52832_xxaa/app_error.c.o
 .ARM.attributes
                0x0000000000000262       0x34 _build/nrf52832_xxaa/app_error_weak.c.o
 .ARM.attributes
                0x0000000000000296       0x34 _build/nrf52832_xxaa/app_timer.c.o
 .ARM.attributes
                0x00000000000002ca       0x34 _build/nrf52832_xxaa/app_util_platform.c.o
 .ARM.attributes
                0x00000000000002fe       0x34 _build/nrf52832_xxaa/nrf_atflags.c.o
 .ARM.attributes
                0x0000000000000332       0x34 _build/nrf52832_xxaa/nrf_atomic.c.o
 .ARM.attributes
                0x0000000000000366       0x34 _build/nrf52832_xxaa/nrf_balloc.c.o
 .ARM.attributes
                0x000000000000039a       0x34 _build/nrf52832_xxaa/nrf_fprintf.c.o
 .ARM.attributes
                0x00000000000003ce       0x34 _build/nrf52832_xxaa/nrf_fprintf_format.c.o
 .ARM.attributes
                0x0000000000000402       0x34 _build/nrf52832_xxaa/nrf_memobj.c.o
 .ARM.attributes
                0x0000000000000436       0x34 _build/nrf52832_xxaa/nrf_pwr_mgmt.c.o
 .ARM.attributes
                0x000000000000046a       0x34 _build/nrf52832_xxaa/nrf_ringbuf.c.o
 .ARM.attributes
                0x000000000000049e       0x34 _build/nrf52832_xxaa/nrf_section_iter.c.o
 .ARM.attributes
                0x00000000000004d2       0x34 _build/nrf52832_xxaa/nrf_strerror.c.o
 .ARM.attributes
                0x0000000000000506       0x34 _build/nrf52832_xxaa/boards.c.o
 .ARM.attributes
                0x000000000000053a       0x34 _build/nrf52832_xxaa/nrf_drv_clock.c.o
 .ARM.attributes
                0x000000000000056e       0x34 _build/nrf52832_xxaa/nrf_drv_uart.c.o
 .ARM.attributes
                0x00000000000005a2       0x34 _build/nrf52832_xxaa/nrfx_clock.c.o
 .ARM.attributes
                0x00000000000005d6       0x34 _build/nrf52832_xxaa/nrfx_gpiote.c.o
 .ARM.attributes
                0x000000000000060a       0x34 _build/nrf52832_xxaa/nrfx_prs.c.o
 .ARM.attributes
                0x000000000000063e       0x34 _build/nrf52832_xxaa/nrfx_uart.c.o
 .ARM.attributes
                0x0000000000000672       0x34 _build/nrf52832_xxaa/nrfx_uarte.c.o
 .ARM.attributes
                0x00000000000006a6       0x34 _build/nrf52832_xxaa/bsp.c.o
 .ARM.attributes
                0x00000000000006da       0x34 _build/nrf52832_xxaa/bsp_btn_ble.c.o
 .ARM.attributes
                0x000000000000070e       0x34 _build/nrf52832_xxaa/ble_advdata.c.o
 .ARM.attributes
                0x0000000000000742       0x34 _build/nrf52832_xxaa/ble_conn_state.c.o
 .ARM.attributes
                0x0000000000000776       0x34 _build/nrf52832_xxaa/ble_db_discovery.c.o
 .ARM.attributes
                0x00000000000007aa       0x34 _build/nrf52832_xxaa/nrf_ble_gatt.c.o
 .ARM.attributes
                0x00000000000007de       0x34 _build/nrf52832_xxaa/nrf_ble_scan.c.o
 .ARM.attributes
                0x0000000000000812       0x34 _build/nrf52832_xxaa/ble_lbs_c.c.o
 .ARM.attributes
                0x0000000000000846       0x34 _build/nrf52832_xxaa/nrf_sdh.c.o
 .ARM.attributes
                0x000000000000087a       0x34 _build/nrf52832_xxaa/nrf_sdh_ble.c.o
 .ARM.attributes
                0x00000000000008ae       0x34 _build/nrf52832_xxaa/nrf_sdh_soc.c.o
 .ARM.attributes
                0x00000000000008e2       0x34 /usr/lib/gcc/arm-none-eabi/9.2.0/../../../../arm-none-eabi/lib/thumb/v7e-m+fp/hard/libc_nano.a(lib_a-atexit.o)
 .ARM.attributes
                0x0000000000000916       0x32 /usr/lib/gcc/arm-none-eabi/9.2.0/../../../../arm-none-eabi/lib/thumb/v7e-m+fp/hard/libc_nano.a(lib_a-ctype_.o)
 .ARM.attributes
                0x0000000000000948       0x34 /usr/lib/gcc/arm-none-eabi/9.2.0/../../../../arm-none-eabi/lib/thumb/v7e-m+fp/hard/libc_nano.a(lib_a-exit.o)
 .ARM.attributes
                0x000000000000097c       0x34 /usr/lib/gcc/arm-none-eabi/9.2.0/../../../../arm-none-eabi/lib/thumb/v7e-m+fp/hard/libc_nano.a(lib_a-fini.o)
 .ARM.attributes
                0x00000000000009b0       0x32 /usr/lib/gcc/arm-none-eabi/9.2.0/../../../../arm-none-eabi/lib/thumb/v7e-m+fp/hard/libc_nano.a(lib_a-impure.o)
 .ARM.attributes
                0x00000000000009e2       0x34 /usr/lib/gcc/arm-none-eabi/9.2.0/../../../../arm-none-eabi/lib/thumb/v7e-m+fp/hard/libc_nano.a(lib_a-init.o)
 .ARM.attributes
                0x0000000000000a16       0x34 /usr/lib/gcc/arm-none-eabi/9.2.0/../../../../arm-none-eabi/lib/thumb/v7e-m+fp/hard/libc_nano.a(lib_a-memcmp.o)
 .ARM.attributes
                0x0000000000000a4a       0x34 /usr/lib/gcc/arm-none-eabi/9.2.0/../../../../arm-none-eabi/lib/thumb/v7e-m+fp/hard/libc_nano.a(lib_a-memcpy-stub.o)
 .ARM.attributes
                0x0000000000000a7e       0x34 /usr/lib/gcc/arm-none-eabi/9.2.0/../../../../arm-none-eabi/lib/thumb/v7e-m+fp/hard/libc_nano.a(lib_a-memset.o)
 .ARM.attributes
                0x0000000000000ab2       0x1c /usr/lib/gcc/arm-none-eabi/9.2.0/../../../../arm-none-eabi/lib/thumb/v7e-m+fp/hard/libc_nano.a(lib_a-strcmp.o)
 .ARM.attributes
                0x0000000000000ace       0x17 /usr/lib/gcc/arm-none-eabi/9.2.0/../../../../arm-none-eabi/lib/thumb/v7e-m+fp/hard/libc_nano.a(lib_a-strlen.o)
 .ARM.attributes
                0x0000000000000ae5       0x34 /usr/lib/gcc/arm-none-eabi/9.2.0/../../../../arm-none-eabi/lib/thumb/v7e-m+fp/hard/libc_nano.a(lib_a-__atexit.o)
 .ARM.attributes
                0x0000000000000b19       0x34 /usr/lib/gcc/arm-none-eabi/9.2.0/../../../../arm-none-eabi/lib/thumb/v7e-m+fp/hard/libc_nano.a(lib_a-__call_atexit.o)
 .ARM.attributes
                0x0000000000000b4d       0x34 /usr/lib/gcc/arm-none-eabi/9.2.0/../../../../arm-none-eabi/lib/thumb/v7e-m+fp/hard/libc_nano.a(lib_a-lock.o)
 .ARM.attributes
                0x0000000000000b81       0x34 /usr/lib/gcc/arm-none-eabi/9.2.0/../../../../arm-none-eabi/lib/thumb/v7e-m+fp/hard/libnosys.a(_exit.o)
 .ARM.attributes
                0x0000000000000bb5       0x32 /usr/lib/gcc/arm-none-eabi/9.2.0/thumb/v7e-m+fp/hard/crtend.o
 .ARM.attributes
                0x0000000000000be7       0x1e /usr/lib/gcc/arm-none-eabi/9.2.0/thumb/v7e-m+fp/hard/crtn.o

.comment        0x0000000000000000       0x1d
 .comment       0x0000000000000000       0x1d _build/nrf52832_xxaa/main.c.o
                                         0x1e (size before relaxing)
 .comment       0x000000000000001d       0x1e _build/nrf52832_xxaa/system_nrf52.c.o
 .comment       0x000000000000001d       0x1e _build/nrf52832_xxaa/nrf_log_backend_serial.c.o
 .comment       0x000000000000001d       0x1e _build/nrf52832_xxaa/nrf_log_backend_uart.c.o
 .comment       0x000000000000001d       0x1e _build/nrf52832_xxaa/nrf_log_default_backends.c.o
 .comment       0x000000000000001d       0x1e _build/nrf52832_xxaa/nrf_log_frontend.c.o
 .comment       0x000000000000001d       0x1e _build/nrf52832_xxaa/nrf_log_str_formatter.c.o
 .comment       0x000000000000001d       0x1e _build/nrf52832_xxaa/app_button.c.o
 .comment       0x000000000000001d       0x1e _build/nrf52832_xxaa/app_error.c.o
 .comment       0x000000000000001d       0x1e _build/nrf52832_xxaa/app_error_weak.c.o
 .comment       0x000000000000001d       0x1e _build/nrf52832_xxaa/app_timer.c.o
 .comment       0x000000000000001d       0x1e _build/nrf52832_xxaa/app_util_platform.c.o
 .comment       0x000000000000001d       0x1e _build/nrf52832_xxaa/nrf_atflags.c.o
 .comment       0x000000000000001d       0x1e _build/nrf52832_xxaa/nrf_atomic.c.o
 .comment       0x000000000000001d       0x1e _build/nrf52832_xxaa/nrf_balloc.c.o
 .comment       0x000000000000001d       0x1e _build/nrf52832_xxaa/nrf_fprintf.c.o
 .comment       0x000000000000001d       0x1e _build/nrf52832_xxaa/nrf_fprintf_format.c.o
 .comment       0x000000000000001d       0x1e _build/nrf52832_xxaa/nrf_memobj.c.o
 .comment       0x000000000000001d       0x1e _build/nrf52832_xxaa/nrf_pwr_mgmt.c.o
 .comment       0x000000000000001d       0x1e _build/nrf52832_xxaa/nrf_ringbuf.c.o
 .comment       0x000000000000001d       0x1e _build/nrf52832_xxaa/nrf_section_iter.c.o
 .comment       0x000000000000001d       0x1e _build/nrf52832_xxaa/nrf_strerror.c.o
 .comment       0x000000000000001d       0x1e _build/nrf52832_xxaa/boards.c.o
 .comment       0x000000000000001d       0x1e _build/nrf52832_xxaa/nrf_drv_clock.c.o
 .comment       0x000000000000001d       0x1e _build/nrf52832_xxaa/nrf_drv_uart.c.o
 .comment       0x000000000000001d       0x1e _build/nrf52832_xxaa/nrfx_clock.c.o
 .comment       0x000000000000001d       0x1e _build/nrf52832_xxaa/nrfx_gpiote.c.o
 .comment       0x000000000000001d       0x1e _build/nrf52832_xxaa/nrfx_prs.c.o
 .comment       0x000000000000001d       0x1e _build/nrf52832_xxaa/nrfx_uart.c.o
 .comment       0x000000000000001d       0x1e _build/nrf52832_xxaa/nrfx_uarte.c.o
 .comment       0x000000000000001d       0x1e _build/nrf52832_xxaa/bsp.c.o
 .comment       0x000000000000001d       0x1e _build/nrf52832_xxaa/bsp_btn_ble.c.o
 .comment       0x000000000000001d       0x1e _build/nrf52832_xxaa/ble_advdata.c.o
 .comment       0x000000000000001d       0x1e _build/nrf52832_xxaa/ble_conn_state.c.o
 .comment       0x000000000000001d       0x1e _build/nrf52832_xxaa/ble_db_discovery.c.o
 .comment       0x000000000000001d       0x1e _build/nrf52832_xxaa/nrf_ble_gatt.c.o
 .comment       0x000000000000001d       0x1e _build/nrf52832_xxaa/nrf_ble_scan.c.o
 .comment       0x000000000000001d       0x1e _build/nrf52832_xxaa/ble_lbs_c.c.o
 .comment       0x000000000000001d       0x1e _build/nrf52832_xxaa/nrf_sdh.c.o
 .comment       0x000000000000001d       0x1e _build/nrf52832_xxaa/nrf_sdh_ble.c.o
 .comment       0x000000000000001d       0x1e _build/nrf52832_xxaa/nrf_sdh_soc.c.o

.debug_info     0x0000000000000000    0x53426
 .debug_info    0x0000000000000000     0x464e _build/nrf52832_xxaa/main.c.o
 .debug_info    0x000000000000464e       0x26 _build/nrf52832_xxaa/gcc_startup_nrf52.S.o
 .debug_info    0x0000000000004674     0x1277 _build/nrf52832_xxaa/system_nrf52.c.o
 .debug_info    0x00000000000058eb     0x124c _build/nrf52832_xxaa/nrf_log_backend_serial.c.o
 .debug_info    0x0000000000006b37     0x1c9d _build/nrf52832_xxaa/nrf_log_backend_uart.c.o
 .debug_info    0x00000000000087d4      0xd9e _build/nrf52832_xxaa/nrf_log_default_backends.c.o
 .debug_info    0x0000000000009572     0x4632 _build/nrf52832_xxaa/nrf_log_frontend.c.o
 .debug_info    0x000000000000dba4     0x1431 _build/nrf52832_xxaa/nrf_log_str_formatter.c.o
 .debug_info    0x000000000000efd5     0x1045 _build/nrf52832_xxaa/app_button.c.o
 .debug_info    0x000000000001001a      0xbac _build/nrf52832_xxaa/app_error.c.o
 .debug_info    0x0000000000010bc6     0x1026 _build/nrf52832_xxaa/app_error_weak.c.o
 .debug_info    0x0000000000011bec     0x29ce _build/nrf52832_xxaa/app_timer.c.o
 .debug_info    0x00000000000145ba     0x12ef _build/nrf52832_xxaa/app_util_platform.c.o
 .debug_info    0x00000000000158a9      0xf4f _build/nrf52832_xxaa/nrf_atflags.c.o
 .debug_info    0x00000000000167f8     0x13e4 _build/nrf52832_xxaa/nrf_atomic.c.o
 .debug_info    0x0000000000017bdc      0xea4 _build/nrf52832_xxaa/nrf_balloc.c.o
 .debug_info    0x0000000000018a80      0xb51 _build/nrf52832_xxaa/nrf_fprintf.c.o
 .debug_info    0x00000000000195d1     0x1574 _build/nrf52832_xxaa/nrf_fprintf_format.c.o
 .debug_info    0x000000000001ab45     0x1609 _build/nrf52832_xxaa/nrf_memobj.c.o
 .debug_info    0x000000000001c14e     0x1e41 _build/nrf52832_xxaa/nrf_pwr_mgmt.c.o
 .debug_info    0x000000000001df8f      0xf91 _build/nrf52832_xxaa/nrf_ringbuf.c.o
 .debug_info    0x000000000001ef20      0xac1 _build/nrf52832_xxaa/nrf_section_iter.c.o
 .debug_info    0x000000000001f9e1      0xb76 _build/nrf52832_xxaa/nrf_strerror.c.o
 .debug_info    0x0000000000020557     0x172e _build/nrf52832_xxaa/boards.c.o
 .debug_info    0x0000000000021c85     0x2060 _build/nrf52832_xxaa/nrf_drv_clock.c.o
 .debug_info    0x0000000000023ce5     0x1ae7 _build/nrf52832_xxaa/nrf_drv_uart.c.o
 .debug_info    0x00000000000257cc     0x1e46 _build/nrf52832_xxaa/nrfx_clock.c.o
 .debug_info    0x0000000000027612     0x43b0 _build/nrf52832_xxaa/nrfx_gpiote.c.o
 .debug_info    0x000000000002b9c2     0x1200 _build/nrf52832_xxaa/nrfx_prs.c.o
 .debug_info    0x000000000002cbc2     0x40e4 _build/nrf52832_xxaa/nrfx_uart.c.o
 .debug_info    0x0000000000030ca6     0x3d7f _build/nrf52832_xxaa/nrfx_uarte.c.o
 .debug_info    0x0000000000034a25     0x1e8e _build/nrf52832_xxaa/bsp.c.o
 .debug_info    0x00000000000368b3     0x28b2 _build/nrf52832_xxaa/bsp_btn_ble.c.o
 .debug_info    0x0000000000039165     0x2834 _build/nrf52832_xxaa/ble_advdata.c.o
 .debug_info    0x000000000003b999     0x3751 _build/nrf52832_xxaa/ble_conn_state.c.o
 .debug_info    0x000000000003f0ea     0x3e45 _build/nrf52832_xxaa/ble_db_discovery.c.o
 .debug_info    0x0000000000042f2f     0x341b _build/nrf52832_xxaa/nrf_ble_gatt.c.o
 .debug_info    0x000000000004634a     0x3b48 _build/nrf52832_xxaa/nrf_ble_scan.c.o
 .debug_info    0x0000000000049e92     0x3143 _build/nrf52832_xxaa/ble_lbs_c.c.o
 .debug_info    0x000000000004cfd5     0x2053 _build/nrf52832_xxaa/nrf_sdh.c.o
 .debug_info    0x000000000004f028     0x3496 _build/nrf52832_xxaa/nrf_sdh_ble.c.o
 .debug_info    0x00000000000524be      0xf68 _build/nrf52832_xxaa/nrf_sdh_soc.c.o

.debug_abbrev   0x0000000000000000     0xa773
 .debug_abbrev  0x0000000000000000      0x5a6 _build/nrf52832_xxaa/main.c.o
 .debug_abbrev  0x00000000000005a6       0x14 _build/nrf52832_xxaa/gcc_startup_nrf52.S.o
 .debug_abbrev  0x00000000000005ba      0x226 _build/nrf52832_xxaa/system_nrf52.c.o
 .debug_abbrev  0x00000000000007e0      0x2cc _build/nrf52832_xxaa/nrf_log_backend_serial.c.o
 .debug_abbrev  0x0000000000000aac      0x41d _build/nrf52832_xxaa/nrf_log_backend_uart.c.o
 .debug_abbrev  0x0000000000000ec9      0x294 _build/nrf52832_xxaa/nrf_log_default_backends.c.o
 .debug_abbrev  0x000000000000115d      0x61e _build/nrf52832_xxaa/nrf_log_frontend.c.o
 .debug_abbrev  0x000000000000177b      0x320 _build/nrf52832_xxaa/nrf_log_str_formatter.c.o
 .debug_abbrev  0x0000000000001a9b      0x323 _build/nrf52832_xxaa/app_button.c.o
 .debug_abbrev  0x0000000000001dbe      0x276 _build/nrf52832_xxaa/app_error.c.o
 .debug_abbrev  0x0000000000002034      0x2e9 _build/nrf52832_xxaa/app_error_weak.c.o
 .debug_abbrev  0x000000000000231d      0x531 _build/nrf52832_xxaa/app_timer.c.o
 .debug_abbrev  0x000000000000284e      0x3df _build/nrf52832_xxaa/app_util_platform.c.o
 .debug_abbrev  0x0000000000002c2d      0x367 _build/nrf52832_xxaa/nrf_atflags.c.o
 .debug_abbrev  0x0000000000002f94      0x378 _build/nrf52832_xxaa/nrf_atomic.c.o
 .debug_abbrev  0x000000000000330c      0x34d _build/nrf52832_xxaa/nrf_balloc.c.o
 .debug_abbrev  0x0000000000003659      0x27d _build/nrf52832_xxaa/nrf_fprintf.c.o
 .debug_abbrev  0x00000000000038d6      0x3ba _build/nrf52832_xxaa/nrf_fprintf_format.c.o
 .debug_abbrev  0x0000000000003c90      0x39e _build/nrf52832_xxaa/nrf_memobj.c.o
 .debug_abbrev  0x000000000000402e      0x4ff _build/nrf52832_xxaa/nrf_pwr_mgmt.c.o
 .debug_abbrev  0x000000000000452d      0x2a1 _build/nrf52832_xxaa/nrf_ringbuf.c.o
 .debug_abbrev  0x00000000000047ce      0x206 _build/nrf52832_xxaa/nrf_section_iter.c.o
 .debug_abbrev  0x00000000000049d4      0x29c _build/nrf52832_xxaa/nrf_strerror.c.o
 .debug_abbrev  0x0000000000004c70      0x408 _build/nrf52832_xxaa/boards.c.o
 .debug_abbrev  0x0000000000005078      0x5e9 _build/nrf52832_xxaa/nrf_drv_clock.c.o
 .debug_abbrev  0x0000000000005661      0x2da _build/nrf52832_xxaa/nrf_drv_uart.c.o
 .debug_abbrev  0x000000000000593b      0x52d _build/nrf52832_xxaa/nrfx_clock.c.o
 .debug_abbrev  0x0000000000005e68      0x5d3 _build/nrf52832_xxaa/nrfx_gpiote.c.o
 .debug_abbrev  0x000000000000643b      0x362 _build/nrf52832_xxaa/nrfx_prs.c.o
 .debug_abbrev  0x000000000000679d      0x56b _build/nrf52832_xxaa/nrfx_uart.c.o
 .debug_abbrev  0x0000000000006d08      0x53e _build/nrf52832_xxaa/nrfx_uarte.c.o
 .debug_abbrev  0x0000000000007246      0x52c _build/nrf52832_xxaa/bsp.c.o
 .debug_abbrev  0x0000000000007772      0x3c6 _build/nrf52832_xxaa/bsp_btn_ble.c.o
 .debug_abbrev  0x0000000000007b38      0x49b _build/nrf52832_xxaa/ble_advdata.c.o
 .debug_abbrev  0x0000000000007fd3      0x5bb _build/nrf52832_xxaa/ble_conn_state.c.o
 .debug_abbrev  0x000000000000858e      0x60c _build/nrf52832_xxaa/ble_db_discovery.c.o
 .debug_abbrev  0x0000000000008b9a      0x4d8 _build/nrf52832_xxaa/nrf_ble_gatt.c.o
 .debug_abbrev  0x0000000000009072      0x520 _build/nrf52832_xxaa/nrf_ble_scan.c.o
 .debug_abbrev  0x0000000000009592      0x4ec _build/nrf52832_xxaa/ble_lbs_c.c.o
 .debug_abbrev  0x0000000000009a7e      0x55c _build/nrf52832_xxaa/nrf_sdh.c.o
 .debug_abbrev  0x0000000000009fda      0x4a8 _build/nrf52832_xxaa/nrf_sdh_ble.c.o
 .debug_abbrev  0x000000000000a482      0x2f1 _build/nrf52832_xxaa/nrf_sdh_soc.c.o

.debug_loc      0x0000000000000000    0x1dc11
 .debug_loc     0x0000000000000000      0xc06 _build/nrf52832_xxaa/main.c.o
 .debug_loc     0x0000000000000c06      0x186 _build/nrf52832_xxaa/nrf_log_backend_serial.c.o
 .debug_loc     0x0000000000000d8c      0x334 _build/nrf52832_xxaa/nrf_log_backend_uart.c.o
 .debug_loc     0x00000000000010c0       0x17 _build/nrf52832_xxaa/nrf_log_default_backends.c.o
 .debug_loc     0x00000000000010d7     0x4aef _build/nrf52832_xxaa/nrf_log_frontend.c.o
 .debug_loc     0x0000000000005bc6      0x486 _build/nrf52832_xxaa/nrf_log_str_formatter.c.o
 .debug_loc     0x000000000000604c      0x434 _build/nrf52832_xxaa/app_button.c.o
 .debug_loc     0x0000000000006480       0xc8 _build/nrf52832_xxaa/app_error.c.o
 .debug_loc     0x0000000000006548       0x6f _build/nrf52832_xxaa/app_error_weak.c.o
 .debug_loc     0x00000000000065b7     0x1390 _build/nrf52832_xxaa/app_timer.c.o
 .debug_loc     0x0000000000007947      0x1e9 _build/nrf52832_xxaa/app_util_platform.c.o
 .debug_loc     0x0000000000007b30      0x4e7 _build/nrf52832_xxaa/nrf_atflags.c.o
 .debug_loc     0x0000000000008017      0x587 _build/nrf52832_xxaa/nrf_atomic.c.o
 .debug_loc     0x000000000000859e      0x1c3 _build/nrf52832_xxaa/nrf_balloc.c.o
 .debug_loc     0x0000000000008761       0x54 _build/nrf52832_xxaa/nrf_fprintf.c.o
 .debug_loc     0x00000000000087b5     0x12ff _build/nrf52832_xxaa/nrf_fprintf_format.c.o
 .debug_loc     0x0000000000009ab4      0xed3 _build/nrf52832_xxaa/nrf_memobj.c.o
 .debug_loc     0x000000000000a987      0x120 _build/nrf52832_xxaa/nrf_pwr_mgmt.c.o
 .debug_loc     0x000000000000aaa7      0x68a _build/nrf52832_xxaa/nrf_ringbuf.c.o
 .debug_loc     0x000000000000b131      0x220 _build/nrf52832_xxaa/nrf_strerror.c.o
 .debug_loc     0x000000000000b351      0xd67 _build/nrf52832_xxaa/boards.c.o
 .debug_loc     0x000000000000c0b8      0x58b _build/nrf52832_xxaa/nrf_drv_clock.c.o
 .debug_loc     0x000000000000c643      0x1d6 _build/nrf52832_xxaa/nrf_drv_uart.c.o
 .debug_loc     0x000000000000c819      0x341 _build/nrf52832_xxaa/nrfx_clock.c.o
 .debug_loc     0x000000000000cb5a     0x3d1d _build/nrf52832_xxaa/nrfx_gpiote.c.o
 .debug_loc     0x0000000000010877      0x100 _build/nrf52832_xxaa/nrfx_prs.c.o
 .debug_loc     0x0000000000010977     0x1f26 _build/nrf52832_xxaa/nrfx_uart.c.o
 .debug_loc     0x000000000001289d     0x1c41 _build/nrf52832_xxaa/nrfx_uarte.c.o
 .debug_loc     0x00000000000144de      0xe04 _build/nrf52832_xxaa/bsp.c.o
 .debug_loc     0x00000000000152e2      0x2a2 _build/nrf52832_xxaa/bsp_btn_ble.c.o
 .debug_loc     0x0000000000015584     0x1ade _build/nrf52832_xxaa/ble_advdata.c.o
 .debug_loc     0x0000000000017062      0xfac _build/nrf52832_xxaa/ble_conn_state.c.o
 .debug_loc     0x000000000001800e     0x2982 _build/nrf52832_xxaa/ble_db_discovery.c.o
 .debug_loc     0x000000000001a990      0xeab _build/nrf52832_xxaa/nrf_ble_gatt.c.o
 .debug_loc     0x000000000001b83b     0x12d7 _build/nrf52832_xxaa/nrf_ble_scan.c.o
 .debug_loc     0x000000000001cb12      0x875 _build/nrf52832_xxaa/ble_lbs_c.c.o
 .debug_loc     0x000000000001d387      0x4c7 _build/nrf52832_xxaa/nrf_sdh.c.o
 .debug_loc     0x000000000001d84e      0x32c _build/nrf52832_xxaa/nrf_sdh_ble.c.o
 .debug_loc     0x000000000001db7a       0x97 _build/nrf52832_xxaa/nrf_sdh_soc.c.o

.debug_aranges  0x0000000000000000      0xe80
 .debug_aranges
                0x0000000000000000       0x68 _build/nrf52832_xxaa/main.c.o
 .debug_aranges
                0x0000000000000068       0x20 _build/nrf52832_xxaa/gcc_startup_nrf52.S.o
 .debug_aranges
                0x0000000000000088       0x28 _build/nrf52832_xxaa/system_nrf52.c.o
 .debug_aranges
                0x00000000000000b0       0x20 _build/nrf52832_xxaa/nrf_log_backend_serial.c.o
 .debug_aranges
                0x00000000000000d0       0x48 _build/nrf52832_xxaa/nrf_log_backend_uart.c.o
 .debug_aranges
                0x0000000000000118       0x20 _build/nrf52832_xxaa/nrf_log_default_backends.c.o
 .debug_aranges
                0x0000000000000138       0xb8 _build/nrf52832_xxaa/nrf_log_frontend.c.o
 .debug_aranges
                0x00000000000001f0       0x38 _build/nrf52832_xxaa/nrf_log_str_formatter.c.o
 .debug_aranges
                0x0000000000000228       0x48 _build/nrf52832_xxaa/app_button.c.o
 .debug_aranges
                0x0000000000000270       0x28 _build/nrf52832_xxaa/app_error.c.o
 .debug_aranges
                0x0000000000000298       0x20 _build/nrf52832_xxaa/app_error_weak.c.o
 .debug_aranges
                0x00000000000002b8       0x70 _build/nrf52832_xxaa/app_timer.c.o
 .debug_aranges
                0x0000000000000328       0x48 _build/nrf52832_xxaa/app_util_platform.c.o
 .debug_aranges
                0x0000000000000370       0x58 _build/nrf52832_xxaa/nrf_atflags.c.o
 .debug_aranges
                0x00000000000003c8       0xb0 _build/nrf52832_xxaa/nrf_atomic.c.o
 .debug_aranges
                0x0000000000000478       0x30 _build/nrf52832_xxaa/nrf_balloc.c.o
 .debug_aranges
                0x00000000000004a8       0x28 _build/nrf52832_xxaa/nrf_fprintf.c.o
 .debug_aranges
                0x00000000000004d0       0x28 _build/nrf52832_xxaa/nrf_fprintf_format.c.o
 .debug_aranges
                0x00000000000004f8       0x50 _build/nrf52832_xxaa/nrf_memobj.c.o
 .debug_aranges
                0x0000000000000548       0x48 _build/nrf52832_xxaa/nrf_pwr_mgmt.c.o
 .debug_aranges
                0x0000000000000590       0x50 _build/nrf52832_xxaa/nrf_ringbuf.c.o
 .debug_aranges
                0x00000000000005e0       0x28 _build/nrf52832_xxaa/nrf_section_iter.c.o
 .debug_aranges
                0x0000000000000608       0x28 _build/nrf52832_xxaa/nrf_strerror.c.o
 .debug_aranges
                0x0000000000000630       0x78 _build/nrf52832_xxaa/boards.c.o
 .debug_aranges
                0x00000000000006a8       0xa8 _build/nrf52832_xxaa/nrf_drv_clock.c.o
 .debug_aranges
                0x0000000000000750       0x30 _build/nrf52832_xxaa/nrf_drv_uart.c.o
 .debug_aranges
                0x0000000000000780       0x78 _build/nrf52832_xxaa/nrfx_clock.c.o
 .debug_aranges
                0x00000000000007f8       0xd8 _build/nrf52832_xxaa/nrfx_gpiote.c.o
 .debug_aranges
                0x00000000000008d0       0x30 _build/nrf52832_xxaa/nrfx_prs.c.o
 .debug_aranges
                0x0000000000000900       0x78 _build/nrf52832_xxaa/nrfx_uart.c.o
 .debug_aranges
                0x0000000000000978       0x68 _build/nrf52832_xxaa/nrfx_uarte.c.o
 .debug_aranges
                0x00000000000009e0       0x80 _build/nrf52832_xxaa/bsp.c.o
 .debug_aranges
                0x0000000000000a60       0x30 _build/nrf52832_xxaa/bsp_btn_ble.c.o
 .debug_aranges
                0x0000000000000a90       0x78 _build/nrf52832_xxaa/ble_advdata.c.o
 .debug_aranges
                0x0000000000000b08       0xc0 _build/nrf52832_xxaa/ble_conn_state.c.o
 .debug_aranges
                0x0000000000000bc8       0x70 _build/nrf52832_xxaa/ble_db_discovery.c.o
 .debug_aranges
                0x0000000000000c38       0x70 _build/nrf52832_xxaa/nrf_ble_gatt.c.o
 .debug_aranges
                0x0000000000000ca8       0x90 _build/nrf52832_xxaa/nrf_ble_scan.c.o
 .debug_aranges
                0x0000000000000d38       0x60 _build/nrf52832_xxaa/ble_lbs_c.c.o
 .debug_aranges
                0x0000000000000d98       0x70 _build/nrf52832_xxaa/nrf_sdh.c.o
 .debug_aranges
                0x0000000000000e08       0x50 _build/nrf52832_xxaa/nrf_sdh_ble.c.o
 .debug_aranges
                0x0000000000000e58       0x28 _build/nrf52832_xxaa/nrf_sdh_soc.c.o

.debug_ranges   0x0000000000000000     0x7a80
 .debug_ranges  0x0000000000000000      0x400 _build/nrf52832_xxaa/main.c.o
 .debug_ranges  0x0000000000000400      0x208 _build/nrf52832_xxaa/system_nrf52.c.o
 .debug_ranges  0x0000000000000608       0x28 _build/nrf52832_xxaa/nrf_log_backend_serial.c.o
 .debug_ranges  0x0000000000000630      0x110 _build/nrf52832_xxaa/nrf_log_backend_uart.c.o
 .debug_ranges  0x0000000000000740       0x10 _build/nrf52832_xxaa/nrf_log_default_backends.c.o
 .debug_ranges  0x0000000000000750      0xcb0 _build/nrf52832_xxaa/nrf_log_frontend.c.o
 .debug_ranges  0x0000000000001400       0xa8 _build/nrf52832_xxaa/nrf_log_str_formatter.c.o
 .debug_ranges  0x00000000000014a8       0x90 _build/nrf52832_xxaa/app_button.c.o
 .debug_ranges  0x0000000000001538       0x18 _build/nrf52832_xxaa/app_error.c.o
 .debug_ranges  0x0000000000001550       0x28 _build/nrf52832_xxaa/app_error_weak.c.o
 .debug_ranges  0x0000000000001578      0x748 _build/nrf52832_xxaa/app_timer.c.o
 .debug_ranges  0x0000000000001cc0      0x100 _build/nrf52832_xxaa/app_util_platform.c.o
 .debug_ranges  0x0000000000001dc0      0x188 _build/nrf52832_xxaa/nrf_atflags.c.o
 .debug_ranges  0x0000000000001f48      0x228 _build/nrf52832_xxaa/nrf_atomic.c.o
 .debug_ranges  0x0000000000002170       0x78 _build/nrf52832_xxaa/nrf_balloc.c.o
 .debug_ranges  0x00000000000021e8       0x18 _build/nrf52832_xxaa/nrf_fprintf.c.o
 .debug_ranges  0x0000000000002200      0x3c8 _build/nrf52832_xxaa/nrf_fprintf_format.c.o